Component: ARM Compiler 5.06 update 7 (build 960) Tool: armlink [4d3601]

==============================================================================

Section Cross References

    clock.o(i.SystemClock_Config) refers to rt_memclr_w.o(.text) for __aeabi_memclr4
    clock.o(i.SystemClock_Config) refers to stm32f4xx_hal_rcc.o(i.HAL_RCC_OscConfig) for HAL_RCC_OscConfig
    clock.o(i.SystemClock_Config) refers to clock.o(i._Error_Handler) for _Error_Handler
    clock.o(i.SystemClock_Config) refers to stm32f4xx_hal_rcc.o(i.HAL_RCC_ClockConfig) for HAL_RCC_ClockConfig
    clock.o(i.SystemClock_Config) refers to stm32f4xx_hal_rcc.o(i.HAL_RCC_GetHCLKFreq) for HAL_RCC_GetHCLKFreq
    clock.o(i.SystemClock_Config) refers to stm32f4xx_hal_cortex.o(i.HAL_SYSTICK_Config) for HAL_SYSTICK_Config
    clock.o(i.SystemClock_Config) refers to stm32f4xx_hal_cortex.o(i.HAL_SYSTICK_CLKSourceConfig) for HAL_SYSTICK_CLKSourceConfig
    clock.o(i.SystemClock_Config) refers to stm32f4xx_hal_cortex.o(i.HAL_NVIC_SetPriority) for HAL_NVIC_SetPriority
    main.o(i.disturbed_thread) refers to rt_cmsis.o(i.osSignalWait) for osSignalWait
    main.o(i.disturbed_thread) refers to rt_cmsis.o(i.osDelay) for osDelay
    main.o(i.disturbed_thread) refers to rt_cmsis.o(i.osSignalSet) for osSignalSet
    main.o(i.disturbed_thread) refers to main.o(.data) for tim
    main.o(i.filtered_thread) refers to rt_cmsis.o(i.osSignalWait) for osSignalWait
    main.o(i.filtered_thread) refers to rt_cmsis.o(i.osDelay) for osDelay
    main.o(i.filtered_thread) refers to lowpass_fltr.o(i.low_pass_filter) for low_pass_filter
    main.o(i.filtered_thread) refers to rt_cmsis.o(i.osSignalSet) for osSignalSet
    main.o(i.filtered_thread) refers to main.o(.data) for tim
    main.o(i.main) refers to stm32f4xx_hal.o(i.HAL_Init) for HAL_Init
    main.o(i.main) refers to clock.o(i.SystemClock_Config) for SystemClock_Config
    main.o(i.main) refers to stm32f4xx_hal_rcc.o(i.HAL_RCC_GetHCLKFreq) for HAL_RCC_GetHCLKFreq
    main.o(i.main) refers to sine_generator.o(i.sine_generator_init_q15) for sine_generator_init_q15
    main.o(i.main) refers to lowpass_fltr.o(i.low_pass_filter_init) for low_pass_filter_init
    main.o(i.main) refers to rt_cmsis.o(i.osThreadCreate) for osThreadCreate
    main.o(i.main) refers to main.o(.data) for freq
    main.o(i.main) refers to main.o(.bss) for Signal_set
    main.o(i.main) refers to main.o(.constdata) for os_thread_def_sine_thread
    main.o(i.noise_thread) refers to rt_cmsis.o(i.osSignalWait) for osSignalWait
    main.o(i.noise_thread) refers to rt_cmsis.o(i.osDelay) for osDelay
    main.o(i.noise_thread) refers to sine_generator.o(i.sine_calc_sample_q15) for sine_calc_sample_q15
    main.o(i.noise_thread) refers to rt_cmsis.o(i.osSignalSet) for osSignalSet
    main.o(i.noise_thread) refers to main.o(.data) for tim
    main.o(i.noise_thread) refers to main.o(.bss) for Noise_set
    main.o(i.sine_thread) refers to rt_cmsis.o(i.osSignalWait) for osSignalWait
    main.o(i.sine_thread) refers to rt_cmsis.o(i.osDelay) for osDelay
    main.o(i.sine_thread) refers to sine_generator.o(i.sine_calc_sample_q15) for sine_calc_sample_q15
    main.o(i.sine_thread) refers to rt_cmsis.o(i.osSignalSet) for osSignalSet
    main.o(i.sine_thread) refers to main.o(.data) for tim
    main.o(i.sine_thread) refers to main.o(.bss) for Signal_set
    main.o(i.sync_thread) refers to rt_cmsis.o(i.osDelay) for osDelay
    main.o(i.sync_thread) refers to rt_cmsis.o(i.osSignalWait) for osSignalWait
    main.o(i.sync_thread) refers to rt_cmsis.o(i.osSignalSet) for osSignalSet
    main.o(i.sync_thread) refers to main.o(.data) for tim
    main.o(.constdata) refers to main.o(i.sine_thread) for sine_thread
    main.o(.constdata) refers to main.o(i.noise_thread) for noise_thread
    main.o(.constdata) refers to main.o(i.disturbed_thread) for disturbed_thread
    main.o(.constdata) refers to main.o(i.filtered_thread) for filtered_thread
    main.o(.constdata) refers to main.o(i.sync_thread) for sync_thread
    lowpass_fltr.o(i.low_pass_filter) refers to filteringfunctions.o(i.arm_fir_q15) for arm_fir_q15
    lowpass_fltr.o(i.low_pass_filter) refers to lowpass_fltr.o(.bss) for low_pass_filter_set
    lowpass_fltr.o(i.low_pass_filter_init) refers to filteringfunctions.o(i.arm_fir_init_q15) for arm_fir_init_q15
    lowpass_fltr.o(i.low_pass_filter_init) refers to lowpass_fltr.o(.bss) for low_pass_filter_state
    lowpass_fltr.o(i.low_pass_filter_init) refers to lowpass_fltr.o(.data) for low_pass_filter_coeff
    sine_generator.o(i.sine_calc_sample_q15) refers to filteringfunctions.o(i.arm_biquad_cascade_df1_q15) for arm_biquad_cascade_df1_q15
    sine_generator.o(i.sine_generator_init_q15) refers to fastmathfunctions.o(i.arm_sin_f32) for arm_sin_f32
    sine_generator.o(i.sine_generator_init_q15) refers to supportfunctions.o(i.arm_float_to_q15) for arm_float_to_q15
[...]
    i.sysTimerTick                           0x08002d18   Section        0  rt_cmsis.o(i.sysTimerTick)
    x$fpl$fpinit                             0x08002d74   Section       10  fpinit.o(x$fpl$fpinit)
    $v0                                      0x08002d74   Number         0  fpinit.o(x$fpl$fpinit)
    .constdata                               0x08002d80   Section       80  main.o(.constdata)
    .constdata                               0x08002dd0   Section    920372  commontables.o(.constdata)
    .constdata                               0x080e3904   Section      104  rtx_conf_cm.o(.constdata)
    __tagsym$$used                           0x080e3920   Number         0  rtx_conf_cm.o(.constdata)
    __tagsym$$used                           0x080e3924   Number         0  rtx_conf_cm.o(.constdata)
    __tagsym$$used                           0x080e3928   Number         0  rtx_conf_cm.o(.constdata)
    __tagsym$$used                           0x080e392c   Number         0  rtx_conf_cm.o(.constdata)
    .constdata                               0x080e396c   Section       24  system_stm32f4xx.o(.constdata)
    .data                                    0x20000000   Section       36  main.o(.data)
    .data                                    0x20000024   Section       64  lowpass_fltr.o(.data)
    .data                                    0x20000064   Section       20  rtx_conf_cm.o(.data)
    nr_mutex                                 0x20000074   Data           4  rtx_conf_cm.o(.data)
    .data                                    0x20000078   Section        9  stm32f4xx_hal.o(.data)
    .data                                    0x20000084   Section        4  system_stm32f4xx.o(.data)
    .data                                    0x20000088   Section        8  rt_cmsis.o(.data)
    .data                                    0x20000090   Section        8  rt_task.o(.data)
    .data                                    0x20000098   Section        8  rt_system.o(.data)
    os_lock                                  0x20000098   Data           1  rt_system.o(.data)
    os_psh_flag                              0x20000099   Data           1  rt_system.o(.data)
    pend_flags                               0x2000009a   Data           1  rt_system.o(.data)
    .data                                    0x200000a0   Section        4  rt_time.o(.data)
    .data                                    0x200000a4   Section        8  rt_robin.o(.data)
    .data                                    0x200000ac   Section        1  hal_cm.o(.data)
    .bss                                     0x200000b0   Section       72  main.o(.bss)
    .bss                                     0x200000f8   Section       80  lowpass_fltr.o(.bss)
    .bss                                     0x20000148   Section     3016  rtx_conf_cm.o(.bss)
    std_libspace                             0x200009f0   Data         672  rtx_conf_cm.o(.bss)
    std_libmutex                             0x20000c90   Data         128  rtx_conf_cm.o(.bss)
    .bss                                     0x20000d10   Section       52  rt_task.o(.bss)
    .bss                                     0x20000d44   Section       48  rt_list.o(.bss)
    .bss                                     0x20000d74   Section       96  libspace.o(.bss)
    HEAP                                     0x20000dd8   Section      512  startup_stm32f407xx.o(HEAP)
    Heap_Mem                                 0x20000dd8   Data         512  startup_stm32f407xx.o(HEAP)
    STACK                                    0x20000fd8   Section     1024  startup_stm32f407xx.o(STACK)
    Stack_Mem                                0x20000fd8   Data        1024  startup_stm32f407xx.o(STACK)
    __initial_sp                             0x200013d8   Data           0  startup_stm32f407xx.o(STACK)

    Global Symbols

    Symbol Name                              Value     Ov Type        Size  Object(Section)

    BuildAttributes$$THM_ISAv4$E$P$D$K$B$S$7EM$VFPi3$EXTD16$VFPS$VFMA$PE$A:L22UL41UL21$X:L11$S22US41US21$IEEE1$IW$USESV6$~STKCKD$USESV7$~SHL$OTIME$ROPI$IEEEX$EBA8$UX$STANDARDLIB$REQ8$PRES8$EABIv2 0x00000000   Number         0  anon$$obj.o ABSOLUTE
    __ARM_use_no_argv                        0x00000000   Number         0  main.o ABSOLUTE
    __ARM_exceptions_init                     - Undefined Weak Reference
    __alloca_initialize                       - Undefined Weak Reference
    __arm_fini_                               - Undefined Weak Reference
    __arm_preinit_                            - Undefined Weak Reference
    __cpp_initialize__aeabi_                  - Undefined Weak Reference
    __cxa_finalize                            - Undefined Weak Reference
    __rt_locale                               - Undefined Weak Reference
    __sigvec_lookup                           - Undefined Weak Reference
    _atexit_init                              - Undefined Weak Reference
    _call_atexit_fns                          - Undefined Weak Reference
    _clock_init                               - Undefined Weak Reference
    _fp_trap_init                             - Undefined Weak Reference
    _fp_trap_shutdown                         - Undefined Weak Reference
    _get_lc_collate                           - Undefined Weak Reference
    _get_lc_ctype                             - Undefined Weak Reference
    _get_lc_monetary                          - Undefined Weak Reference
    _get_lc_numeric                           - Undefined Weak Reference
    _get_lc_time                              - Undefined Weak Reference
    _getenv_init                              - Undefined Weak Reference
    _handle_redirection                       - Undefined Weak Reference
    _init_alloc                               - Undefined Weak Reference
    _init_user_alloc                          - Undefined Weak Reference
    _initio                                   - Undefined Weak Reference
    _rand_init                                - Undefined Weak Reference
    _signal_finish                            - Undefined Weak Reference
    _signal_init                              - Undefined Weak Reference
    _terminate_alloc                          - Undefined Weak Reference
    _terminate_user_alloc                     - Undefined Weak Reference
    _terminateio                              - Undefined Weak Reference
    __Vectors_Size                           0x00000188   Number         0  startup_stm32f407xx.o ABSOLUTE
    __RL_RTX_VER                             0x00000482   Number         0  rt_system.o ABSOLUTE
    __Vectors                                0x08000000   Data           4  startup_stm32f407xx.o(RESET)
    __Vectors_End                            0x08000188   Data           0  startup_stm32f407xx.o(RESET)
    __main                                   0x08000189   Thumb Code     8  __main.o(!!!main)
    __scatterload                            0x08000191   Thumb Code     0  __scatter.o(!!!scatter)
    __scatterload_rt2                        0x08000191   Thumb Code    44  __scatter.o(!!!scatter)
    __scatterload_rt2_thumb_only             0x08000191   Thumb Code     0  __scatter.o(!!!scatter)
    __scatterload_null                       0x0800019f   Thumb Code     0  __scatter.o(!!!scatter)
    __scatterload_copy                       0x080001c5   Thumb Code    26  __scatter_copy.o(!!handler_copy)
    __scatterload_zeroinit                   0x080001e1   Thumb Code    28  __scatter_zi.o(!!handler_zi)
    __rt_lib_init                            0x080001fd   Thumb Code     0  libinit.o(.ARM.Collect$$libinit$$00000000)
    __rt_lib_init_fp_1                       0x080001ff   Thumb Code     0  libinit2.o(.ARM.Collect$$libinit$$00000001)
    __rt_lib_init_alloca_1                   0x08000203   Thumb Code     0  libinit2.o(.ARM.Collect$$libinit$$0000002E)
    __rt_lib_init_argv_1                     0x08000203   Thumb Code     0  libinit2.o(.ARM.Collect$$libinit$$0000002C)
    __rt_lib_init_atexit_1                   0x08000203   Thumb Code     0  libinit2.o(.ARM.Collect$$libinit$$0000001B)
    __rt_lib_init_clock_1                    0x08000203   Thumb Code     0  libinit2.o(.ARM.Collect$$libinit$$00000021)
    __rt_lib_init_cpp_1                      0x08000203   Thumb Code     0  libinit2.o(.ARM.Collect$$libinit$$00000032)
    __rt_lib_init_exceptions_1               0x08000203   Thumb Code     0  libinit2.o(.ARM.Collect$$libinit$$00000030)
    __rt_lib_init_fp_trap_1                  0x08000203   Thumb Code     0  libinit2.o(.ARM.Collect$$libinit$$0000001F)
    __rt_lib_init_getenv_1                   0x08000203   Thumb Code     0  libinit2.o(.ARM.Collect$$libinit$$00000023)
    __rt_lib_init_heap_1                     0x08000203   Thumb Code     0  libinit2.o(.ARM.Collect$$libinit$$0000000A)
    __rt_lib_init_lc_collate_1               0x08000203   Thumb Code     0  libinit2.o(.ARM.Collect$$libinit$$00000011)
    __rt_lib_init_lc_ctype_1                 0x08000203   Thumb Code     0  libinit2.o(.ARM.Collect$$libinit$$00000013)
    __rt_lib_init_lc_monetary_1              0x08000203   Thumb Code     0  libinit2.o(.ARM.Collect$$libinit$$00000015)
    __rt_lib_init_lc_numeric_1               0x08000203   Thumb Code     0  libinit2.o(.ARM.Collect$$libinit$$00000017)
    __rt_lib_init_lc_time_1                  0x08000203   Thumb Code     0  libinit2.o(.ARM.Collect$$libinit$$00000019)
    __rt_lib_init_preinit_1                  0x08000203   Thumb Code     0  libinit2.o(.ARM.Collect$$libinit$$00000004)
    __rt_lib_init_rand_1                     0x08000203   Thumb Code     0  libinit2.o(.ARM.Collect$$libinit$$0000000E)
    __rt_lib_init_return                     0x08000203   Thumb Code     0  libinit2.o(.ARM.Collect$$libinit$$00000033)
    __rt_lib_init_signal_1                   0x08000203   Thumb Code     0  libinit2.o(.ARM.Collect$$libinit$$0000001D)
    __rt_lib_init_stdio_1                    0x08000203   Thumb Code     0  libinit2.o(.ARM.Collect$$libinit$$00000025)
    __rt_lib_init_user_alloc_1               0x08000203   Thumb Code     0  libinit2.o(.ARM.Collect$$libinit$$0000000C)
    __rt_lib_shutdown                        0x08000205   Thumb Code     0  libshutdown.o(.ARM.Collect$$libshutdown$$00000000)
    __rt_lib_shutdown_cpp_1                  0x08000207   Thumb Code     0  libshutdown2.o(.ARM.Collect$$libshutdown$$00000004)
    __rt_lib_shutdown_fini_1                 0x08000207   Thumb Code     0  libshutdown2.o(.ARM.Collect$$libshutdown$$00000002)
    __rt_lib_shutdown_fp_trap_1              0x08000207   Thumb Code     0  libshutdown2.o(.ARM.Collect$$libshutdown$$00000009)
    __rt_lib_shutdown_heap_1                 0x08000207   Thumb Code     0  libshutdown2.o(.ARM.Collect$$libshutdown$$00000011)
    __rt_lib_shutdown_return                 0x08000207   Thumb Code     0  libshutdown2.o(.ARM.Collect$$libshutdown$$00000012)
    __rt_lib_shutdown_signal_1               0x08000207   Thumb Code     0  libshutdown2.o(.ARM.Collect$$libshutdown$$0000000C)
    __rt_lib_shutdown_stdio_1                0x08000207   Thumb Code     0  libshutdown2.o(.ARM.Collect$$libshutdown$$00000006)
    __rt_lib_shutdown_user_alloc_1           0x08000207   Thumb Code     0  libshutdown2.o(.ARM.Collect$$libshutdown$$0000000E)
    __rt_entry                               0x08000209   Thumb Code     0  __rtentry.o(.ARM.Collect$$rtentry$$00000000)
    __rt_entry_presh_1                       0x08000209   Thumb Code     0  __rtentry2.o(.ARM.Collect$$rtentry$$00000002)
    __rt_entry_sh                            0x08000209   Thumb Code     0  __rtentry4.o(.ARM.Collect$$rtentry$$00000004)
    __rt_entry_li                            0x0800020f   Thumb Code     0  __rtentry2.o(.ARM.Collect$$rtentry$$0000000A)
    __rt_entry_postsh_1                      0x0800020f   Thumb Code     0  __rtentry2.o(.ARM.Collect$$rtentry$$00000009)
    __rt_entry_postli_1                      0x08000213   Thumb Code     0  __rtentry2.o(.ARM.Collect$$rtentry$$0000000B)
    __rt_entry_main                          0x0800021b   Thumb Code     0  __rtentry2.o(.ARM.Collect$$rtentry$$0000000D)
    __rt_exit                                0x08000223   Thumb Code     0  rtexit.o(.ARM.Collect$$rtexit$$00000000)
    __rt_exit_ls                             0x08000225   Thumb Code     0  rtexit2.o(.ARM.Collect$$rtexit$$00000003)
    __rt_exit_prels_1                        0x08000225   Thumb Code     0  rtexit2.o(.ARM.Collect$$rtexit$$00000002)
    __rt_exit_exit                           0x08000229   Thumb Code     0  rtexit2.o(.ARM.Collect$$rtexit$$00000004)
    _platform_post_lib_init                  0x08000231   Thumb Code    24  rtx_conf_cm.o(.emb_text)
    rt_set_PSP                               0x0800024d   Thumb Code     6  hal_cm4.o(.emb_text)
    rt_get_PSP                               0x08000253   Thumb Code     6  hal_cm4.o(.emb_text)
    os_set_env                               0x08000259   Thumb Code    24  hal_cm4.o(.emb_text)
    _alloc_box                               0x08000275   Thumb Code    28  hal_cm4.o(.emb_text)
    _free_box                                0x08000295   Thumb Code    28  hal_cm4.o(.emb_text)
    SVC_Handler                              0x080002b5   Thumb Code   168  hal_cm4.o(.emb_text)
    PendSV_Handler                           0x0800036d   Thumb Code    96  hal_cm4.o(.emb_text)
    SysTick_Handler                          0x080003d1   Thumb Code     8  hal_cm4.o(.emb_text)
    OS_Tick_Handler                          0x080003d9   Thumb Code    12  hal_cm4.o(.emb_text)
    Reset_Handler                            0x080003e5   Thumb Code     8  startup_stm32f407xx.o(.text)
    NMI_Handler                              0x080003ed   Thumb Code     2  startup_stm32f407xx.o(.text)
    HardFault_Handler                        0x080003ef   Thumb Code     2  startup_stm32f407xx.o(.text)
    MemManage_Handler                        0x080003f1   Thumb Code     2  startup_stm32f407xx.o(.text)
    BusFault_Handler                         0x080003f3   Thumb Code     2  startup_stm32f407xx.o(.text)
    UsageFault_Handler                       0x080003f5   Thumb Code     2  startup_stm32f407xx.o(.text)
    DebugMon_Handler                         0x080003f9   Thumb Code     2  startup_stm32f407xx.o(.text)
    ADC_IRQHandler                           0x080003ff   Thumb Code     0  startup_stm32f407xx.o(.text)
    CAN1_RX0_IRQHandler                      0x080003ff   Thumb Code     0  startup_stm32f407xx.o(.text)
    CAN1_RX1_IRQHandler                      0x080003ff   Thumb Code     0  startup_stm32f407xx.o(.text)
    CAN1_SCE_IRQHandler                      0x080003ff   Thumb Code     0  startup_stm32f407xx.o(.text)
    CAN1_TX_IRQHandler                       0x080003ff   Thumb Code     0  startup_stm32f407xx.o(.text)
    CAN2_RX0_IRQHandler                      0x080003ff   Thumb Code     0  startup_stm32f407xx.o(.text)
    CAN2_RX1_IRQHandler                      0x080003ff   Thumb Code     0  startup_stm32f407xx.o(.text)
    CAN2_SCE_IRQHandler                      0x080003ff   Thumb Code     0  startup_stm32f407xx.o(.text)
    CAN2_TX_IRQHandler                       0x080003ff   Thumb Code     0  startup_stm32f407xx.o(.text)
    DCMI_IRQHandler                          0x080003ff   Thumb Code     0  startup_stm32f407xx.o(.text)
    DMA1_Stream0_IRQHandler                  0x080003ff   Thumb Code     0  startup_stm32f407xx.o(.text)
    DMA1_Stream1_IRQHandler                  0x080003ff   Thumb Code     0  startup_stm32f407xx.o(.text)
    DMA1_Stream2_IRQHandler                  0x080003ff   Thumb Code     0  startup_stm32f407xx.o(.text)
    DMA1_Stream3_IRQHandler                  0x080003ff   Thumb Code     0  startup_stm32f407xx.o(.text)
    DMA1_Stream4_IRQHandler                  0x080003ff   Thumb Code     0  startup_stm32f407xx.o(.text)
    DMA1_Stream5_IRQHandler                  0x080003ff   Thumb Code     0  startup_stm32f407xx.o(.text)
    DMA1_Stream6_IRQHandler                  0x080003ff   Thumb Code     0  startup_stm32f407xx.o(.text)
    DMA1_Stream7_IRQHandler                  0x080003ff   Thumb Code     0  startup_stm32f407xx.o(.text)
    DMA2_Stream0_IRQHandler                  0x080003ff   Thumb Code     0  startup_stm32f407xx.o(.text)
    DMA2_Stream1_IRQHandler                  0x080003ff   Thumb Code     0  startup_stm32f407xx.o(.text)
    DMA2_Stream2_IRQHandler                  0x080003ff   Thumb Code     0  startup_stm32f407xx.o(.text)
    DMA2_Stream3_IRQHandler                  0x080003ff   Thumb Code     0  startup_stm32f407xx.o(.text)
    DMA2_Stream4_IRQHandler                  0x080003ff   Thumb Code     0  startup_stm32f407xx.o(.text)
    DMA2_Stream5_IRQHandler                  0x080003ff   Thumb Code     0  startup_stm32f407xx.o(.text)
    DMA2_Stream6_IRQHandler                  0x080003ff   Thumb Code     0  startup_stm32f407xx.o(.text)
    DMA2_Stream7_IRQHandler                  0x080003ff   Thumb Code     0  startup_stm32f407xx.o(.text)
    ETH_IRQHandler                           0x080003ff   Thumb Code     0  startup_stm32f407xx.o(.text)
    ETH_WKUP_IRQHandler                      0x080003ff   Thumb Code     0  startup_stm32f407xx.o(.text)
    EXTI0_IRQHandler                         0x080003ff   Thumb Code     0  startup_stm32f407xx.o(.text)
    EXTI15_10_IRQHandler                     0x080003ff   Thumb Code     0  startup_stm32f407xx.o(.text)
    EXTI1_IRQHandler                         0x080003ff   Thumb Code     0  startup_stm32f407xx.o(.text)
    EXTI2_IRQHandler                         0x080003ff   Thumb Code     0  startup_stm32f407xx.o(.text)
    EXTI3_IRQHandler                         0x080003ff   Thumb Code     0  startup_stm32f407xx.o(.text)
    EXTI4_IRQHandler                         0x080003ff   Thumb Code     0  startup_stm32f407xx.o(.text)
    EXTI9_5_IRQHandler                       0x080003ff   Thumb Code     0  startup_stm32f407xx.o(.text)
    FLASH_IRQHandler                         0x080003ff   Thumb Code     0  startup_stm32f407xx.o(.text)
    FMC_IRQHandler                           0x080003ff   Thumb Code     0  startup_stm32f407xx.o(.text)
    FPU_IRQHandler                           0x080003ff   Thumb Code     0  startup_stm32f407xx.o(.text)
    HASH_RNG_IRQHandler                      0x080003ff   Thumb Code     0  startup_stm32f407xx.o(.text)
    I2C1_ER_IRQHandler                       0x080003ff   Thumb Code     0  startup_stm32f407xx.o(.text)
    I2C1_EV_IRQHandler                       0x080003ff   Thumb Code     0  startup_stm32f407xx.o(.text)
    I2C2_ER_IRQHandler                       0x080003ff   Thumb Code     0  startup_stm32f407xx.o(.text)
    I2C2_EV_IRQHandler                       0x080003ff   Thumb Code     0  startup_stm32f407xx.o(.text)
    I2C3_ER_IRQHandler                       0x080003ff   Thumb Code     0  startup_stm32f407xx.o(.text)
    I2C3_EV_IRQHandler                       0x080003ff   Thumb Code     0  startup_stm32f407xx.o(.text)
    OTG_FS_IRQHandler                        0x080003ff   Thumb Code     0  startup_stm32f407xx.o(.text)
    OTG_FS_WKUP_IRQHandler                   0x080003ff   Thumb Code     0  startup_stm32f407xx.o(.text)
    OTG_HS_EP1_IN_IRQHandler                 0x080003ff   Thumb Code     0  startup_stm32f407xx.o(.text)
    OTG_HS_EP1_OUT_IRQHandler                0x080003ff   Thumb Code     0  startup_stm32f407xx.o(.text)
    OTG_HS_IRQHandler                        0x080003ff   Thumb Code     0  startup_stm32f407xx.o(.text)
    OTG_HS_WKUP_IRQHandler                   0x080003ff   Thumb Code     0  startup_stm32f407xx.o(.text)
    PVD_IRQHandler                           0x080003ff   Thumb Code     0  startup_stm32f407xx.o(.text)
    RCC_IRQHandler                           0x080003ff   Thumb Code     0  startup_stm32f407xx.o(.text)
    RTC_Alarm_IRQHandler                     0x080003ff   Thumb Code     0  startup_stm32f407xx.o(.text)
    RTC_WKUP_IRQHandler                      0x080003ff   Thumb Code     0  startup_stm32f407xx.o(.text)
    SDIO_IRQHandler                          0x080003ff   Thumb Code     0  startup_stm32f407xx.o(.text)
    SPI1_IRQHandler                          0x080003ff   Thumb Code     0  startup_stm32f407xx.o(.text)
    SPI2_IRQHandler                          0x080003ff   Thumb Code     0  startup_stm32f407xx.o(.text)
    SPI3_IRQHandler                          0x080003ff   Thumb Code     0  startup_stm32f407xx.o(.text)
    TAMP_STAMP_IRQHandler                    0x080003ff   Thumb Code     0  startup_stm32f407xx.o(.text)
    TIM1_BRK_TIM9_IRQHandler                 0x080003ff   Thumb Code     0  startup_stm32f407xx.o(.text)
    TIM1_CC_IRQHandler                       0x080003ff   Thumb Code     0  startup_stm32f407xx.o(.text)
    TIM1_TRG_COM_TIM11_IRQHandler            0x080003ff   Thumb Code     0  startup_stm32f407xx.o(.text)
    TIM1_UP_TIM10_IRQHandler                 0x080003ff   Thumb Code     0  startup_stm32f407xx.o(.text)
    TIM2_IRQHandler                          0x080003ff   Thumb Code     0  startup_stm32f407xx.o(.text)
    TIM3_IRQHandler                          0x080003ff   Thumb Code     0  startup_stm32f407xx.o(.text)
    TIM4_IRQHandler                          0x080003ff   Thumb Code     0  startup_stm32f407xx.o(.text)
    TIM5_IRQHandler                          0x080003ff   Thumb Code     0  startup_stm32f407xx.o(.text)
    TIM6_DAC_IRQHandler                      0x080003ff   Thumb Code     0  startup_stm32f407xx.o(.text)
    TIM7_IRQHandler                          0x080003ff   Thumb Code     0  startup_stm32f407xx.o(.text)
    TIM8_BRK_TIM12_IRQHandler                0x080003ff   Thumb Code     0  startup_stm32f407xx.o(.text)
    TIM8_CC_IRQHandler                       0x080003ff   Thumb Code     0  startup_stm32f407xx.o(.text)
    TIM8_TRG_COM_TIM14_IRQHandler            0x080003ff   Thumb Code     0  startup_stm32f407xx.o(.text)
    TIM8_UP_TIM13_IRQHandler                 0x080003ff   Thumb Code     0  startup_stm32f407xx.o(.text)
    UART4_IRQHandler                         0x080003ff   Thumb Code     0  startup_stm32f407xx.o(.text)
    UART5_IRQHandler                         0x080003ff   Thumb Code     0  startup_stm32f407xx.o(.text)
    USART1_IRQHandler                        0x080003ff   Thumb Code     0  startup_stm32f407xx.o(.text)
    USART2_IRQHandler                        0x080003ff   Thumb Code     0  startup_stm32f407xx.o(.text)
    USART3_IRQHandler                        0x080003ff   Thumb Code     0  startup_stm32f407xx.o(.text)
    USART6_IRQHandler                        0x080003ff   Thumb Code     0  startup_stm32f407xx.o(.text)
    WWDG_IRQHandler                          0x080003ff   Thumb Code     0  startup_stm32f407xx.o(.text)
    __user_initial_stackheap                 0x08000401   Thumb Code     0  startup_stm32f407xx.o(.text)
    __user_libspace                          0x08000425   Thumb Code     8  libspace.o(.text)
    __user_perproc_libspace                  0x08000425   Thumb Code     0  libspace.o(.text)
    __aeabi_uldivmod                         0x0800042d   Thumb Code     0  lludivv7m.o(.text)
    _ll_udiv                                 0x0800042d   Thumb Code   238  lludivv7m.o(.text)
    exit                                     0x0800051b   Thumb Code    18  exit.o(.text)
    __aeabi_memclr                           0x0800052d   Thumb Code     0  rt_memclr.o(.text)
    __rt_memclr                              0x0800052d   Thumb Code    68  rt_memclr.o(.text)
    _memset                                  0x08000531   Thumb Code     0  rt_memclr.o(.text)
    __aeabi_memclr4                          0x08000571   Thumb Code     0  rt_memclr_w.o(.text)
    __aeabi_memclr8                          0x08000571   Thumb Code     0  rt_memclr_w.o(.text)
    __rt_memclr_w                            0x08000571   Thumb Code    78  rt_memclr_w.o(.text)
    _memset_w                                0x08000575   Thumb Code     0  rt_memclr_w.o(.text)
    __use_two_region_memory                  0x080005bf   Thumb Code     2  heapauxi.o(.text)
    __rt_heap_escrow$2region                 0x080005c1   Thumb Code     2  heapauxi.o(.text)
    __rt_heap_expand$2region                 0x080005c3   Thumb Code     2  heapauxi.o(.text)
    _sys_exit                                0x080005c5   Thumb Code     8  sys_exit.o(.text)
    __user_setup_stackheap                   0x080005d1   Thumb Code    74  sys_stackheap_outer.o(.text)
    __I$use$semihosting                      0x0800061b   Thumb Code     0  use_no_semi.o(.text)
    __use_no_semihosting_swi                 0x0800061b   Thumb Code     2  use_no_semi.o(.text)
    SVC_Count                                0x0800061c   Data           4  svc_table.o(SVC_TABLE)
    __semihosting_library_function           0x0800061d   Thumb Code     0  indicate_semi.o(.text)
    HAL_GetTick                              0x08000621   Thumb Code     6  stm32f4xx_hal.o(i.HAL_GetTick)
    SVC_Table                                0x08000620   Data           0  svc_table.o(SVC_TABLE)
    HAL_Init                                 0x0800062d   Thumb Code    44  stm32f4xx_hal.o(i.HAL_Init)
    HAL_InitTick                             0x0800065d   Thumb Code    64  stm32f4xx_hal.o(i.HAL_InitTick)
    HAL_MspInit                              0x080006a9   Thumb Code     2  stm32f4xx_hal.o(i.HAL_MspInit)
    HAL_NVIC_SetPriority                     0x080006ab   Thumb Code   124  stm32f4xx_hal_cortex.o(i.HAL_NVIC_SetPriority)
    HAL_NVIC_SetPriorityGrouping             0x08000729   Thumb Code    32  stm32f4xx_hal_cortex.o(i.HAL_NVIC_SetPriorityGrouping)
    HAL_RCC_ClockConfig                      0x08000751   Thumb Code   368  stm32f4xx_hal_rcc.o(i.HAL_RCC_ClockConfig)
    HAL_RCC_GetHCLKFreq                      0x080008d5   Thumb Code     6  stm32f4xx_hal_rcc.o(i.HAL_RCC_GetHCLKFreq)
    HAL_RCC_GetSysClockFreq                  0x080008e1   Thumb Code   162  stm32f4xx_hal_rcc.o(i.HAL_RCC_GetSysClockFreq)
    HAL_RCC_OscConfig                        0x08000991   Thumb Code  1152  stm32f4xx_hal_rcc.o(i.HAL_RCC_OscConfig)
    HAL_SYSTICK_CLKSourceConfig              0x08000e19   Thumb Code    40  stm32f4xx_hal_cortex.o(i.HAL_SYSTICK_CLKSourceConfig)
    HAL_SYSTICK_Config                       0x08000e41   Thumb Code    52  stm32f4xx_hal_cortex.o(i.HAL_SYSTICK_Config)
    SystemClock_Config                       0x08000e75   Thumb Code   216  clock.o(i.SystemClock_Config)
    SystemInit                               0x08000f65   Thumb Code    24  system_stm32f4xx.o(i.SystemInit)
    _Error_Handler                           0x08000f81   Thumb Code     2  clock.o(i._Error_Handler)
    _init_box                                0x08000fbd   Thumb Code    70  rt_membox.o(i._init_box)
    _mutex_acquire                           0x08001005   Thumb Code    22  rtx_conf_cm.o(i._mutex_acquire)
    _mutex_release                           0x08001025   Thumb Code    18  rtx_conf_cm.o(i._mutex_release)
    arm_biquad_cascade_df1_init_q15          0x08001041   Thumb Code    40  filteringfunctions.o(i.arm_biquad_cascade_df1_init_q15)
    arm_biquad_cascade_df1_q15               0x08001069   Thumb Code   846  filteringfunctions.o(i.arm_biquad_cascade_df1_q15)
    arm_fir_init_q15                         0x080013b7   Thumb Code    56  filteringfunctions.o(i.arm_fir_init_q15)
    arm_fir_q15                              0x080013ef   Thumb Code   200  filteringfunctions.o(i.arm_fir_q15)
    arm_float_to_q15                         0x080014b9   Thumb Code    44  supportfunctions.o(i.arm_float_to_q15)
    arm_sin_f32                              0x080014e9   Thumb Code   146  fastmathfunctions.o(i.arm_sin_f32)
    dbg_init                                 0x08001589   Thumb Code    34  hal_cm.o(i.dbg_init)
    dbg_task_notify                          0x080015b9   Thumb Code    32  hal_cm.o(i.dbg_task_notify)
    dbg_task_switch                          0x080015d9   Thumb Code    16  hal_cm.o(i.dbg_task_switch)
    disturbed_thread                         0x080015e9   Thumb Code    52  main.o(i.disturbed_thread)
    filtered_thread                          0x08001631   Thumb Code    46  main.o(i.filtered_thread)
    isrMessageGet                            0x08001671   Thumb Code    42  rt_cmsis.o(i.isrMessageGet)
    isrMessagePut                            0x0800169b   Thumb Code    44  rt_cmsis.o(i.isrMessagePut)
    isrSignalSet                             0x080016c7   Thumb Code    36  rt_cmsis.o(i.isrSignalSet)
    isr_evt_set                              0x080016ed   Thumb Code    34  rt_event.o(i.isr_evt_set)
    isr_mbx_receive                          0x08001715   Thumb Code    86  rt_mailbox.o(i.isr_mbx_receive)
    isr_mbx_send                             0x0800176b   Thumb Code    14  rt_mailbox.o(i.isr_mbx_send)
    low_pass_filter                          0x08001779   Thumb Code    22  lowpass_fltr.o(i.low_pass_filter)
    low_pass_filter_init                     0x08001795   Thumb Code    20  lowpass_fltr.o(i.low_pass_filter_init)
    main                                     0x080017b5   Thumb Code   108  main.o(i.main)
    noise_thread                             0x08001855   Thumb Code    54  main.o(i.noise_thread)
    osDelay                                  0x0800189d   Thumb Code    18  rt_cmsis.o(i.osDelay)
    osKernelInitialize                       0x080018b5   Thumb Code    30  rt_cmsis.o(i.osKernelInitialize)
    osKernelStart                            0x080018d9   Thumb Code    98  rt_cmsis.o(i.osKernelStart)
    osMessageGet                             0x08001945   Thumb Code    18  rt_cmsis.o(i.osMessageGet)
    osSignalSet                              0x0800195d   Thumb Code    18  rt_cmsis.o(i.osSignalSet)
    osSignalWait                             0x08001975   Thumb Code    18  rt_cmsis.o(i.osSignalWait)
    osThreadCreate                           0x0800198d   Thumb Code    36  rt_cmsis.o(i.osThreadCreate)
    osThreadExit                             0x080019b9   Thumb Code    14  rt_cmsis.o(i.osThreadExit)
    osTimerCall                              0x080019d1   Thumb Code     8  rt_cmsis.o(i.osTimerCall)
    osTimerThread                            0x080019dd   Thumb Code    38  rt_cmsis.o(i.osTimerThread)
    os_error                                 0x08001a09   Thumb Code    34  rtx_conf_cm.o(i.os_error)
    os_idle_demon                            0x08001a2b   Thumb Code     4  rtx_conf_cm.o(i.os_idle_demon)
    os_tick_init                             0x08001a31   Thumb Code    32  rt_system.o(i.os_tick_init)
    os_tick_irqack                           0x08001a59   Thumb Code     2  rt_system.o(i.os_tick_irqack)
    rt_alloc_box                             0x08001a5b   Thumb Code    26  rt_membox.o(i.rt_alloc_box)
    rt_alloc_mem                             0x08001a75   Thumb Code    62  rt_memory.o(i.rt_alloc_mem)
    rt_block                                 0x08001ab5   Thumb Code    48  rt_task.o(i.rt_block)
    rt_chk_robin                             0x08001aed   Thumb Code    60  rt_robin.o(i.rt_chk_robin)
    rt_dec_dly                               0x08001b35   Thumb Code   102  rt_list.o(i.rt_dec_dly)
    rt_dispatch                              0x08001ba5   Thumb Code    60  rt_task.o(i.rt_dispatch)
    rt_dly_wait                              0x08001be9   Thumb Code     6  rt_time.o(i.rt_dly_wait)
    rt_evt_psh                               0x08001bf1   Thumb Code    76  rt_event.o(i.rt_evt_psh)
    rt_evt_set                               0x08001c41   Thumb Code    88  rt_event.o(i.rt_evt_set)
    rt_evt_wait                              0x08001c9d   Thumb Code    56  rt_event.o(i.rt_evt_wait)
    rt_free_box                              0x08001cd9   Thumb Code    44  rt_membox.o(i.rt_free_box)
    rt_free_mem                              0x08001d05   Thumb Code    40  rt_memory.o(i.rt_free_mem)
    rt_get_first                             0x08001d2d   Thumb Code    40  rt_list.o(i.rt_get_first)
    rt_init_mem                              0x08001da5   Thumb Code    26  rt_memory.o(i.rt_init_mem)
    rt_init_robin                            0x08001dc1   Thumb Code    14  rt_robin.o(i.rt_init_robin)
    rt_init_stack                            0x08001dd9   Thumb Code   118  hal_cm.o(i.rt_init_stack)
    rt_mbx_check                             0x08001e59   Thumb Code     8  rt_mailbox.o(i.rt_mbx_check)
    rt_mbx_init                              0x08001e61   Thumb Code    26  rt_mailbox.o(i.rt_mbx_init)
    rt_mbx_psh                               0x08001e7d   Thumb Code   236  rt_mailbox.o(i.rt_mbx_psh)
    rt_mbx_wait                              0x08001f6d   Thumb Code   174  rt_mailbox.o(i.rt_mbx_wait)
    rt_mut_release                           0x08002065   Thumb Code   208  rt_mutex.o(i.rt_mut_release)
    rt_mut_wait                              0x0800213d   Thumb Code   114  rt_mutex.o(i.rt_mut_wait)
    rt_pop_req                               0x080021b5   Thumb Code   112  rt_system.o(i.rt_pop_req)
    rt_psh_req                               0x08002231   Thumb Code    22  rt_system.o(i.rt_psh_req)
    rt_psq_enq                               0x08002251   Thumb Code    88  rt_list.o(i.rt_psq_enq)
    rt_put_dly                               0x080022ad   Thumb Code    68  rt_list.o(i.rt_put_dly)
    rt_put_prio                              0x080022f5   Thumb Code    54  rt_list.o(i.rt_put_prio)
    rt_put_rdy_first                         0x0800232d   Thumb Code    14  rt_list.o(i.rt_put_rdy_first)
    rt_resort_prio                           0x08002341   Thumb Code    46  rt_list.o(i.rt_resort_prio)
    rt_ret_val                               0x08002385   Thumb Code    12  hal_cm.o(i.rt_ret_val)
    rt_ret_val2                              0x08002391   Thumb Code    16  hal_cm.o(i.rt_ret_val2)
    rt_rmv_dly                               0x080023a1   Thumb Code    40  rt_list.o(i.rt_rmv_dly)
    rt_rmv_list                              0x080023c9   Thumb Code    44  rt_list.o(i.rt_rmv_list)
    rt_sem_psh                               0x080023f9   Thumb Code    48  rt_semaphore.o(i.rt_sem_psh)
    rt_stk_check                             0x0800242d   Thumb Code    28  rt_system.o(i.rt_stk_check)
    rt_switch_req                            0x08002451   Thumb Code    30  rt_task.o(i.rt_switch_req)
    rt_sys_init                              0x08002479   Thumb Code   138  rt_task.o(i.rt_sys_init)
    rt_sys_start                             0x08002545   Thumb Code   110  rt_task.o(i.rt_sys_start)
    rt_systick                               0x080025bd   Thumb Code    50  rt_system.o(i.rt_systick)
    rt_tsk_create                            0x08002645   Thumb Code   118  rt_task.o(i.rt_tsk_create)
    rt_tsk_delete                            0x080026cd   Thumb Code   352  rt_task.o(i.rt_tsk_delete)
    rt_tsk_prio                              0x08002849   Thumb Code   108  rt_task.o(i.rt_tsk_prio)
    rt_tsk_self                              0x080028c5   Thumb Code    12  rt_task.o(i.rt_tsk_self)
    sine_calc_sample_q15                     0x080028d5   Thumb Code    26  sine_generator.o(i.sine_calc_sample_q15)
    sine_generator_init_q15                  0x080028f1   Thumb Code   290  sine_generator.o(i.sine_generator_init_q15)
    sine_thread                              0x08002a25   Thumb Code    54  main.o(i.sine_thread)
    svcDelay                                 0x08002a6d   Thumb Code    18  rt_cmsis.o(i.svcDelay)
    svcKernelInitialize                      0x08002a81   Thumb Code    80  rt_cmsis.o(i.svcKernelInitialize)
    svcKernelStart                           0x08002af1   Thumb Code    62  rt_cmsis.o(i.svcKernelStart)
    svcMessageCreate                         0x08002b39   Thumb Code    36  rt_cmsis.o(i.svcMessageCreate)
    svcMessageGet                            0x08002b5d   Thumb Code    58  rt_cmsis.o(i.svcMessageGet)
    svcSignalSet                             0x08002b97   Thumb Code    36  rt_cmsis.o(i.svcSignalSet)
    svcSignalWait                            0x08002bbd   Thumb Code    80  rt_cmsis.o(i.svcSignalWait)
    svcThreadCreate                          0x08002c11   Thumb Code    96  rt_cmsis.o(i.svcThreadCreate)
    svcThreadGetId                           0x08002c7d   Thumb Code    22  rt_cmsis.o(i.svcThreadGetId)
    svcThreadTerminate                       0x08002c99   Thumb Code    50  rt_cmsis.o(i.svcThreadTerminate)
    svcTimerCall                             0x08002cd1   Thumb Code    24  rt_cmsis.o(i.svcTimerCall)
    sync_thread                              0x08002ce9   Thumb Code    38  main.o(i.sync_thread)
    sysTimerTick                             0x08002d19   Thumb Code    84  rt_cmsis.o(i.sysTimerTick)
    _fp_init                                 0x08002d75   Thumb Code    10  fpinit.o(x$fpl$fpinit)
    __fplib_config_fpu_vfp                   0x08002d7d   Thumb Code     0  fpinit.o(x$fpl$fpinit)
    __fplib_config_pureend_doubles           0x08002d7d   Thumb Code     0  fpinit.o(x$fpl$fpinit)
    os_thread_def_sine_thread                0x08002d80   Data          16  main.o(.constdata)
    os_thread_def_noise_thread               0x08002d90   Data          16  main.o(.constdata)
    os_thread_def_disturbed_thread           0x08002da0   Data          16  main.o(.constdata)
    os_thread_def_filtered_thread            0x08002db0   Data          16  main.o(.constdata)
    os_thread_def_sync_thread                0x08002dc0   Data          16  main.o(.constdata)
    armBitRevTable                           0x08002dd0   Data        2048  commontables.o(.constdata)
    twiddleCoefF64_16                        0x080035d0   Data         256  commontables.o(.constdata)
    twiddleCoefF64_32                        0x080036d0   Data         512  commontables.o(.constdata)
    twiddleCoefF64_64                        0x080038d0   Data        1024  commontables.o(.constdata)
    twiddleCoefF64_128                       0x08003cd0   Data        2048  commontables.o(.constdata)
    twiddleCoefF64_256                       0x080044d0   Data        4096  commontables.o(.constdata)
    twiddleCoefF64_512                       0x080054d0   Data        8192  commontables.o(.constdata)
    twiddleCoefF64_1024                      0x080074d0   Data       16384  commontables.o(.constdata)
    twiddleCoefF64_2048                      0x0800b4d0   Data       32768  commontables.o(.constdata)
    twiddleCoefF64_4096                      0x080134d0   Data       65536  commontables.o(.constdata)
    twiddleCoef_16                           0x080234d0   Data         128  commontables.o(.constdata)
    twiddleCoef_32                           0x08023550   Data         256  commontables.o(.constdata)
    twiddleCoef_64                           0x08023650   Data         512  commontables.o(.constdata)
    twiddleCoef_128                          0x08023850   Data        1024  commontables.o(.constdata)
    twiddleCoef_256                          0x08023c50   Data        2048  commontables.o(.constdata)
    twiddleCoef_512                          0x08024450   Data        4096  commontables.o(.constdata)
    twiddleCoef_1024                         0x08025450   Data        8192  commontables.o(.constdata)
    twiddleCoef_2048                         0x08027450   Data       16384  commontables.o(.constdata)
    twiddleCoef_4096                         0x0802b450   Data       32768  commontables.o(.constdata)
    twiddleCoef_16_q31                       0x08033450   Data          96  commontables.o(.constdata)
    twiddleCoef_32_q31                       0x080334b0   Data         192  commontables.o(.constdata)
    twiddleCoef_64_q31                       0x08033570   Data         384  commontables.o(.constdata)
    twiddleCoef_128_q31                      0x080336f0   Data         768  commontables.o(.constdata)
    twiddleCoef_256_q31                      0x080339f0   Data        1536  commontables.o(.constdata)
    twiddleCoef_512_q31                      0x08033ff0   Data        3072  commontables.o(.constdata)
    twiddleCoef_1024_q31                     0x08034bf0   Data        6144  commontables.o(.constdata)
    twiddleCoef_2048_q31                     0x080363f0   Data       12288  commontables.o(.constdata)
    twiddleCoef_4096_q31                     0x080393f0   Data       24576  commontables.o(.constdata)
    twiddleCoef_16_q15                       0x0803f3f0   Data          48  commontables.o(.constdata)
    twiddleCoef_32_q15                       0x0803f420   Data          96  commontables.o(.constdata)
    twiddleCoef_64_q15                       0x0803f480   Data         192  commontables.o(.constdata)
    twiddleCoef_128_q15                      0x0803f540   Data         384  commontables.o(.constdata)
    twiddleCoef_256_q15                      0x0803f6c0   Data         768  commontables.o(.constdata)
    twiddleCoef_512_q15                      0x0803f9c0   Data        1536  commontables.o(.constdata)
    twiddleCoef_1024_q15                     0x0803ffc0   Data        3072  commontables.o(.constdata)
    twiddleCoef_2048_q15                     0x08040bc0   Data        6144  commontables.o(.constdata)
    twiddleCoef_4096_q15                     0x080423c0   Data       12288  commontables.o(.constdata)
    armBitRevIndexTableF64_16                0x080453c0   Data          24  commontables.o(.constdata)
    armBitRevIndexTableF64_32                0x080453d8   Data          48  commontables.o(.constdata)
    armBitRevIndexTableF64_64                0x08045408   Data         112  commontables.o(.constdata)
    armBitRevIndexTableF64_128               0x08045478   Data         224  commontables.o(.constdata)
    armBitRevIndexTableF64_256               0x08045558   Data         480  commontables.o(.constdata)
    armBitRevIndexTableF64_512               0x08045738   Data         960  commontables.o(.constdata)
    armBitRevIndexTableF64_1024              0x08045af8   Data        1984  commontables.o(.constdata)
    armBitRevIndexTableF64_2048              0x080462b8   Data        3968  commontables.o(.constdata)
    armBitRevIndexTableF64_4096              0x08047238   Data        8064  commontables.o(.constdata)
    armBitRevIndexTable16                    0x080491b8   Data          40  commontables.o(.constdata)
    armBitRevIndexTable32                    0x080491e0   Data          96  commontables.o(.constdata)
    armBitRevIndexTable64                    0x08049240   Data         112  commontables.o(.constdata)
    armBitRevIndexTable128                   0x080492b0   Data         416  commontables.o(.constdata)
    armBitRevIndexTable256                   0x08049450   Data         880  commontables.o(.constdata)
    armBitRevIndexTable512                   0x080497c0   Data         896  commontables.o(.constdata)
    armBitRevIndexTable1024                  0x08049b40   Data        3600  commontables.o(.constdata)
    armBitRevIndexTable2048                  0x0804a950   Data        7616  commontables.o(.constdata)
    armBitRevIndexTable4096                  0x0804c710   Data        8064  commontables.o(.constdata)
    armBitRevIndexTable_fixed_16             0x0804e690   Data          24  commontables.o(.constdata)
    armBitRevIndexTable_fixed_32             0x0804e6a8   Data          48  commontables.o(.constdata)
    armBitRevIndexTable_fixed_64             0x0804e6d8   Data         112  commontables.o(.constdata)
    armBitRevIndexTable_fixed_128            0x0804e748   Data         224  commontables.o(.constdata)
    armBitRevIndexTable_fixed_256            0x0804e828   Data         480  commontables.o(.constdata)
    armBitRevIndexTable_fixed_512            0x0804ea08   Data         960  commontables.o(.constdata)
    armBitRevIndexTable_fixed_1024           0x0804edc8   Data        1984  commontables.o(.constdata)
    armBitRevIndexTable_fixed_2048           0x0804f588   Data        3968  commontables.o(.constdata)
    armBitRevIndexTable_fixed_4096           0x08050508   Data        8064  commontables.o(.constdata)
    twiddleCoefF64_rfft_32                   0x08052488   Data         256  commontables.o(.constdata)
    twiddleCoefF64_rfft_64                   0x08052588   Data         512  commontables.o(.constdata)
    twiddleCoefF64_rfft_128                  0x08052788   Data        1024  commontables.o(.constdata)
    twiddleCoefF64_rfft_256                  0x08052b88   Data        2048  commontables.o(.constdata)
    twiddleCoefF64_rfft_512                  0x08053388   Data        4096  commontables.o(.constdata)
    twiddleCoefF64_rfft_1024                 0x08054388   Data        8192  commontables.o(.constdata)
    twiddleCoefF64_rfft_2048                 0x08056388   Data       16384  commontables.o(.constdata)
    twiddleCoefF64_rfft_4096                 0x0805a388   Data       32768  commontables.o(.constdata)
    twiddleCoef_rfft_32                      0x08062388   Data         128  commontables.o(.constdata)
    twiddleCoef_rfft_64                      0x08062408   Data         256  commontables.o(.constdata)
    twiddleCoef_rfft_128                     0x08062508   Data         512  commontables.o(.constdata)
    twiddleCoef_rfft_256                     0x08062708   Data        1024  commontables.o(.constdata)
    twiddleCoef_rfft_512                     0x08062b08   Data        2048  commontables.o(.constdata)
    twiddleCoef_rfft_1024                    0x08063308   Data        4096  commontables.o(.constdata)
    twiddleCoef_rfft_2048                    0x08064308   Data        8192  commontables.o(.constdata)
    twiddleCoef_rfft_4096                    0x08066308   Data       16384  commontables.o(.constdata)
    realCoefA                                0x0806a308   Data       32768  commontables.o(.constdata)
    realCoefB                                0x08072308   Data       32768  commontables.o(.constdata)
    realCoefAQ31                             0x0807a308   Data       32768  commontables.o(.constdata)
    realCoefBQ31                             0x08082308   Data       32768  commontables.o(.constdata)
    realCoefAQ15                             0x0808a308   Data       16384  commontables.o(.constdata)
    realCoefBQ15                             0x0808e308   Data       16384  commontables.o(.constdata)
    Weights_128                              0x08092308   Data        1024  commontables.o(.constdata)
    cos_factors_128                          0x08092708   Data         512  commontables.o(.constdata)
    Weights_512                              0x08092908   Data        4096  commontables.o(.constdata)
    cos_factors_512                          0x08093908   Data        2048  commontables.o(.constdata)
    Weights_2048                             0x08094108   Data       16384  commontables.o(.constdata)
    cos_factors_2048                         0x08098108   Data        8192  commontables.o(.constdata)
    Weights_8192                             0x0809a108   Data       65536  commontables.o(.constdata)
    cos_factors_8192                         0x080aa108   Data       32768  commontables.o(.constdata)
    WeightsQ15_128                           0x080b2108   Data         512  commontables.o(.constdata)
    cos_factorsQ15_128                       0x080b2308   Data         256  commontables.o(.constdata)
    WeightsQ15_512                           0x080b2408   Data        2048  commontables.o(.constdata)
    cos_factorsQ15_512                       0x080b2c08   Data        1024  commontables.o(.constdata)
    WeightsQ15_2048                          0x080b3008   Data        8192  commontables.o(.constdata)
    cos_factorsQ15_2048                      0x080b5008   Data        4096  commontables.o(.constdata)
    WeightsQ15_8192                          0x080b6008   Data       32768  commontables.o(.constdata)
    cos_factorsQ15_8192                      0x080be008   Data       16384  commontables.o(.constdata)
    WeightsQ31_128                           0x080c2008   Data        1024  commontables.o(.constdata)
    cos_factorsQ31_128                       0x080c2408   Data         512  commontables.o(.constdata)
    WeightsQ31_512                           0x080c2608   Data        4096  commontables.o(.constdata)
    cos_factorsQ31_512                       0x080c3608   Data        2048  commontables.o(.constdata)
    WeightsQ31_2048                          0x080c3e08   Data       16384  commontables.o(.constdata)
    cos_factorsQ31_2048                      0x080c7e08   Data        8192  commontables.o(.constdata)
    WeightsQ31_8192                          0x080c9e08   Data       65536  commontables.o(.constdata)
    cos_factorsQ31_8192                      0x080d9e08   Data       32768  commontables.o(.constdata)
    armRecipTableQ15                         0x080e1e08   Data         128  commontables.o(.constdata)
    armRecipTableQ31                         0x080e1e88   Data         256  commontables.o(.constdata)
    sinTable_f32                             0x080e1f88   Data        2052  commontables.o(.constdata)
    sinTable_q31                             0x080e278c   Data        2052  commontables.o(.constdata)
    sinTable_q15                             0x080e2f90   Data        1026  commontables.o(.constdata)
    arm_cfft_sR_f64_len16                    0x080e3394   Data          16  commontables.o(.constdata)
    arm_cfft_sR_f64_len32                    0x080e33a4   Data          16  commontables.o(.constdata)
    arm_cfft_sR_f64_len64                    0x080e33b4   Data          16  commontables.o(.constdata)
    arm_cfft_sR_f64_len128                   0x080e33c4   Data          16  commontables.o(.constdata)
    arm_cfft_sR_f64_len256                   0x080e33d4   Data          16  commontables.o(.constdata)
    arm_cfft_sR_f64_len512                   0x080e33e4   Data          16  commontables.o(.constdata)
    arm_cfft_sR_f64_len1024                  0x080e33f4   Data          16  commontables.o(.constdata)
    arm_cfft_sR_f64_len2048                  0x080e3404   Data          16  commontables.o(.constdata)
    arm_cfft_sR_f64_len4096                  0x080e3414   Data          16  commontables.o(.constdata)
    arm_cfft_sR_f32_len16                    0x080e3424   Data          16  commontables.o(.constdata)
    arm_cfft_sR_f32_len32                    0x080e3434   Data          16  commontables.o(.constdata)
    arm_cfft_sR_f32_len64                    0x080e3444   Data          16  commontables.o(.constdata)
    arm_cfft_sR_f32_len128                   0x080e3454   Data          16  commontables.o(.constdata)
    arm_cfft_sR_f32_len256                   0x080e3464   Data          16  commontables.o(.constdata)
    arm_cfft_sR_f32_len512                   0x080e3474   Data          16  commontables.o(.constdata)
    arm_cfft_sR_f32_len1024                  0x080e3484   Data          16  commontables.o(.constdata)
    arm_cfft_sR_f32_len2048                  0x080e3494   Data          16  commontables.o(.constdata)
    arm_cfft_sR_f32_len4096                  0x080e34a4   Data          16  commontables.o(.constdata)
    arm_cfft_sR_q31_len16                    0x080e34b4   Data          16  commontables.o(.constdata)
    arm_cfft_sR_q31_len32                    0x080e34c4   Data          16  commontables.o(.constdata)
    arm_cfft_sR_q31_len64                    0x080e34d4   Data          16  commontables.o(.constdata)
    arm_cfft_sR_q31_len128                   0x080e34e4   Data          16  commontables.o(.constdata)
    arm_cfft_sR_q31_len256                   0x080e34f4   Data          16  commontables.o(.constdata)
    arm_cfft_sR_q31_len512                   0x080e3504   Data          16  commontables.o(.constdata)
    arm_cfft_sR_q31_len1024                  0x080e3514   Data          16  commontables.o(.constdata)
    arm_cfft_sR_q31_len2048                  0x080e3524   Data          16  commontables.o(.constdata)
    arm_cfft_sR_q31_len4096                  0x080e3534   Data          16  commontables.o(.constdata)
    arm_cfft_sR_q15_len16                    0x080e3544   Data          16  commontables.o(.constdata)
    arm_cfft_sR_q15_len32                    0x080e3554   Data          16  commontables.o(.constdata)
    arm_cfft_sR_q15_len64                    0x080e3564   Data          16  commontables.o(.constdata)
    arm_cfft_sR_q15_len128                   0x080e3574   Data          16  commontables.o(.constdata)
    arm_cfft_sR_q15_len256                   0x080e3584   Data          16  commontables.o(.constdata)
    arm_cfft_sR_q15_len512                   0x080e3594   Data          16  commontables.o(.constdata)
    arm_cfft_sR_q15_len1024                  0x080e35a4   Data          16  commontables.o(.constdata)
    arm_cfft_sR_q15_len2048                  0x080e35b4   Data          16  commontables.o(.constdata)
    arm_cfft_sR_q15_len4096                  0x080e35c4   Data          16  commontables.o(.constdata)
    arm_rfft_fast_sR_f64_len32               0x080e35d4   Data          24  commontables.o(.constdata)
    arm_rfft_fast_sR_f64_len64               0x080e35ec   Data          24  commontables.o(.constdata)
    arm_rfft_fast_sR_f64_len128              0x080e3604   Data          24  commontables.o(.constdata)
    arm_rfft_fast_sR_f64_len256              0x080e361c   Data          24  commontables.o(.constdata)
    arm_rfft_fast_sR_f64_len512              0x080e3634   Data          24  commontables.o(.constdata)
    arm_rfft_fast_sR_f64_len1024             0x080e364c   Data          24  commontables.o(.constdata)
    arm_rfft_fast_sR_f64_len2048             0x080e3664   Data          24  commontables.o(.constdata)
    arm_rfft_fast_sR_f64_len4096             0x080e367c   Data          24  commontables.o(.constdata)
    arm_rfft_fast_sR_f32_len32               0x080e3694   Data          24  commontables.o(.constdata)
    arm_rfft_fast_sR_f32_len64               0x080e36ac   Data          24  commontables.o(.constdata)
    arm_rfft_fast_sR_f32_len128              0x080e36c4   Data          24  commontables.o(.constdata)
    arm_rfft_fast_sR_f32_len256              0x080e36dc   Data          24  commontables.o(.constdata)
    arm_rfft_fast_sR_f32_len512              0x080e36f4   Data          24  commontables.o(.constdata)
    arm_rfft_fast_sR_f32_len1024             0x080e370c   Data          24  commontables.o(.constdata)
    arm_rfft_fast_sR_f32_len2048             0x080e3724   Data          24  commontables.o(.constdata)
    arm_rfft_fast_sR_f32_len4096             0x080e373c   Data          24  commontables.o(.constdata)
    arm_rfft_sR_q31_len32                    0x080e3754   Data          24  commontables.o(.constdata)
    arm_rfft_sR_q31_len64                    0x080e376c   Data          24  commontables.o(.constdata)
    arm_rfft_sR_q31_len128                   0x080e3784   Data          24  commontables.o(.constdata)
    arm_rfft_sR_q31_len256                   0x080e379c   Data          24  commontables.o(.constdata)
    arm_rfft_sR_q31_len512                   0x080e37b4   Data          24  commontables.o(.constdata)
    arm_rfft_sR_q31_len1024                  0x080e37cc   Data          24  commontables.o(.constdata)
    arm_rfft_sR_q31_len2048                  0x080e37e4   Data          24  commontables.o(.constdata)
    arm_rfft_sR_q31_len4096                  0x080e37fc   Data          24  commontables.o(.constdata)
    arm_rfft_sR_q31_len8192                  0x080e3814   Data          24  commontables.o(.constdata)
    arm_rfft_sR_q15_len32                    0x080e382c   Data          24  commontables.o(.constdata)
    arm_rfft_sR_q15_len64                    0x080e3844   Data          24  commontables.o(.constdata)
    arm_rfft_sR_q15_len128                   0x080e385c   Data          24  commontables.o(.constdata)
    arm_rfft_sR_q15_len256                   0x080e3874   Data          24  commontables.o(.constdata)
    arm_rfft_sR_q15_len512                   0x080e388c   Data          24  commontables.o(.constdata)
    arm_rfft_sR_q15_len1024                  0x080e38a4   Data          24  commontables.o(.constdata)
    arm_rfft_sR_q15_len2048                  0x080e38bc   Data          24  commontables.o(.constdata)
    arm_rfft_sR_q15_len4096                  0x080e38d4   Data          24  commontables.o(.constdata)
    arm_rfft_sR_q15_len8192                  0x080e38ec   Data          24  commontables.o(.constdata)
    os_maxtaskrun                            0x080e3904   Data           2  rtx_conf_cm.o(.constdata)
    os_stackinfo                             0x080e3908   Data           4  rtx_conf_cm.o(.constdata)
    os_rrobin                                0x080e390c   Data           4  rtx_conf_cm.o(.constdata)
    os_tickfreq                              0x080e3910   Data           4  rtx_conf_cm.o(.constdata)
    os_tickus_i                              0x080e3914   Data           2  rtx_conf_cm.o(.constdata)
    os_tickus_f                              0x080e3916   Data           2  rtx_conf_cm.o(.constdata)
    os_trv                                   0x080e3918   Data           4  rtx_conf_cm.o(.constdata)
    os_flags                                 0x080e391c   Data           1  rtx_conf_cm.o(.constdata)
    CMSIS_RTOS_API_Version                   0x080e3920   Data           4  rtx_conf_cm.o(.constdata)
    CMSIS_RTOS_RTX_Version                   0x080e3924   Data           4  rtx_conf_cm.o(.constdata)
    os_clockrate                             0x080e3928   Data           4  rtx_conf_cm.o(.constdata)
    os_timernum                              0x080e392c   Data           4  rtx_conf_cm.o(.constdata)
    mp_tcb_size                              0x080e3930   Data           2  rtx_conf_cm.o(.constdata)
    mp_stk_size                              0x080e3934   Data           4  rtx_conf_cm.o(.constdata)
    os_stack_sz                              0x080e3938   Data           4  rtx_conf_cm.o(.constdata)
    os_fifo_size                             0x080e393c   Data           1  rtx_conf_cm.o(.constdata)
    os_thread_def_osTimerThread              0x080e3940   Data          16  rtx_conf_cm.o(.constdata)
    os_messageQ_def_osTimerMessageQ          0x080e3950   Data           8  rtx_conf_cm.o(.constdata)
    mp_tmr_size                              0x080e3958   Data           2  rtx_conf_cm.o(.constdata)
    os_thread_def_main                       0x080e395c   Data          16  rtx_conf_cm.o(.constdata)
    AHBPrescTable                            0x080e396c   Data          16  system_stm32f4xx.o(.constdata)
    APBPrescTable                            0x080e397c   Data           8  system_stm32f4xx.o(.constdata)
    Region$$Table$$Base                      0x080e3984   Number         0  anon$$obj.o(Region$$Table)
    Region$$Table$$Limit                     0x080e39a4   Number         0  anon$$obj.o(Region$$Table)
    freq                                     0x20000000   Data           4  main.o(.data)
    sinus                                    0x20000004   Data           2  main.o(.data)
    noise                                    0x20000006   Data           2  main.o(.data)
    disturbed                                0x20000008   Data           2  main.o(.data)
    filtered                                 0x2000000a   Data           2  main.o(.data)
    sineID                                   0x2000000c   Data           4  main.o(.data)
    noiseID                                  0x20000010   Data           4  main.o(.data)
    disturbedID                              0x20000014   Data           4  main.o(.data)
    filteredID                               0x20000018   Data           4  main.o(.data)
    syncID                                   0x2000001c   Data           4  main.o(.data)
    tim                                      0x20000020   Data           4  main.o(.data)
    low_pass_filter_coeff                    0x20000024   Data          64  lowpass_fltr.o(.data)
    osThreadId_osTimerThread                 0x20000064   Data           4  rtx_conf_cm.o(.data)
    osMessageQId_osTimerMessageQ             0x20000068   Data           4  rtx_conf_cm.o(.data)
    os_tmr                                   0x2000006c   Data           4  rtx_conf_cm.o(.data)
    m_tmr                                    0x20000070   Data           4  rtx_conf_cm.o(.data)
    uwTick                                   0x20000078   Data           4  stm32f4xx_hal.o(.data)
    uwTickPrio                               0x2000007c   Data           4  stm32f4xx_hal.o(.data)
    uwTickFreq                               0x20000080   Data           1  stm32f4xx_hal.o(.data)
    SystemCoreClock                          0x20000084   Data           4  system_stm32f4xx.o(.data)
    os_initialized                           0x20000088   Data           1  rt_cmsis.o(.data)
    os_running                               0x20000089   Data           1  rt_cmsis.o(.data)
    os_timer_head                            0x2000008c   Data           4  rt_cmsis.o(.data)
    os_tsk                                   0x20000090   Data           8  rt_task.o(.data)
    os_tick_irqn                             0x2000009c   Data           4  rt_system.o(.data)
    os_time                                  0x200000a0   Data           4  rt_time.o(.data)
    os_robin                                 0x200000a4   Data           8  rt_robin.o(.data)
    dbg_msg                                  0x200000ac   Data           1  hal_cm.o(.data)
    Signal_set                               0x200000b0   Data          36  main.o(.bss)
    Noise_set                                0x200000d4   Data          36  main.o(.bss)
    low_pass_filter_state                    0x200000f8   Data          66  lowpass_fltr.o(.bss)
    low_pass_filter_set                      0x2000013c   Data          12  lowpass_fltr.o(.bss)
    mp_tcb                                   0x20000148   Data         376  rtx_conf_cm.o(.bss)
    mp_stk                                   0x200002c0   Data        1216  rtx_conf_cm.o(.bss)
    os_stack_mem                             0x20000780   Data         432  rtx_conf_cm.o(.bss)
    os_fifo                                  0x20000930   Data         132  rtx_conf_cm.o(.bss)
    os_active_TCB                            0x200009b4   Data          28  rtx_conf_cm.o(.bss)
    os_messageQ_q_osTimerMessageQ            0x200009d0   Data          32  rtx_conf_cm.o(.bss)
    os_idle_TCB                              0x20000d10   Data          52  rt_task.o(.bss)
    os_rdy                                   0x20000d44   Data          24  rt_list.o(.bss)
    os_dly                                   0x20000d5c   Data          24  rt_list.o(.bss)
    __libspace_start                         0x20000d74   Data          96  libspace.o(.bss)
    __temporary_stack_top$libspace           0x20000dd4   Data           0  libspace.o(.bss)



==============================================================================

Memory Map of the image

  Image Entry point : 0x080003e5

  Load Region LR_1 (Base: 0x08000000, Size: 0x000e3a54, Max: 0xffffffff, ABSOLUTE)

    Execution Region ER_RO (Exec base: 0x08000000, Load base: 0x08000000, Size: 0x000e39a4, Max: 0xffffffff, ABSOLUTE)

    Exec Addr    Load Addr    Size         Type   Attr      Idx    E Section Name        Object

    0x08000000   0x08000000   0x00000188   Data   RO         4779    RESET               startup_stm32f407xx.o
    0x08000188   0x08000188   0x00000008   Code   RO         6060  * !!!main             c_w.l(__main.o)
    0x08000190   0x08000190   0x00000034   Code   RO         6376    !!!scatter          c_w.l(__scatter.o)
    0x080001c4   0x080001c4   0x0000001a   Code   RO         6378    !!handler_copy      c_w.l(__scatter_copy.o)
    0x080001de   0x080001de   0x00000002   PAD
    0x080001e0   0x080001e0   0x0000001c   Code   RO         6380    !!handler_zi        c_w.l(__scatter_zi.o)
    0x080001fc   0x080001fc   0x00000002   Code   RO         6260    .ARM.Collect$$libinit$$00000000  c_w.l(libinit.o)
    0x080001fe   0x080001fe   0x00000004   Code   RO         6271    .ARM.Collect$$libinit$$00000001  c_w.l(libinit2.o)
    0x08000202   0x08000202   0x00000000   Code   RO         6274    .ARM.Collect$$libinit$$00000004  c_w.l(libinit2.o)
    0x08000202   0x08000202   0x00000000   Code   RO         6277    .ARM.Collect$$libinit$$0000000A  c_w.l(libinit2.o)
    0x08000202   0x08000202   0x00000000   Code   RO         6279    .ARM.Collect$$libinit$$0000000C  c_w.l(libinit2.o)
    0x08000202   0x08000202   0x00000000   Code   RO         6281    .ARM.Collect$$libinit$$0000000E  c_w.l(libinit2.o)
    0x08000202   0x08000202   0x00000000   Code   RO         6284    .ARM.Collect$$libinit$$00000011  c_w.l(libinit2.o)
    0x08000202   0x08000202   0x00000000   Code   RO         6286    .ARM.Collect$$libinit$$00000013  c_w.l(libinit2.o)
    0x08000202   0x08000202   0x00000000   Code   RO         6288    .ARM.Collect$$libinit$$00000015  c_w.l(libinit2.o)
    0x08000202   0x08000202   0x00000000   Code   RO         6290    .ARM.Collect$$libinit$$00000017  c_w.l(libinit2.o)
    0x08000202   0x08000202   0x00000000   Code   RO         6292    .ARM.Collect$$libinit$$00000019  c_w.l(libinit2.o)
    0x08000202   0x08000202   0x00000000   Code   RO         6294    .ARM.Collect$$libinit$$0000001B  c_w.l(libinit2.o)
    0x08000202   0x08000202   0x00000000   Code   RO         6296    .ARM.Collect$$libinit$$0000001D  c_w.l(libinit2.o)
    0x08000202   0x08000202   0x00000000   Code   RO         6298    .ARM.Collect$$libinit$$0000001F  c_w.l(libinit2.o)
    0x08000202   0x08000202   0x00000000   Code   RO         6300    .ARM.Collect$$libinit$$00000021  c_w.l(libinit2.o)
    0x08000202   0x08000202   0x00000000   Code   RO         6302    .ARM.Collect$$libinit$$00000023  c_w.l(libinit2.o)
    0x08000202   0x08000202   0x00000000   Code   RO         6304    .ARM.Collect$$libinit$$00000025  c_w.l(libinit2.o)
    0x08000202   0x08000202   0x00000000   Code   RO         6308    .ARM.Collect$$libinit$$0000002C  c_w.l(libinit2.o)
    0x08000202   0x08000202   0x00000000   Code   RO         6310    .ARM.Collect$$libinit$$0000002E  c_w.l(libinit2.o)
    0x08000202   0x08000202   0x00000000   Code   RO         6312    .ARM.Collect$$libinit$$00000030  c_w.l(libinit2.o)
    0x08000202   0x08000202   0x00000000   Code   RO         6314    .ARM.Collect$$libinit$$00000032  c_w.l(libinit2.o)
    0x08000202   0x08000202   0x00000002   Code   RO         6315    .ARM.Collect$$libinit$$00000033  c_w.l(libinit2.o)
    0x08000204   0x08000204   0x00000002   Code   RO         6261    .ARM.Collect$$libshutdown$$00000000  c_w.l(libshutdown.o)
    0x08000206   0x08000206   0x00000000   Code   RO         6317    .ARM.Collect$$libshutdown$$00000002  c_w.l(libshutdown2.o)
    0x08000206   0x08000206   0x00000000   Code   RO         6319    .ARM.Collect$$libshutdown$$00000004  c_w.l(libshutdown2.o)
    0x08000206   0x08000206   0x00000000   Code   RO         6321    .ARM.Collect$$libshutdown$$00000006  c_w.l(libshutdown2.o)
    0x08000206   0x08000206   0x00000000   Code   RO         6324    .ARM.Collect$$libshutdown$$00000009  c_w.l(libshutdown2.o)
    0x08000206   0x08000206   0x00000000   Code   RO         6327    .ARM.Collect$$libshutdown$$0000000C  c_w.l(libshutdown2.o)
    0x08000206   0x08000206   0x00000000   Code   RO         6329    .ARM.Collect$$libshutdown$$0000000E  c_w.l(libshutdown2.o)
    0x08000206   0x08000206   0x00000000   Code   RO         6332    .ARM.Collect$$libshutdown$$00000011  c_w.l(libshutdown2.o)
    0x08000206   0x08000206   0x00000002   Code   RO         6333    .ARM.Collect$$libshutdown$$00000012  c_w.l(libshutdown2.o)
    0x08000208   0x08000208   0x00000000   Code   RO         6160    .ARM.Collect$$rtentry$$00000000  c_w.l(__rtentry.o)
    0x08000208   0x08000208   0x00000000   Code   RO         6216    .ARM.Collect$$rtentry$$00000002  c_w.l(__rtentry2.o)
    0x08000208   0x08000208   0x00000006   Code   RO         6228    .ARM.Collect$$rtentry$$00000004  c_w.l(__rtentry4.o)
    0x0800020e   0x0800020e   0x00000000   Code   RO         6218    .ARM.Collect$$rtentry$$00000009  c_w.l(__rtentry2.o)
    0x0800020e   0x0800020e   0x00000004   Code   RO         6219    .ARM.Collect$$rtentry$$0000000A  c_w.l(__rtentry2.o)
    0x08000212   0x08000212   0x00000008   Code   RO         6220    .ARM.Collect$$rtentry$$0000000B  c_w.l(__rtentry2.o)
    0x0800021a   0x0800021a   0x00000008   Code   RO         6222    .ARM.Collect$$rtentry$$0000000D  c_w.l(__rtentry2.o)
    0x08000222   0x08000222   0x00000002   Code   RO         6161    .ARM.Collect$$rtexit$$00000000  c_w.l(rtexit.o)
    0x08000224   0x08000224   0x00000000   Code   RO         6231    .ARM.Collect$$rtexit$$00000002  c_w.l(rtexit2.o)
    0x08000224   0x08000224   0x00000004   Code   RO         6232    .ARM.Collect$$rtexit$$00000003  c_w.l(rtexit2.o)
    0x08000228   0x08000228   0x00000006   Code   RO         6233    .ARM.Collect$$rtexit$$00000004  c_w.l(rtexit2.o)
    0x0800022e   0x0800022e   0x00000002   PAD
    0x08000230   0x08000230   0x0000001c   Code   RO         3997    .emb_text           rtx_conf_cm.o
    0x0800024c   0x0800024c   0x00000198   Code   RO         6024    .emb_text           RTX_CM4.lib(hal_cm4.o)
    0x080003e4   0x080003e4   0x00000040   Code   RO         4780  * .text               startup_stm32f407xx.o
    0x08000424   0x08000424   0x00000008   Code   RO         6039    .text               c_w.l(libspace.o)
    0x0800042c   0x0800042c   0x000000ee   Code   RO         6042    .text               c_w.l(lludivv7m.o)
    0x0800051a   0x0800051a   0x00000012   Code   RO         6050    .text               c_w.l(exit.o)
    0x0800052c   0x0800052c   0x00000044   Code   RO         6054    .text               c_w.l(rt_memclr.o)
    0x08000570   0x08000570   0x0000004e   Code   RO         6056    .text               c_w.l(rt_memclr_w.o)
    0x080005be   0x080005be   0x00000006   Code   RO         6058    .text               c_w.l(heapauxi.o)
    0x080005c4   0x080005c4   0x0000000c   Code   RO         6246    .text               c_w.l(sys_exit.o)
    0x080005d0   0x080005d0   0x0000004a   Code   RO         6248    .text               c_w.l(sys_stackheap_outer.o)
    0x0800061a   0x0800061a   0x00000002   Code   RO         6262    .text               c_w.l(use_no_semi.o)
    0x0800061c   0x0800061c   0x00000000   Code   RO         6264    .text               c_w.l(indicate_semi.o)
    0x0800061c   0x0800061c   0x00000004   Code   RO         6034    SVC_TABLE           RTX_CM4.lib(svc_table.o)
    0x08000620   0x08000620   0x0000000c   Code   RO         4071    i.HAL_GetTick       stm32f4xx_hal.o
    0x0800062c   0x0800062c   0x00000030   Code   RO         4078    i.HAL_Init          stm32f4xx_hal.o
    0x0800065c   0x0800065c   0x0000004c   Code   RO         4079    i.HAL_InitTick      stm32f4xx_hal.o
    0x080006a8   0x080006a8   0x00000002   Code   RO         4081    i.HAL_MspInit       stm32f4xx_hal.o
    0x080006aa   0x080006aa   0x0000007c   Code   RO         4255    i.HAL_NVIC_SetPriority  stm32f4xx_hal_cortex.o
    0x08000726   0x08000726   0x00000002   PAD
    0x08000728   0x08000728   0x00000028   Code   RO         4256    i.HAL_NVIC_SetPriorityGrouping  stm32f4xx_hal_cortex.o
    0x08000750   0x08000750   0x00000184   Code   RO         4625    i.HAL_RCC_ClockConfig  stm32f4xx_hal_rcc.o
    0x080008d4   0x080008d4   0x0000000c   Code   RO         4630    i.HAL_RCC_GetHCLKFreq  stm32f4xx_hal_rcc.o
    0x080008e0   0x080008e0   0x000000b0   Code   RO         4634    i.HAL_RCC_GetSysClockFreq  stm32f4xx_hal_rcc.o
    0x08000990   0x08000990   0x00000488   Code   RO         4637    i.HAL_RCC_OscConfig  stm32f4xx_hal_rcc.o
    0x08000e18   0x08000e18   0x00000028   Code   RO         4258    i.HAL_SYSTICK_CLKSourceConfig  stm32f4xx_hal_cortex.o
    0x08000e40   0x08000e40   0x00000034   Code   RO         4260    i.HAL_SYSTICK_Config  stm32f4xx_hal_cortex.o
    0x08000e74   0x08000e74   0x000000f0   Code   RO            4    i.SystemClock_Config  clock.o
    0x08000f64   0x08000f64   0x0000001c   Code   RO         4788    i.SystemInit        system_stm32f4xx.o
    0x08000f80   0x08000f80   0x00000002   Code   RO            5    i._Error_Handler    clock.o
    0x08000f82   0x08000f82   0x00000002   PAD
    0x08000f84   0x08000f84   0x00000010   Code   RO         4262    i.__NVIC_GetPriorityGrouping  stm32f4xx_hal_cortex.o
    0x08000f94   0x08000f94   0x00000028   Code   RO         4263    i.__NVIC_SetPriority  stm32f4xx_hal_cortex.o
    0x08000fbc   0x08000fbc   0x00000046   Code   RO         5918    i._init_box         RTX_CM4.lib(rt_membox.o)
    0x08001002   0x08001002   0x00000002   PAD
    0x08001004   0x08001004   0x00000020   Code   RO         3999    i._mutex_acquire    rtx_conf_cm.o
    0x08001024   0x08001024   0x0000001c   Code   RO         4001    i._mutex_release    rtx_conf_cm.o
    0x08001040   0x08001040   0x00000028   Code   RO         1421    i.arm_biquad_cascade_df1_init_q15  filteringfunctions.o
    0x08001068   0x08001068   0x0000034e   Code   RO         1423    i.arm_biquad_cascade_df1_q15  filteringfunctions.o
    0x080013b6   0x080013b6   0x00000038   Code   RO         1470    i.arm_fir_init_q15  filteringfunctions.o
    0x080013ee   0x080013ee   0x000000c8   Code   RO         1485    i.arm_fir_q15       filteringfunctions.o
    0x080014b6   0x080014b6   0x00000002   PAD
    0x080014b8   0x080014b8   0x00000030   Code   RO         2991    i.arm_float_to_q15  supportfunctions.o
    0x080014e8   0x080014e8   0x000000a0   Code   RO         1306    i.arm_sin_f32       fastmathfunctions.o
    0x08001588   0x08001588   0x00000030   Code   RO         5971    i.dbg_init          RTX_CM4.lib(hal_cm.o)
    0x080015b8   0x080015b8   0x00000020   Code   RO         5972    i.dbg_task_notify   RTX_CM4.lib(hal_cm.o)
    0x080015d8   0x080015d8   0x00000010   Code   RO         5973    i.dbg_task_switch   RTX_CM4.lib(hal_cm.o)
    0x080015e8   0x080015e8   0x00000048   Code   RO          115    i.disturbed_thread  main.o
    0x08001630   0x08001630   0x00000040   Code   RO          116    i.filtered_thread   main.o
    0x08001670   0x08001670   0x0000002a   Code   RO         4824    i.isrMessageGet     RTX_CM4.lib(rt_cmsis.o)
    0x0800169a   0x0800169a   0x0000002c   Code   RO         4825    i.isrMessagePut     RTX_CM4.lib(rt_cmsis.o)
    0x080016c6   0x080016c6   0x00000024   Code   RO         4827    i.isrSignalSet      RTX_CM4.lib(rt_cmsis.o)
    0x080016ea   0x080016ea   0x00000002   PAD
    0x080016ec   0x080016ec   0x00000028   Code   RO         5655    i.isr_evt_set       RTX_CM4.lib(rt_event.o)
    0x08001714   0x08001714   0x00000056   Code   RO         5773    i.isr_mbx_receive   RTX_CM4.lib(rt_mailbox.o)
    0x0800176a   0x0800176a   0x0000000e   Code   RO         5774    i.isr_mbx_send      RTX_CM4.lib(rt_mailbox.o)
    0x08001778   0x08001778   0x0000001c   Code   RO          228    i.low_pass_filter   lowpass_fltr.o
    0x08001794   0x08001794   0x00000020   Code   RO          229    i.low_pass_filter_init  lowpass_fltr.o
    0x080017b4   0x080017b4   0x000000a0   Code   RO          117    i.main              main.o
    0x08001854   0x08001854   0x00000048   Code   RO          118    i.noise_thread      main.o
    0x0800189c   0x0800189c   0x00000018   Code   RO         4828    i.osDelay           RTX_CM4.lib(rt_cmsis.o)
    0x080018b4   0x080018b4   0x00000024   Code   RO         4829    i.osKernelInitialize  RTX_CM4.lib(rt_cmsis.o)
    0x080018d8   0x080018d8   0x0000006c   Code   RO         4831    i.osKernelStart     RTX_CM4.lib(rt_cmsis.o)
    0x08001944   0x08001944   0x00000018   Code   RO         4840    i.osMessageGet      RTX_CM4.lib(rt_cmsis.o)
    0x0800195c   0x0800195c   0x00000018   Code   RO         4855    i.osSignalSet       RTX_CM4.lib(rt_cmsis.o)
    0x08001974   0x08001974   0x00000018   Code   RO         4856    i.osSignalWait      RTX_CM4.lib(rt_cmsis.o)
    0x0800198c   0x0800198c   0x0000002c   Code   RO         4857    i.osThreadCreate    RTX_CM4.lib(rt_cmsis.o)
    0x080019b8   0x080019b8   0x00000018   Code   RO         4858    i.osThreadExit      RTX_CM4.lib(rt_cmsis.o)
    0x080019d0   0x080019d0   0x0000000c   Code   RO         4864    i.osTimerCall       RTX_CM4.lib(rt_cmsis.o)
    0x080019dc   0x080019dc   0x0000002c   Code   RO         4869    i.osTimerThread     RTX_CM4.lib(rt_cmsis.o)
    0x08001a08   0x08001a08   0x00000022   Code   RO         4002    i.os_error          rtx_conf_cm.o
    0x08001a2a   0x08001a2a   0x00000004   Code   RO         4003    i.os_idle_demon     rtx_conf_cm.o
    0x08001a2e   0x08001a2e   0x00000002   PAD
    0x08001a30   0x08001a30   0x00000028   Code   RO         5565    i.os_tick_init      RTX_CM4.lib(rt_system.o)
    0x08001a58   0x08001a58   0x00000002   Code   RO         5566    i.os_tick_irqack    RTX_CM4.lib(rt_system.o)
    0x08001a5a   0x08001a5a   0x0000001a   Code   RO         5919    i.rt_alloc_box      RTX_CM4.lib(rt_membox.o)
    0x08001a74   0x08001a74   0x0000003e   Code   RO         5947    i.rt_alloc_mem      RTX_CM4.lib(rt_memory.o)
    0x08001ab2   0x08001ab2   0x00000002   PAD
    0x08001ab4   0x08001ab4   0x00000038   Code   RO         5446    i.rt_block          RTX_CM4.lib(rt_task.o)
    0x08001aec   0x08001aec   0x00000048   Code   RO         5896    i.rt_chk_robin      RTX_CM4.lib(rt_robin.o)
    0x08001b34   0x08001b34   0x00000070   Code   RO         5697    i.rt_dec_dly        RTX_CM4.lib(rt_list.o)
    0x08001ba4   0x08001ba4   0x00000044   Code   RO         5447    i.rt_dispatch       RTX_CM4.lib(rt_task.o)
    0x08001be8   0x08001be8   0x00000006   Code   RO         5863    i.rt_dly_wait       RTX_CM4.lib(rt_time.o)
    0x08001bee   0x08001bee   0x00000002   PAD
    0x08001bf0   0x08001bf0   0x00000050   Code   RO         5658    i.rt_evt_psh        RTX_CM4.lib(rt_event.o)
    0x08001c40   0x08001c40   0x0000005c   Code   RO         5659    i.rt_evt_set        RTX_CM4.lib(rt_event.o)
    0x08001c9c   0x08001c9c   0x0000003c   Code   RO         5660    i.rt_evt_wait       RTX_CM4.lib(rt_event.o)
    0x08001cd8   0x08001cd8   0x0000002c   Code   RO         5920    i.rt_free_box       RTX_CM4.lib(rt_membox.o)
    0x08001d04   0x08001d04   0x00000028   Code   RO         5948    i.rt_free_mem       RTX_CM4.lib(rt_memory.o)
    0x08001d2c   0x08001d2c   0x00000028   Code   RO         5698    i.rt_get_first      RTX_CM4.lib(rt_list.o)
    0x08001d54   0x08001d54   0x00000008   Code   RO         4874    i.rt_id2obj         RTX_CM4.lib(rt_cmsis.o)
    0x08001d5c   0x08001d5c   0x00000048   Code   RO         5448    i.rt_init_context   RTX_CM4.lib(rt_task.o)
    0x08001da4   0x08001da4   0x0000001a   Code   RO         5949    i.rt_init_mem       RTX_CM4.lib(rt_memory.o)
    0x08001dbe   0x08001dbe   0x00000002   PAD
    0x08001dc0   0x08001dc0   0x00000018   Code   RO         5897    i.rt_init_robin     RTX_CM4.lib(rt_robin.o)
    0x08001dd8   0x08001dd8   0x00000080   Code   RO         5974    i.rt_init_stack     RTX_CM4.lib(hal_cm.o)
    0x08001e58   0x08001e58   0x00000008   Code   RO         5775    i.rt_mbx_check      RTX_CM4.lib(rt_mailbox.o)
    0x08001e60   0x08001e60   0x0000001a   Code   RO         5776    i.rt_mbx_init       RTX_CM4.lib(rt_mailbox.o)
    0x08001e7a   0x08001e7a   0x00000002   PAD
    0x08001e7c   0x08001e7c   0x000000f0   Code   RO         5777    i.rt_mbx_psh        RTX_CM4.lib(rt_mailbox.o)
    0x08001f6c   0x08001f6c   0x000000b4   Code   RO         5779    i.rt_mbx_wait       RTX_CM4.lib(rt_mailbox.o)
    0x08002020   0x08002020   0x00000044   Code   RO         4875    i.rt_ms2tick        RTX_CM4.lib(rt_cmsis.o)
    0x08002064   0x08002064   0x000000d8   Code   RO         5532    i.rt_mut_release    RTX_CM4.lib(rt_mutex.o)
    0x0800213c   0x0800213c   0x00000078   Code   RO         5533    i.rt_mut_wait       RTX_CM4.lib(rt_mutex.o)
    0x080021b4   0x080021b4   0x0000007c   Code   RO         5569    i.rt_pop_req        RTX_CM4.lib(rt_system.o)
    0x08002230   0x08002230   0x00000020   Code   RO         5570    i.rt_psh_req        RTX_CM4.lib(rt_system.o)
    0x08002250   0x08002250   0x0000005c   Code   RO         5700    i.rt_psq_enq        RTX_CM4.lib(rt_list.o)
    0x080022ac   0x080022ac   0x00000048   Code   RO         5701    i.rt_put_dly        RTX_CM4.lib(rt_list.o)
    0x080022f4   0x080022f4   0x00000036   Code   RO         5702    i.rt_put_prio       RTX_CM4.lib(rt_list.o)
    0x0800232a   0x0800232a   0x00000002   PAD
    0x0800232c   0x0800232c   0x00000014   Code   RO         5703    i.rt_put_rdy_first  RTX_CM4.lib(rt_list.o)
    0x08002340   0x08002340   0x00000034   Code   RO         5704    i.rt_resort_prio    RTX_CM4.lib(rt_list.o)
    0x08002374   0x08002374   0x00000010   Code   RO         5975    i.rt_ret_regs       RTX_CM4.lib(hal_cm.o)
    0x08002384   0x08002384   0x0000000c   Code   RO         5976    i.rt_ret_val        RTX_CM4.lib(hal_cm.o)
    0x08002390   0x08002390   0x00000010   Code   RO         5977    i.rt_ret_val2       RTX_CM4.lib(hal_cm.o)
    0x080023a0   0x080023a0   0x00000028   Code   RO         5705    i.rt_rmv_dly        RTX_CM4.lib(rt_list.o)
    0x080023c8   0x080023c8   0x00000030   Code   RO         5706    i.rt_rmv_list       RTX_CM4.lib(rt_list.o)
    0x080023f8   0x080023f8   0x00000034   Code   RO         5824    i.rt_sem_psh        RTX_CM4.lib(rt_semaphore.o)
    0x0800242c   0x0800242c   0x00000024   Code   RO         5572    i.rt_stk_check      RTX_CM4.lib(rt_system.o)
    0x08002450   0x08002450   0x00000028   Code   RO         5449    i.rt_switch_req     RTX_CM4.lib(rt_task.o)
    0x08002478   0x08002478   0x000000cc   Code   RO         5450    i.rt_sys_init       RTX_CM4.lib(rt_task.o)
    0x08002544   0x08002544   0x00000078   Code   RO         5451    i.rt_sys_start      RTX_CM4.lib(rt_task.o)
    0x080025bc   0x080025bc   0x00000040   Code   RO         5574    i.rt_systick        RTX_CM4.lib(rt_system.o)
    0x080025fc   0x080025fc   0x00000012   Code   RO         4876    i.rt_tid2ptcb       RTX_CM4.lib(rt_cmsis.o)
    0x0800260e   0x0800260e   0x00000002   PAD
    0x08002610   0x08002610   0x00000034   Code   RO         4877    i.rt_timer_insert   RTX_CM4.lib(rt_cmsis.o)
    0x08002644   0x08002644   0x00000088   Code   RO         5452    i.rt_tsk_create     RTX_CM4.lib(rt_task.o)
    0x080026cc   0x080026cc   0x0000017c   Code   RO         5453    i.rt_tsk_delete     RTX_CM4.lib(rt_task.o)
    0x08002848   0x08002848   0x0000007c   Code   RO         5455    i.rt_tsk_prio       RTX_CM4.lib(rt_task.o)
    0x080028c4   0x080028c4   0x00000010   Code   RO         5456    i.rt_tsk_self       RTX_CM4.lib(rt_task.o)
    0x080028d4   0x080028d4   0x0000001a   Code   RO          262    i.sine_calc_sample_q15  sine_generator.o
    0x080028ee   0x080028ee   0x00000002   PAD
    0x080028f0   0x080028f0   0x00000134   Code   RO          263    i.sine_generator_init_q15  sine_generator.o
    0x08002a24   0x08002a24   0x00000048   Code   RO          119    i.sine_thread       main.o
    0x08002a6c   0x08002a6c   0x00000012   Code   RO         4879    i.svcDelay          RTX_CM4.lib(rt_cmsis.o)
    0x08002a7e   0x08002a7e   0x00000002   PAD
    0x08002a80   0x08002a80   0x00000070   Code   RO         4880    i.svcKernelInitialize  RTX_CM4.lib(rt_cmsis.o)
    0x08002af0   0x08002af0   0x00000048   Code   RO         4882    i.svcKernelStart    RTX_CM4.lib(rt_cmsis.o)
    0x08002b38   0x08002b38   0x00000024   Code   RO         4885    i.svcMessageCreate  RTX_CM4.lib(rt_cmsis.o)
    0x08002b5c   0x08002b5c   0x0000003a   Code   RO         4886    i.svcMessageGet     RTX_CM4.lib(rt_cmsis.o)
    0x08002b96   0x08002b96   0x00000024   Code   RO         4898    i.svcSignalSet      RTX_CM4.lib(rt_cmsis.o)
    0x08002bba   0x08002bba   0x00000002   PAD
    0x08002bbc   0x08002bbc   0x00000054   Code   RO         4899    i.svcSignalWait     RTX_CM4.lib(rt_cmsis.o)
    0x08002c10   0x08002c10   0x0000006c   Code   RO         4900    i.svcThreadCreate   RTX_CM4.lib(rt_cmsis.o)
    0x08002c7c   0x08002c7c   0x0000001c   Code   RO         4901    i.svcThreadGetId    RTX_CM4.lib(rt_cmsis.o)
    0x08002c98   0x08002c98   0x00000038   Code   RO         4904    i.svcThreadTerminate  RTX_CM4.lib(rt_cmsis.o)
    0x08002cd0   0x08002cd0   0x00000018   Code   RO         4906    i.svcTimerCall      RTX_CM4.lib(rt_cmsis.o)
    0x08002ce8   0x08002ce8   0x00000030   Code   RO          120    i.sync_thread       main.o
    0x08002d18   0x08002d18   0x0000005c   Code   RO         4915    i.sysTimerTick      RTX_CM4.lib(rt_cmsis.o)
    0x08002d74   0x08002d74   0x0000000a   Code   RO         6340    x$fpl$fpinit        fz_wm.l(fpinit.o)
    0x08002d7e   0x08002d7e   0x00000002   PAD
    0x08002d80   0x08002d80   0x00000050   Data   RO          122    .constdata          main.o
    0x08002dd0   0x08002dd0   0x000e0b34   Data   RO          767    .constdata          commontables.o
    0x080e3904   0x080e3904   0x00000068   Data   RO         4005    .constdata          rtx_conf_cm.o
    0x080e396c   0x080e396c   0x00000018   Data   RO         4789    .constdata          system_stm32f4xx.o
    0x080e3984   0x080e3984   0x00000020   Data   RO         6374    Region$$Table       anon$$obj.o


    Execution Region ER_RW (Exec base: 0x20000000, Load base: 0x080e39a4, Size: 0x000000b0, Max: 0xffffffff, ABSOLUTE)

    Exec Addr    Load Addr    Size         Type   Attr      Idx    E Section Name        Object

    0x20000000   0x080e39a4   0x00000024   Data   RW          123    .data               main.o
    0x20000024   0x080e39c8   0x00000040   Data   RW          231    .data               lowpass_fltr.o
    0x20000064   0x080e3a08   0x00000014   Data   RW         4006    .data               rtx_conf_cm.o
    0x20000078   0x080e3a1c   0x00000009   Data   RW         4085    .data               stm32f4xx_hal.o
    0x20000081   0x080e3a25   0x00000003   PAD
    0x20000084   0x080e3a28   0x00000004   Data   RW         4790    .data               system_stm32f4xx.o
    0x20000088   0x080e3a2c   0x00000008   Data   RW         4918    .data               RTX_CM4.lib(rt_cmsis.o)
    0x20000090   0x080e3a34   0x00000008   Data   RW         5458    .data               RTX_CM4.lib(rt_task.o)
    0x20000098   0x080e3a3c   0x00000008   Data   RW         5577    .data               RTX_CM4.lib(rt_system.o)
    0x200000a0   0x080e3a44   0x00000004   Data   RW         5867    .data               RTX_CM4.lib(rt_time.o)
    0x200000a4   0x080e3a48   0x00000008   Data   RW         5898    .data               RTX_CM4.lib(rt_robin.o)
    0x200000ac   0x080e3a50   0x00000001   Data   RW         5978    .data               RTX_CM4.lib(hal_cm.o)


    Execution Region ER_ZI (Exec base: 0x200000b0, Load base: 0x080e3a54, Size: 0x00001328, Max: 0xffffffff, ABSOLUTE)

    Exec Addr    Load Addr    Size         Type   Attr      Idx    E Section Name        Object

    0x200000b0        -       0x00000048   Zero   RW          121    .bss                main.o
    0x200000f8        -       0x00000050   Zero   RW          230    .bss                lowpass_fltr.o
    0x20000148        -       0x00000bc8   Zero   RW         4004    .bss                rtx_conf_cm.o
    0x20000d10        -       0x00000034   Zero   RW         5457    .bss                RTX_CM4.lib(rt_task.o)
    0x20000d44        -       0x00000030   Zero   RW         5707    .bss                RTX_CM4.lib(rt_list.o)
    0x20000d74        -       0x00000060   Zero   RW         6040    .bss                c_w.l(libspace.o)
    0x20000dd4   0x080e3a54   0x00000004   PAD
    0x20000dd8        -       0x00000200   Zero   RW         4778    HEAP                startup_stm32f407xx.o
    0x20000fd8        -       0x00000400   Zero   RW         4777    STACK               startup_stm32f407xx.o


==============================================================================

Image component sizes


      Code (inc. data)   RO Data    RW Data    ZI Data      Debug   Object Name

         0          0          0          0          0      16532   basicmathfunctions.o
       242         24          0          0          0     631486   clock.o
         0          0     920372          0          0      13627   commontables.o
       160         14          0          0          0        854   fastmathfunctions.o
      1142          0          0          0          0      23708   filteringfunctions.o
        60         18          0         64         80       1823   lowpass_fltr.o
       488        136         80         36         72      25921   main.o
       126         26        104         20       3016       9447   rtx_conf_cm.o
       334         18          0          0          0       1813   sine_generator.o
        64         26        392          0       1536        860   startup_stm32f407xx.o
       138         22          0          9          0       9441   stm32f4xx_hal.o
       312         22          0          0          0      34928   stm32f4xx_hal_cortex.o
      1736         64          0          0          0       5030   stm32f4xx_hal_rcc.o
        48          4          0          0          0        779   supportfunctions.o
        28          4         24          4          0       1459   system_stm32f4xx.o

    ----------------------------------------------------------------------
      4888        378     921004        136       4704     777708   Object Totals
         0          0         32          0          0          0   (incl. Generated)
        10          0          0          3          0          0   (incl. Padding)

    ----------------------------------------------------------------------

      Code (inc. data)   RO Data    RW Data    ZI Data      Debug   Library Member Name

       268         24          0          1          0       4440   hal_cm.o
       408         34          0          0          0        812   hal_cm4.o
      1356        160          0          8          0      39562   rt_cmsis.o
       272         18          0          0          0       2798   rt_event.o
       530         34          0          0         48       8589   rt_list.o
       554         10          0          0          0       4177   rt_mailbox.o
       140          0          0          0          0       2033   rt_membox.o
       128          0          0          0          0       2411   rt_memory.o
       336         14          0          0          0       1719   rt_mutex.o
        96         22          0          8          0       1230   rt_robin.o
        52          4          0          0          0        613   rt_semaphore.o
       298         52          0          8          0       6427   rt_system.o
      1216        174          0          8         52      10017   rt_task.o
         6          0          0          4          0        684   rt_time.o
         4          4          0          0          0        196   svc_table.o
         8          0          0          0          0         68   __main.o
         0          0          0          0          0          0   __rtentry.o
        20          0          0          0          0          0   __rtentry2.o
         6          0          0          0          0          0   __rtentry4.o
        52          8          0          0          0          0   __scatter.o
        26          0          0          0          0          0   __scatter_copy.o
        28          0          0          0          0          0   __scatter_zi.o
        18          0          0          0          0         80   exit.o
         6          0          0          0          0        152   heapauxi.o
         0          0          0          0          0          0   indicate_semi.o
         2          0          0          0          0          0   libinit.o
         6          0          0          0          0          0   libinit2.o
         2          0          0          0          0          0   libshutdown.o
         2          0          0          0          0          0   libshutdown2.o
         8          4          0          0         96         68   libspace.o
       238          0          0          0          0        100   lludivv7m.o
        68          0          0          0          0         68   rt_memclr.o
        78          0          0          0          0         80   rt_memclr_w.o
         2          0          0          0          0          0   rtexit.o
        10          0          0          0          0          0   rtexit2.o
        12          4          0          0          0         68   sys_exit.o
        74          0          0          0          0         80   sys_stackheap_outer.o
         2          0          0          0          0         68   use_no_semi.o
        10          0          0          0          0        116   fpinit.o

    ----------------------------------------------------------------------
      6368        566          0         40        200      86656   Library Totals
        26          0          0          3          4          0   (incl. Padding)

    ----------------------------------------------------------------------

      Code (inc. data)   RO Data    RW Data    ZI Data      Debug   Library Name

      5664        550          0         37        100      85708   RTX_CM4.lib
       668         16          0          0         96        832   c_w.l
        10          0          0          0          0        116   fz_wm.l

    ----------------------------------------------------------------------
      6368        566          0         40        200      86656   Library Totals

    ----------------------------------------------------------------------

==============================================================================


      Code (inc. data)   RO Data    RW Data    ZI Data      Debug   

     11256        944     921004        176       4904     853052   Grand Totals
     11256        944     921004        176       4904     853052   ELF Image Totals
     11256        944     921004        176          0          0   ROM Totals

==============================================================================

    Total RO  Size (Code + RO Data)               932260 ( 910.41kB)
    Total RW  Size (RW Data + ZI Data)              5080 (   4.96kB)
    Total ROM Size (Code + RO Data + RW Data)     932436 ( 910.58kB)

==============================================================================

