Component: ARM Compiler 5.06 update 7 (build 960) Tool: armlink [4d3601]

==============================================================================

Section Cross References

    clock.o(i.SystemClock_Config) refers to rt_memclr_w.o(.text) for __aeabi_memclr4
    clock.o(i.SystemClock_Config) refers to stm32f4xx_hal_rcc.o(i.HAL_RCC_OscConfig) for HAL_RCC_OscConfig
    clock.o(i.SystemClock_Config) refers to clock.o(i._Error_Handler) for _Error_Handler
    clock.o(i.SystemClock_Config) refers to stm32f4xx_hal_rcc.o(i.HAL_RCC_ClockConfig) for HAL_RCC_ClockConfig
    clock.o(i.SystemClock_Config) refers to stm32f4xx_hal_rcc.o(i.HAL_RCC_GetHCLKFreq) for HAL_RCC_GetHCLKFreq
    clock.o(i.SystemClock_Config) refers to stm32f4xx_hal_cortex.o(i.HAL_SYSTICK_Config) for HAL_SYSTICK_Config
    clock.o(i.SystemClock_Config) refers to stm32f4xx_hal_cortex.o(i.HAL_SYSTICK_CLKSourceConfig) for HAL_SYSTICK_CLKSourceConfig
    clock.o(i.SystemClock_Config) refers to stm32f4xx_hal_cortex.o(i.HAL_NVIC_SetPriority) for HAL_NVIC_SetPriority
    main.o(i.SysTick_Handler) refers to stm32f4xx_hal.o(i.HAL_IncTick) for HAL_IncTick
    main.o(i.SysTick_Handler) refers to stm32f4xx_hal_cortex.o(i.HAL_SYSTICK_IRQHandler) for HAL_SYSTICK_IRQHandler
    main.o(i.main) refers to stm32f4xx_hal.o(i.HAL_Init) for HAL_Init
    main.o(i.main) refers to clock.o(i.SystemClock_Config) for SystemClock_Config
    main.o(i.main) refers to stm32f4xx_hal_rcc.o(i.HAL_RCC_GetHCLKFreq) for HAL_RCC_GetHCLKFreq
    main.o(i.main) refers to sine_generator.o(i.sine_generator_init_q15) for sine_generator_init_q15
    main.o(i.main) refers to lowpass_fltr.o(i.low_pass_filter_init) for low_pass_filter_init
    main.o(i.main) refers to sine_generator.o(i.sine_calc_sample_q15) for sine_calc_sample_q15
    main.o(i.main) refers to lowpass_fltr.o(i.low_pass_filter) for low_pass_filter
    main.o(i.main) refers to stm32f4xx_hal.o(i.HAL_Delay) for HAL_Delay
    main.o(i.main) refers to main.o(.data) for freq
    main.o(i.main) refers to main.o(.bss) for Signal_set
    lowpass_fltr.o(i.low_pass_filter) refers to filteringfunctions.o(i.arm_fir_q15) for arm_fir_q15
    lowpass_fltr.o(i.low_pass_filter) refers to lowpass_fltr.o(.bss) for low_pass_filter_set
    lowpass_fltr.o(i.low_pass_filter_init) refers to filteringfunctions.o(i.arm_fir_init_q15) for arm_fir_init_q15
    lowpass_fltr.o(i.low_pass_filter_init) refers to lowpass_fltr.o(.bss) for low_pass_filter_state
    lowpass_fltr.o(i.low_pass_filter_init) refers to lowpass_fltr.o(.data) for low_pass_filter_coeff
    sine_generator.o(i.sine_calc_sample_q15) refers to filteringfunctions.o(i.arm_biquad_cascade_df1_q15) for arm_biquad_cascade_df1_q15
    sine_generator.o(i.sine_generator_init_q15) refers to fastmathfunctions.o(i.arm_sin_f32) for arm_sin_f32
    sine_generator.o(i.sine_generator_init_q15) refers to supportfunctions.o(i.arm_float_to_q15) for arm_float_to_q15
    sine_generator.o(i.sine_generator_init_q15) refers to filteringfunctions.o(i.arm_biquad_cascade_df1_init_q15) for arm_biquad_cascade_df1_init_q15
    basicmathfunctions.o(i.arm_shift_q31) refers to llshl.o(.text) for __aeabi_llsl
    bayesfunctions.o(i.arm_gaussian_naive_bayes_predict_f32) refers to logf.o(i.__hardfp_logf) for __hardfp_logf
    bayesfunctions.o(i.arm_gaussian_naive_bayes_predict_f32) refers to statisticsfunctions.o(i.arm_max_f32) for arm_max_f32
    complexmathfunctions.o(i.arm_cmplx_mag_q15) refers to fastmathfunctions.o(i.arm_sqrt_q15) for arm_sqrt_q15
    complexmathfunctions.o(i.arm_cmplx_mag_q31) refers to fastmathfunctions.o(i.arm_sqrt_q31) for arm_sqrt_q31
    controllerfunctions.o(i.arm_sin_cos_f32) refers to commontables.o(.constdata) for sinTable_f32
    controllerfunctions.o(i.arm_sin_cos_q31) refers to commontables.o(.constdata) for sinTable_q31
    distancefunctions.o(i.arm_braycurtis_distance_f32) refers to distancefunctions.o(i.fabsf) for fabsf
    distancefunctions.o(i.arm_canberra_distance_f32) refers to distancefunctions.o(i.fabsf) for fabsf
    distancefunctions.o(i.arm_chebyshev_distance_f32) refers to distancefunctions.o(i.fabsf) for fabsf
    distancefunctions.o(i.arm_cityblock_distance_f32) refers to distancefunctions.o(i.fabsf) for fabsf
    distancefunctions.o(i.arm_correlation_distance_f32) refers to statisticsfunctions.o(i.arm_mean_f32) for arm_mean_f32
    distancefunctions.o(i.arm_correlation_distance_f32) refers to basicmathfunctions.o(i.arm_offset_f32) for arm_offset_f32
    distancefunctions.o(i.arm_correlation_distance_f32) refers to statisticsfunctions.o(i.arm_power_f32) for arm_power_f32
    distancefunctions.o(i.arm_correlation_distance_f32) refers to basicmathfunctions.o(i.arm_dot_prod_f32) for arm_dot_prod_f32
    distancefunctions.o(i.arm_cosine_distance_f32) refers to statisticsfunctions.o(i.arm_power_f32) for arm_power_f32
    distancefunctions.o(i.arm_cosine_distance_f32) refers to basicmathfunctions.o(i.arm_dot_prod_f32) for arm_dot_prod_f32
[...]
    Removing stm32f4xx_hal_rcc_ex.o(i.HAL_RCCEx_GetPeriphCLKConfig), (56 bytes).
    Removing stm32f4xx_hal_rcc_ex.o(i.HAL_RCCEx_GetPeriphCLKFreq), (144 bytes).
    Removing stm32f4xx_hal_rcc_ex.o(i.HAL_RCCEx_PeriphCLKConfig), (416 bytes).
    Removing stm32f4xx_hal_rcc_ex.o(i.HAL_RCC_DeInit), (384 bytes).
    Removing system_stm32f4xx.o(.rev16_text), (4 bytes).
    Removing system_stm32f4xx.o(.revsh_text), (4 bytes).
    Removing system_stm32f4xx.o(.rrx_text), (6 bytes).
    Removing system_stm32f4xx.o(i.SystemCoreClockUpdate), (192 bytes).

556 unused section(s) (total 108558 bytes) removed from the image.

==============================================================================

Image Symbol Table

    Local Symbols

    Symbol Name                              Value     Ov Type        Size  Object(Section)

    ../clib/angel/boardlib.s                 0x00000000   Number         0  boardinit3.o ABSOLUTE
    ../clib/angel/boardlib.s                 0x00000000   Number         0  boardinit2.o ABSOLUTE
    ../clib/angel/boardlib.s                 0x00000000   Number         0  boardinit1.o ABSOLUTE
    ../clib/angel/boardlib.s                 0x00000000   Number         0  boardshut.o ABSOLUTE
    ../clib/angel/handlers.s                 0x00000000   Number         0  __scatter_zi.o ABSOLUTE
    ../clib/angel/handlers.s                 0x00000000   Number         0  __scatter_copy.o ABSOLUTE
    ../clib/angel/kernel.s                   0x00000000   Number         0  __rtentry.o ABSOLUTE
    ../clib/angel/kernel.s                   0x00000000   Number         0  rtexit2.o ABSOLUTE
    ../clib/angel/kernel.s                   0x00000000   Number         0  rtexit.o ABSOLUTE
    ../clib/angel/kernel.s                   0x00000000   Number         0  __rtentry4.o ABSOLUTE
    ../clib/angel/kernel.s                   0x00000000   Number         0  __rtentry2.o ABSOLUTE
    ../clib/angel/rt.s                       0x00000000   Number         0  rt_div0.o ABSOLUTE
    ../clib/angel/rt.s                       0x00000000   Number         0  aeabi_ldiv0.o ABSOLUTE
    ../clib/angel/rt.s                       0x00000000   Number         0  aeabi_ldiv0_sigfpe.o ABSOLUTE
    ../clib/angel/rt.s                       0x00000000   Number         0  rt_raise.o ABSOLUTE
    ../clib/angel/rt.s                       0x00000000   Number         0  rt_errno_addr_intlibspace.o ABSOLUTE
    ../clib/angel/rt.s                       0x00000000   Number         0  rt_errno_addr.o ABSOLUTE
    ../clib/angel/scatter.s                  0x00000000   Number         0  __scatter.o ABSOLUTE
    ../clib/angel/startup.s                  0x00000000   Number         0  __main.o ABSOLUTE
    ../clib/angel/sys.s                      0x00000000   Number         0  sys_stackheap_outer.o ABSOLUTE
    ../clib/angel/sys.s                      0x00000000   Number         0  libspace.o ABSOLUTE
    ../clib/angel/sys.s                      0x00000000   Number         0  indicate_semi.o ABSOLUTE
    ../clib/angel/sys.s                      0x00000000   Number         0  use_no_semi.o ABSOLUTE
    ../clib/angel/sysapp.c                   0x00000000   Number         0  sys_exit.o ABSOLUTE
    ../clib/angel/sysapp.c                   0x00000000   Number         0  sys_command.o ABSOLUTE
    ../clib/angel/sysapp.c                   0x00000000   Number         0  sys_wrch.o ABSOLUTE
    ../clib/armsys.c                         0x00000000   Number         0  argv_veneer.o ABSOLUTE
    ../clib/armsys.c                         0x00000000   Number         0  no_argv.o ABSOLUTE
    ../clib/armsys.c                         0x00000000   Number         0  _get_argv_nomalloc.o ABSOLUTE
    ../clib/armsys.c                         0x00000000   Number         0  argv_veneer.o ABSOLUTE
    ../clib/fenv.c                           0x00000000   Number         0  _rserrno.o ABSOLUTE
    ../clib/heapalloc.c                      0x00000000   Number         0  hrguard.o ABSOLUTE
    ../clib/heapaux.c                        0x00000000   Number         0  heapauxi.o ABSOLUTE
    ../clib/libinit.s                        0x00000000   Number         0  libshutdown2.o ABSOLUTE
    ../clib/libinit.s                        0x00000000   Number         0  libshutdown.o ABSOLUTE
    ../clib/libinit.s                        0x00000000   Number         0  libinit.o ABSOLUTE
    ../clib/libinit.s                        0x00000000   Number         0  libinit2.o ABSOLUTE
    ../clib/longlong.s                       0x00000000   Number         0  lludivv7m.o ABSOLUTE
    ../clib/longlong.s                       0x00000000   Number         0  llshl.o ABSOLUTE
    ../clib/longlong.s                       0x00000000   Number         0  llsdiv.o ABSOLUTE
    ../clib/longlong.s                       0x00000000   Number         0  llsshr.o ABSOLUTE
    ../clib/memcpset.s                       0x00000000   Number         0  rt_memclr.o ABSOLUTE
    ../clib/memcpset.s                       0x00000000   Number         0  rt_memcpy_w.o ABSOLUTE
    ../clib/memcpset.s                       0x00000000   Number         0  rt_memclr_w.o ABSOLUTE
    ../clib/signal.c                         0x00000000   Number         0  defsig_rtred_inner.o ABSOLUTE
    ../clib/signal.c                         0x00000000   Number         0  defsig_other.o ABSOLUTE
    ../clib/signal.c                         0x00000000   Number         0  defsig_segv_inner.o ABSOLUTE
    ../clib/signal.c                         0x00000000   Number         0  defsig_general.o ABSOLUTE
    ../clib/signal.c                         0x00000000   Number         0  defsig_cppl_inner.o ABSOLUTE
    ../clib/signal.c                         0x00000000   Number         0  defsig_abrt_inner.o ABSOLUTE
    ../clib/signal.c                         0x00000000   Number         0  defsig_fpe_outer.o ABSOLUTE
    ../clib/signal.c                         0x00000000   Number         0  defsig_fpe_formal.o ABSOLUTE
    ../clib/signal.c                         0x00000000   Number         0  defsig_rtmem_inner.o ABSOLUTE
    ../clib/signal.c                         0x00000000   Number         0  defsig_rtmem_outer.o ABSOLUTE
    ../clib/signal.c                         0x00000000   Number         0  defsig_rtmem_formal.o ABSOLUTE
    ../clib/signal.c                         0x00000000   Number         0  __raise.o ABSOLUTE
    ../clib/signal.c                         0x00000000   Number         0  defsig_stak_inner.o ABSOLUTE
    ../clib/signal.c                         0x00000000   Number         0  defsig_pvfn_inner.o ABSOLUTE
    ../clib/signal.c                         0x00000000   Number         0  defsig_fpe_inner.o ABSOLUTE
    ../clib/signal.c                         0x00000000   Number         0  defsig_exit.o ABSOLUTE
    ../clib/signal.s                         0x00000000   Number         0  defsig.o ABSOLUTE
    ../clib/stdlib.c                         0x00000000   Number         0  exit.o ABSOLUTE
    ../fplib/basic.s                         0x00000000   Number         0  basic.o ABSOLUTE
    ../fplib/d2f.s                           0x00000000   Number         0  d2f.o ABSOLUTE
    ../fplib/daddsub.s                       0x00000000   Number         0  daddsub_clz.o ABSOLUTE
    ../fplib/dcmpi.s                         0x00000000   Number         0  dcmpi.o ABSOLUTE
    ../fplib/ddiv.s                          0x00000000   Number         0  ddiv.o ABSOLUTE
    ../fplib/deqf.s                          0x00000000   Number         0  deqf.o ABSOLUTE
    ../fplib/dflt.s                          0x00000000   Number         0  dflt_clz.o ABSOLUTE
    ../fplib/dmul.s                          0x00000000   Number         0  dmul.o ABSOLUTE
    ../fplib/dnaninf.s                       0x00000000   Number         0  dnaninf.o ABSOLUTE
    ../fplib/dretinf.s                       0x00000000   Number         0  dretinf.o ABSOLUTE
    ../fplib/f2d.s                           0x00000000   Number         0  f2d.o ABSOLUTE
    ../fplib/ffixll.s                        0x00000000   Number         0  ffixll.o ABSOLUTE
    ../fplib/fnaninf.s                       0x00000000   Number         0  fnaninf.o ABSOLUTE
    ../fplib/fpinit.s                        0x00000000   Number         0  fpinit.o ABSOLUTE
    ../fplib/fretinf.s                       0x00000000   Number         0  fretinf.o ABSOLUTE
    ../fplib/istatus.s                       0x00000000   Number         0  istatus.o ABSOLUTE
    ../fplib/usenofp.s                       0x00000000   Number         0  usenofp.o ABSOLUTE
    ../mathlib/dunder.c                      0x00000000   Number         0  dunder.o ABSOLUTE
    ../mathlib/expf.c                        0x00000000   Number         0  expf_x.o ABSOLUTE
    ../mathlib/expf.c                        0x00000000   Number         0  expf.o ABSOLUTE
    ../mathlib/fpclassifyf.c                 0x00000000   Number         0  fpclassifyf.o ABSOLUTE
    ../mathlib/funder.c                      0x00000000   Number         0  funder.o ABSOLUTE
    ../mathlib/log.c                         0x00000000   Number         0  log_x.o ABSOLUTE
    ../mathlib/log.c                         0x00000000   Number         0  log.o ABSOLUTE
    ../mathlib/logf.c                        0x00000000   Number         0  logf.o ABSOLUTE
    ../mathlib/logf.c                        0x00000000   Number         0  logf_x.o ABSOLUTE
    ../mathlib/poly.c                        0x00000000   Number         0  poly.o ABSOLUTE
    ../mathlib/powf.c                        0x00000000   Number         0  powf.o ABSOLUTE
    ../mathlib/powf.c                        0x00000000   Number         0  powf_x.o ABSOLUTE
    ../mathlib/qnan.c                        0x00000000   Number         0  qnan.o ABSOLUTE
    ../mathlib/tanhf.c                       0x00000000   Number         0  tanhf_x.o ABSOLUTE
    ../mathlib/tanhf.c                       0x00000000   Number         0  tanhf.o ABSOLUTE
    D:\Users\arge12\AppData\Local\Arm\Packs\ARM\CMSIS\5.7.0\CMSIS\DSP\Source\BasicMathFunctions\BasicMathFunctions.c 0x00000000   Number         0  basicmathfunctions.o ABSOLUTE
    D:\Users\arge12\AppData\Local\Arm\Packs\ARM\CMSIS\5.7.0\CMSIS\DSP\Source\BayesFunctions\BayesFunctions.c 0x00000000   Number         0  bayesfunctions.o ABSOLUTE
    D:\Users\arge12\AppData\Local\Arm\Packs\ARM\CMSIS\5.7.0\CMSIS\DSP\Source\CommonTables\CommonTables.c 0x00000000   Number         0  commontables.o ABSOLUTE
    D:\Users\arge12\AppData\Local\Arm\Packs\ARM\CMSIS\5.7.0\CMSIS\DSP\Source\ComplexMathFunctions\ComplexMathFunctions.c 0x00000000   Number         0  complexmathfunctions.o ABSOLUTE
    D:\Users\arge12\AppData\Local\Arm\Packs\ARM\CMSIS\5.7.0\CMSIS\DSP\Source\ControllerFunctions\ControllerFunctions.c 0x00000000   Number         0  controllerfunctions.o ABSOLUTE
    D:\Users\arge12\AppData\Local\Arm\Packs\ARM\CMSIS\5.7.0\CMSIS\DSP\Source\DistanceFunctions\DistanceFunctions.c 0x00000000   Number         0  distancefunctions.o ABSOLUTE
    D:\Users\arge12\AppData\Local\Arm\Packs\ARM\CMSIS\5.7.0\CMSIS\DSP\Source\FastMathFunctions\FastMathFunctions.c 0x00000000   Number         0  fastmathfunctions.o ABSOLUTE
    D:\Users\arge12\AppData\Local\Arm\Packs\ARM\CMSIS\5.7.0\CMSIS\DSP\Source\FilteringFunctions\FilteringFunctions.c 0x00000000   Number         0  filteringfunctions.o ABSOLUTE
    D:\Users\arge12\AppData\Local\Arm\Packs\ARM\CMSIS\5.7.0\CMSIS\DSP\Source\MatrixFunctions\MatrixFunctions.c 0x00000000   Number         0  matrixfunctions.o ABSOLUTE
    D:\Users\arge12\AppData\Local\Arm\Packs\ARM\CMSIS\5.7.0\CMSIS\DSP\Source\SVMFunctions\SVMFunctions.c 0x00000000   Number         0  svmfunctions.o ABSOLUTE
    D:\Users\arge12\AppData\Local\Arm\Packs\ARM\CMSIS\5.7.0\CMSIS\DSP\Source\StatisticsFunctions\StatisticsFunctions.c 0x00000000   Number         0  statisticsfunctions.o ABSOLUTE
    D:\Users\arge12\AppData\Local\Arm\Packs\ARM\CMSIS\5.7.0\CMSIS\DSP\Source\SupportFunctions\SupportFunctions.c 0x00000000   Number         0  supportfunctions.o ABSOLUTE
    D:\Users\arge12\AppData\Local\Arm\Packs\ARM\CMSIS\5.7.0\CMSIS\DSP\Source\TransformFunctions\TransformFunctions.c 0x00000000   Number         0  transformfunctions.o ABSOLUTE
    D:\Users\arge12\AppData\Local\Arm\Packs\Keil\STM32F4xx_DFP\2.15.0\Drivers\STM32F4xx_HAL_Driver\Src\stm32f4xx_hal.c 0x00000000   Number         0  stm32f4xx_hal.o ABSOLUTE
    D:\Users\arge12\AppData\Local\Arm\Packs\Keil\STM32F4xx_DFP\2.15.0\Drivers\STM32F4xx_HAL_Driver\Src\stm32f4xx_hal_cortex.c 0x00000000   Number         0  stm32f4xx_hal_cortex.o ABSOLUTE
    D:\Users\arge12\AppData\Local\Arm\Packs\Keil\STM32F4xx_DFP\2.15.0\Drivers\STM32F4xx_HAL_Driver\Src\stm32f4xx_hal_gpio.c 0x00000000   Number         0  stm32f4xx_hal_gpio.o ABSOLUTE
    D:\Users\arge12\AppData\Local\Arm\Packs\Keil\STM32F4xx_DFP\2.15.0\Drivers\STM32F4xx_HAL_Driver\Src\stm32f4xx_hal_pwr.c 0x00000000   Number         0  stm32f4xx_hal_pwr.o ABSOLUTE
    D:\Users\arge12\AppData\Local\Arm\Packs\Keil\STM32F4xx_DFP\2.15.0\Drivers\STM32F4xx_HAL_Driver\Src\stm32f4xx_hal_pwr_ex.c 0x00000000   Number         0  stm32f4xx_hal_pwr_ex.o ABSOLUTE
    D:\Users\arge12\AppData\Local\Arm\Packs\Keil\STM32F4xx_DFP\2.15.0\Drivers\STM32F4xx_HAL_Driver\Src\stm32f4xx_hal_rcc.c 0x00000000   Number         0  stm32f4xx_hal_rcc.o ABSOLUTE
    D:\Users\arge12\AppData\Local\Arm\Packs\Keil\STM32F4xx_DFP\2.15.0\Drivers\STM32F4xx_HAL_Driver\Src\stm32f4xx_hal_rcc_ex.c 0x00000000   Number         0  stm32f4xx_hal_rcc_ex.o ABSOLUTE
    D:\\Users\\arge12\\AppData\\Local\\Arm\\Packs\\ARM\\CMSIS\\5.7.0\\CMSIS\\DSP\\Source\\BasicMathFunctions\\BasicMathFunctions.c 0x00000000   Number         0  basicmathfunctions.o ABSOLUTE
    D:\\Users\\arge12\\AppData\\Local\\Arm\\Packs\\ARM\\CMSIS\\5.7.0\\CMSIS\\DSP\\Source\\BayesFunctions\\BayesFunctions.c 0x00000000   Number         0  bayesfunctions.o ABSOLUTE
    D:\\Users\\arge12\\AppData\\Local\\Arm\\Packs\\ARM\\CMSIS\\5.7.0\\CMSIS\\DSP\\Source\\CommonTables\\CommonTables.c 0x00000000   Number         0  commontables.o ABSOLUTE
    D:\\Users\\arge12\\AppData\\Local\\Arm\\Packs\\ARM\\CMSIS\\5.7.0\\CMSIS\\DSP\\Source\\ComplexMathFunctions\\ComplexMathFunctions.c 0x00000000   Number         0  complexmathfunctions.o ABSOLUTE
    D:\\Users\\arge12\\AppData\\Local\\Arm\\Packs\\ARM\\CMSIS\\5.7.0\\CMSIS\\DSP\\Source\\ControllerFunctions\\ControllerFunctions.c 0x00000000   Number         0  controllerfunctions.o ABSOLUTE
    D:\\Users\\arge12\\AppData\\Local\\Arm\\Packs\\ARM\\CMSIS\\5.7.0\\CMSIS\\DSP\\Source\\DistanceFunctions\\DistanceFunctions.c 0x00000000   Number         0  distancefunctions.o ABSOLUTE
    D:\\Users\\arge12\\AppData\\Local\\Arm\\Packs\\ARM\\CMSIS\\5.7.0\\CMSIS\\DSP\\Source\\FastMathFunctions\\FastMathFunctions.c 0x00000000   Number         0  fastmathfunctions.o ABSOLUTE
    D:\\Users\\arge12\\AppData\\Local\\Arm\\Packs\\ARM\\CMSIS\\5.7.0\\CMSIS\\DSP\\Source\\FilteringFunctions\\FilteringFunctions.c 0x00000000   Number         0  filteringfunctions.o ABSOLUTE
    D:\\Users\\arge12\\AppData\\Local\\Arm\\Packs\\ARM\\CMSIS\\5.7.0\\CMSIS\\DSP\\Source\\MatrixFunctions\\MatrixFunctions.c 0x00000000   Number         0  matrixfunctions.o ABSOLUTE
    D:\\Users\\arge12\\AppData\\Local\\Arm\\Packs\\ARM\\CMSIS\\5.7.0\\CMSIS\\DSP\\Source\\SVMFunctions\\SVMFunctions.c 0x00000000   Number         0  svmfunctions.o ABSOLUTE
    D:\\Users\\arge12\\AppData\\Local\\Arm\\Packs\\ARM\\CMSIS\\5.7.0\\CMSIS\\DSP\\Source\\StatisticsFunctions\\StatisticsFunctions.c 0x00000000   Number         0  statisticsfunctions.o ABSOLUTE
    D:\\Users\\arge12\\AppData\\Local\\Arm\\Packs\\ARM\\CMSIS\\5.7.0\\CMSIS\\DSP\\Source\\SupportFunctions\\SupportFunctions.c 0x00000000   Number         0  supportfunctions.o ABSOLUTE
    D:\\Users\\arge12\\AppData\\Local\\Arm\\Packs\\ARM\\CMSIS\\5.7.0\\CMSIS\\DSP\\Source\\TransformFunctions\\TransformFunctions.c 0x00000000   Number         0  transformfunctions.o ABSOLUTE
    D:\\Users\\arge12\\AppData\\Local\\Arm\\Packs\\Keil\\STM32F4xx_DFP\\2.15.0\\Drivers\\STM32F4xx_HAL_Driver\\Src\\stm32f4xx_hal.c 0x00000000   Number         0  stm32f4xx_hal.o ABSOLUTE
    D:\\Users\\arge12\\AppData\\Local\\Arm\\Packs\\Keil\\STM32F4xx_DFP\\2.15.0\\Drivers\\STM32F4xx_HAL_Driver\\Src\\stm32f4xx_hal_cortex.c 0x00000000   Number         0  stm32f4xx_hal_cortex.o ABSOLUTE
    D:\\Users\\arge12\\AppData\\Local\\Arm\\Packs\\Keil\\STM32F4xx_DFP\\2.15.0\\Drivers\\STM32F4xx_HAL_Driver\\Src\\stm32f4xx_hal_gpio.c 0x00000000   Number         0  stm32f4xx_hal_gpio.o ABSOLUTE
    D:\\Users\\arge12\\AppData\\Local\\Arm\\Packs\\Keil\\STM32F4xx_DFP\\2.15.0\\Drivers\\STM32F4xx_HAL_Driver\\Src\\stm32f4xx_hal_pwr.c 0x00000000   Number         0  stm32f4xx_hal_pwr.o ABSOLUTE
    D:\\Users\\arge12\\AppData\\Local\\Arm\\Packs\\Keil\\STM32F4xx_DFP\\2.15.0\\Drivers\\STM32F4xx_HAL_Driver\\Src\\stm32f4xx_hal_pwr_ex.c 0x00000000   Number         0  stm32f4xx_hal_pwr_ex.o ABSOLUTE
    D:\\Users\\arge12\\AppData\\Local\\Arm\\Packs\\Keil\\STM32F4xx_DFP\\2.15.0\\Drivers\\STM32F4xx_HAL_Driver\\Src\\stm32f4xx_hal_rcc.c 0x00000000   Number         0  stm32f4xx_hal_rcc.o ABSOLUTE
    D:\\Users\\arge12\\AppData\\Local\\Arm\\Packs\\Keil\\STM32F4xx_DFP\\2.15.0\\Drivers\\STM32F4xx_HAL_Driver\\Src\\stm32f4xx_hal_rcc_ex.c 0x00000000   Number         0  stm32f4xx_hal_rcc_ex.o ABSOLUTE
    RTE\Device\STM32F407VGTx\startup_stm32f407xx.s 0x00000000   Number         0  startup_stm32f407xx.o ABSOLUTE
    RTE\Device\STM32F407VGTx\system_stm32f4xx.c 0x00000000   Number         0  system_stm32f4xx.o ABSOLUTE
    RTE\\Device\\STM32F407VGTx\\system_stm32f4xx.c 0x00000000   Number         0  system_stm32f4xx.o ABSOLUTE
    dc.s                                     0x00000000   Number         0  dc.o ABSOLUTE
    user\\clock.c                            0x00000000   Number         0  clock.o ABSOLUTE
    user\\lowpass_fltr.c                     0x00000000   Number         0  lowpass_fltr.o ABSOLUTE
    user\\main.c                             0x00000000   Number         0  main.o ABSOLUTE
    user\\sine_generator.c                   0x00000000   Number         0  sine_generator.o ABSOLUTE
    user\\waveforms.c                        0x00000000   Number         0  waveforms.o ABSOLUTE
    user\clock.c                             0x00000000   Number         0  clock.o ABSOLUTE
    user\lowpass_fltr.c                      0x00000000   Number         0  lowpass_fltr.o ABSOLUTE
    user\main.c                              0x00000000   Number         0  main.o ABSOLUTE
    user\sine_generator.c                    0x00000000   Number         0  sine_generator.o ABSOLUTE
    user\waveforms.c                         0x00000000   Number         0  waveforms.o ABSOLUTE
    RESET                                    0x08000000   Section      392  startup_stm32f407xx.o(RESET)
    !!!main                                  0x08000188   Section        8  __main.o(!!!main)
    !!!scatter                               0x08000190   Section       52  __scatter.o(!!!scatter)
    !!handler_copy                           0x080001c4   Section       26  __scatter_copy.o(!!handler_copy)
    !!handler_zi                             0x080001e0   Section       28  __scatter_zi.o(!!handler_zi)
    .ARM.Collect$$libinit$$00000000          0x080001fc   Section        2  libinit.o(.ARM.Collect$$libinit$$00000000)
    .ARM.Collect$$libinit$$00000001          0x080001fe   Section        4  libinit2.o(.ARM.Collect$$libinit$$00000001)
    .ARM.Collect$$libinit$$00000004          0x08000202   Section        0  libinit2.o(.ARM.Collect$$libinit$$00000004)
    .ARM.Collect$$libinit$$0000000A          0x08000202   Section        0  libinit2.o(.ARM.Collect$$libinit$$0000000A)
    .ARM.Collect$$libinit$$0000000C          0x08000202   Section        0  libinit2.o(.ARM.Collect$$libinit$$0000000C)
    .ARM.Collect$$libinit$$0000000E          0x08000202   Section        0  libinit2.o(.ARM.Collect$$libinit$$0000000E)
    .ARM.Collect$$libinit$$00000011          0x08000202   Section        0  libinit2.o(.ARM.Collect$$libinit$$00000011)
    .ARM.Collect$$libinit$$00000013          0x08000202   Section        0  libinit2.o(.ARM.Collect$$libinit$$00000013)
    .ARM.Collect$$libinit$$00000015          0x08000202   Section        0  libinit2.o(.ARM.Collect$$libinit$$00000015)
    .ARM.Collect$$libinit$$00000017          0x08000202   Section        0  libinit2.o(.ARM.Collect$$libinit$$00000017)
    .ARM.Collect$$libinit$$00000019          0x08000202   Section        0  libinit2.o(.ARM.Collect$$libinit$$00000019)
    .ARM.Collect$$libinit$$0000001B          0x08000202   Section        0  libinit2.o(.ARM.Collect$$libinit$$0000001B)
    .ARM.Collect$$libinit$$0000001D          0x08000202   Section        0  libinit2.o(.ARM.Collect$$libinit$$0000001D)
    .ARM.Collect$$libinit$$0000001F          0x08000202   Section        0  libinit2.o(.ARM.Collect$$libinit$$0000001F)
    .ARM.Collect$$libinit$$00000021          0x08000202   Section        0  libinit2.o(.ARM.Collect$$libinit$$00000021)
    .ARM.Collect$$libinit$$00000023          0x08000202   Section        0  libinit2.o(.ARM.Collect$$libinit$$00000023)
    .ARM.Collect$$libinit$$00000025          0x08000202   Section        0  libinit2.o(.ARM.Collect$$libinit$$00000025)
    .ARM.Collect$$libinit$$0000002C          0x08000202   Section        0  libinit2.o(.ARM.Collect$$libinit$$0000002C)
    .ARM.Collect$$libinit$$0000002E          0x08000202   Section        0  libinit2.o(.ARM.Collect$$libinit$$0000002E)
    .ARM.Collect$$libinit$$00000030          0x08000202   Section        0  libinit2.o(.ARM.Collect$$libinit$$00000030)
    .ARM.Collect$$libinit$$00000032          0x08000202   Section        0  libinit2.o(.ARM.Collect$$libinit$$00000032)
    .ARM.Collect$$libinit$$00000033          0x08000202   Section        2  libinit2.o(.ARM.Collect$$libinit$$00000033)
    .ARM.Collect$$libshutdown$$00000000      0x08000204   Section        2  libshutdown.o(.ARM.Collect$$libshutdown$$00000000)
    .ARM.Collect$$libshutdown$$00000002      0x08000206   Section        0  libshutdown2.o(.ARM.Collect$$libshutdown$$00000002)
    .ARM.Collect$$libshutdown$$00000004      0x08000206   Section        0  libshutdown2.o(.ARM.Collect$$libshutdown$$00000004)
    .ARM.Collect$$libshutdown$$00000006      0x08000206   Section        0  libshutdown2.o(.ARM.Collect$$libshutdown$$00000006)
    .ARM.Collect$$libshutdown$$00000009      0x08000206   Section        0  libshutdown2.o(.ARM.Collect$$libshutdown$$00000009)
    .ARM.Collect$$libshutdown$$0000000C      0x08000206   Section        0  libshutdown2.o(.ARM.Collect$$libshutdown$$0000000C)
    .ARM.Collect$$libshutdown$$0000000E      0x08000206   Section        0  libshutdown2.o(.ARM.Collect$$libshutdown$$0000000E)
    .ARM.Collect$$libshutdown$$00000011      0x08000206   Section        0  libshutdown2.o(.ARM.Collect$$libshutdown$$00000011)
    .ARM.Collect$$libshutdown$$00000012      0x08000206   Section        2  libshutdown2.o(.ARM.Collect$$libshutdown$$00000012)
    .ARM.Collect$$rtentry$$00000000          0x08000208   Section        0  __rtentry.o(.ARM.Collect$$rtentry$$00000000)
    .ARM.Collect$$rtentry$$00000002          0x08000208   Section        0  __rtentry2.o(.ARM.Collect$$rtentry$$00000002)
    .ARM.Collect$$rtentry$$00000004          0x08000208   Section        6  __rtentry4.o(.ARM.Collect$$rtentry$$00000004)
    .ARM.Collect$$rtentry$$00000009          0x0800020e   Section        0  __rtentry2.o(.ARM.Collect$$rtentry$$00000009)
    .ARM.Collect$$rtentry$$0000000A          0x0800020e   Section        4  __rtentry2.o(.ARM.Collect$$rtentry$$0000000A)
    .ARM.Collect$$rtentry$$0000000C          0x08000212   Section        0  __rtentry2.o(.ARM.Collect$$rtentry$$0000000C)
    .ARM.Collect$$rtentry$$0000000D          0x08000212   Section        8  __rtentry2.o(.ARM.Collect$$rtentry$$0000000D)
    .ARM.Collect$$rtexit$$00000000           0x0800021a   Section        2  rtexit.o(.ARM.Collect$$rtexit$$00000000)
    .ARM.Collect$$rtexit$$00000002           0x0800021c   Section        0  rtexit2.o(.ARM.Collect$$rtexit$$00000002)
    .ARM.Collect$$rtexit$$00000003           0x0800021c   Section        4  rtexit2.o(.ARM.Collect$$rtexit$$00000003)
    .ARM.Collect$$rtexit$$00000004           0x08000220   Section        6  rtexit2.o(.ARM.Collect$$rtexit$$00000004)
    .text                                    0x08000228   Section       64  startup_stm32f407xx.o(.text)
    $v0                                      0x08000228   Number         0  startup_stm32f407xx.o(.text)
    .text                                    0x08000268   Section      238  lludivv7m.o(.text)
    .text                                    0x08000356   Section       68  rt_memclr.o(.text)
    .text                                    0x0800039a   Section       78  rt_memclr_w.o(.text)
    .text                                    0x080003e8   Section        0  heapauxi.o(.text)
    .text                                    0x080003f0   Section        8  libspace.o(.text)
    .text                                    0x080003f8   Section       74  sys_stackheap_outer.o(.text)
    .text                                    0x08000442   Section        0  exit.o(.text)
    .text                                    0x08000454   Section        0  sys_exit.o(.text)
    .text                                    0x08000460   Section        2  use_no_semi.o(.text)
    .text                                    0x08000462   Section        0  indicate_semi.o(.text)
    i.HAL_Delay                              0x08000464   Section        0  stm32f4xx_hal.o(i.HAL_Delay)
    i.HAL_GetTick                            0x0800048c   Section        0  stm32f4xx_hal.o(i.HAL_GetTick)
    i.HAL_IncTick                            0x08000498   Section        0  stm32f4xx_hal.o(i.HAL_IncTick)
    i.HAL_Init                               0x080004b0   Section        0  stm32f4xx_hal.o(i.HAL_Init)
    i.HAL_InitTick                           0x080004e0   Section        0  stm32f4xx_hal.o(i.HAL_InitTick)
    i.HAL_MspInit                            0x0800052c   Section        0  stm32f4xx_hal.o(i.HAL_MspInit)
    i.HAL_NVIC_SetPriority                   0x0800052e   Section        0  stm32f4xx_hal_cortex.o(i.HAL_NVIC_SetPriority)
    i.HAL_NVIC_SetPriorityGrouping           0x080005ac   Section        0  stm32f4xx_hal_cortex.o(i.HAL_NVIC_SetPriorityGrouping)
    i.HAL_RCC_ClockConfig                    0x080005d4   Section        0  stm32f4xx_hal_rcc.o(i.HAL_RCC_ClockConfig)
    i.HAL_RCC_GetHCLKFreq                    0x08000758   Section        0  stm32f4xx_hal_rcc.o(i.HAL_RCC_GetHCLKFreq)
    i.HAL_RCC_GetSysClockFreq                0x08000764   Section        0  stm32f4xx_hal_rcc.o(i.HAL_RCC_GetSysClockFreq)
    i.HAL_RCC_OscConfig                      0x08000814   Section        0  stm32f4xx_hal_rcc.o(i.HAL_RCC_OscConfig)
    i.HAL_SYSTICK_CLKSourceConfig            0x08000c9c   Section        0  stm32f4xx_hal_cortex.o(i.HAL_SYSTICK_CLKSourceConfig)
    i.HAL_SYSTICK_Callback                   0x08000cc4   Section        0  stm32f4xx_hal_cortex.o(i.HAL_SYSTICK_Callback)
    i.HAL_SYSTICK_Config                     0x08000cc6   Section        0  stm32f4xx_hal_cortex.o(i.HAL_SYSTICK_Config)
    i.HAL_SYSTICK_IRQHandler                 0x08000cfa   Section        0  stm32f4xx_hal_cortex.o(i.HAL_SYSTICK_IRQHandler)
    i.SysTick_Handler                        0x08000d02   Section        0  main.o(i.SysTick_Handler)
    i.SystemClock_Config                     0x08000d10   Section        0  clock.o(i.SystemClock_Config)
    i.SystemInit                             0x08000e00   Section        0  system_stm32f4xx.o(i.SystemInit)
    i._Error_Handler                         0x08000e1c   Section        0  clock.o(i._Error_Handler)
    i.__NVIC_GetPriorityGrouping             0x08000e20   Section        0  stm32f4xx_hal_cortex.o(i.__NVIC_GetPriorityGrouping)
    __NVIC_GetPriorityGrouping               0x08000e21   Thumb Code    10  stm32f4xx_hal_cortex.o(i.__NVIC_GetPriorityGrouping)
    i.__NVIC_SetPriority                     0x08000e30   Section        0  stm32f4xx_hal_cortex.o(i.__NVIC_SetPriority)
    __NVIC_SetPriority                       0x08000e31   Thumb Code    32  stm32f4xx_hal_cortex.o(i.__NVIC_SetPriority)
    i.arm_biquad_cascade_df1_init_q15        0x08000e58   Section        0  filteringfunctions.o(i.arm_biquad_cascade_df1_init_q15)
    i.arm_biquad_cascade_df1_q15             0x08000e80   Section        0  filteringfunctions.o(i.arm_biquad_cascade_df1_q15)
    i.arm_fir_init_q15                       0x080011ce   Section        0  filteringfunctions.o(i.arm_fir_init_q15)
    i.arm_fir_q15                            0x08001206   Section        0  filteringfunctions.o(i.arm_fir_q15)
    i.arm_float_to_q15                       0x080012d0   Section        0  supportfunctions.o(i.arm_float_to_q15)
    i.arm_sin_f32                            0x08001300   Section        0  fastmathfunctions.o(i.arm_sin_f32)
    i.low_pass_filter                        0x080013a0   Section        0  lowpass_fltr.o(i.low_pass_filter)
    i.low_pass_filter_init                   0x080013bc   Section        0  lowpass_fltr.o(i.low_pass_filter_init)
    i.main                                   0x080013dc   Section        0  main.o(i.main)
    i.sine_calc_sample_q15                   0x0800146c   Section        0  sine_generator.o(i.sine_calc_sample_q15)
    i.sine_generator_init_q15                0x08001488   Section        0  sine_generator.o(i.sine_generator_init_q15)
    x$fpl$fpinit                             0x080015bc   Section       10  fpinit.o(x$fpl$fpinit)
    $v0                                      0x080015bc   Number         0  fpinit.o(x$fpl$fpinit)
    .constdata                               0x080015c8   Section    920372  commontables.o(.constdata)
    .constdata                               0x080e20fc   Section       24  system_stm32f4xx.o(.constdata)
    .data                                    0x20000000   Section       12  main.o(.data)
    .data                                    0x2000000c   Section       64  lowpass_fltr.o(.data)
    .data                                    0x2000004c   Section        9  stm32f4xx_hal.o(.data)
    .data                                    0x20000058   Section        4  system_stm32f4xx.o(.data)
    .bss                                     0x2000005c   Section       72  main.o(.bss)
    .bss                                     0x200000a4   Section       80  lowpass_fltr.o(.bss)
    .bss                                     0x200000f4   Section       96  libspace.o(.bss)
    HEAP                                     0x20000158   Section      512  startup_stm32f407xx.o(HEAP)
    Heap_Mem                                 0x20000158   Data         512  startup_stm32f407xx.o(HEAP)
    STACK                                    0x20000358   Section     1024  startup_stm32f407xx.o(STACK)
    Stack_Mem                                0x20000358   Data        1024  startup_stm32f407xx.o(STACK)
    __initial_sp                             0x20000758   Data           0  startup_stm32f407xx.o(STACK)

    Global Symbols

    Symbol Name                              Value     Ov Type        Size  Object(Section)

    BuildAttributes$$THM_ISAv4$E$P$D$K$B$S$7EM$VFPi3$EXTD16$VFPS$VFMA$PE$A:L22UL41UL21$X:L11$S22US41US21$IEEE1$IW$USESV6$~STKCKD$USESV7$~SHL$OTIME$ROPI$IEEEX$EBA8$UX$STANDARDLIB$REQ8$PRES8$EABIv2 0x00000000   Number         0  anon$$obj.o ABSOLUTE
    __ARM_use_no_argv                        0x00000000   Number         0  main.o ABSOLUTE
    __ARM_exceptions_init                     - Undefined Weak Reference
    __alloca_initialize                       - Undefined Weak Reference
    __arm_fini_                               - Undefined Weak Reference
    __arm_preinit_                            - Undefined Weak Reference
    __cpp_initialize__aeabi_                  - Undefined Weak Reference
    __cxa_finalize                            - Undefined Weak Reference
    __rt_locale                               - Undefined Weak Reference
    __sigvec_lookup                           - Undefined Weak Reference
    _atexit_init                              - Undefined Weak Reference
    _call_atexit_fns                          - Undefined Weak Reference
    _clock_init                               - Undefined Weak Reference
    _fp_trap_init                             - Undefined Weak Reference
    _fp_trap_shutdown                         - Undefined Weak Reference
    _get_lc_collate                           - Undefined Weak Reference
    _get_lc_ctype                             - Undefined Weak Reference
    _get_lc_monetary                          - Undefined Weak Reference
    _get_lc_numeric                           - Undefined Weak Reference
    _get_lc_time                              - Undefined Weak Reference
    _getenv_init                              - Undefined Weak Reference
    _handle_redirection                       - Undefined Weak Reference
    _init_alloc                               - Undefined Weak Reference
    _init_user_alloc                          - Undefined Weak Reference
    _initio                                   - Undefined Weak Reference
    _rand_init                                - Undefined Weak Reference
    _signal_finish                            - Undefined Weak Reference
    _signal_init                              - Undefined Weak Reference
    _terminate_alloc                          - Undefined Weak Reference
    _terminate_user_alloc                     - Undefined Weak Reference
    _terminateio                              - Undefined Weak Reference
    __Vectors_Size                           0x00000188   Number         0  startup_stm32f407xx.o ABSOLUTE
    __Vectors                                0x08000000   Data           4  startup_stm32f407xx.o(RESET)
    __Vectors_End                            0x08000188   Data           0  startup_stm32f407xx.o(RESET)
    __main                                   0x08000189   Thumb Code     8  __main.o(!!!main)
    __scatterload                            0x08000191   Thumb Code     0  __scatter.o(!!!scatter)
    __scatterload_rt2                        0x08000191   Thumb Code    44  __scatter.o(!!!scatter)
    __scatterload_rt2_thumb_only             0x08000191   Thumb Code     0  __scatter.o(!!!scatter)
    __scatterload_null                       0x0800019f   Thumb Code     0  __scatter.o(!!!scatter)
    __scatterload_copy                       0x080001c5   Thumb Code    26  __scatter_copy.o(!!handler_copy)
    __scatterload_zeroinit                   0x080001e1   Thumb Code    28  __scatter_zi.o(!!handler_zi)
    __rt_lib_init                            0x080001fd   Thumb Code     0  libinit.o(.ARM.Collect$$libinit$$00000000)
    __rt_lib_init_fp_1                       0x080001ff   Thumb Code     0  libinit2.o(.ARM.Collect$$libinit$$00000001)
    __rt_lib_init_alloca_1                   0x08000203   Thumb Code     0  libinit2.o(.ARM.Collect$$libinit$$0000002E)
    __rt_lib_init_argv_1                     0x08000203   Thumb Code     0  libinit2.o(.ARM.Collect$$libinit$$0000002C)
    __rt_lib_init_atexit_1                   0x08000203   Thumb Code     0  libinit2.o(.ARM.Collect$$libinit$$0000001B)
    __rt_lib_init_clock_1                    0x08000203   Thumb Code     0  libinit2.o(.ARM.Collect$$libinit$$00000021)
    __rt_lib_init_cpp_1                      0x08000203   Thumb Code     0  libinit2.o(.ARM.Collect$$libinit$$00000032)
    __rt_lib_init_exceptions_1               0x08000203   Thumb Code     0  libinit2.o(.ARM.Collect$$libinit$$00000030)
    __rt_lib_init_fp_trap_1                  0x08000203   Thumb Code     0  libinit2.o(.ARM.Collect$$libinit$$0000001F)
    __rt_lib_init_getenv_1                   0x08000203   Thumb Code     0  libinit2.o(.ARM.Collect$$libinit$$00000023)
    __rt_lib_init_heap_1                     0x08000203   Thumb Code     0  libinit2.o(.ARM.Collect$$libinit$$0000000A)
    __rt_lib_init_lc_collate_1               0x08000203   Thumb Code     0  libinit2.o(.ARM.Collect$$libinit$$00000011)
    __rt_lib_init_lc_ctype_1                 0x08000203   Thumb Code     0  libinit2.o(.ARM.Collect$$libinit$$00000013)
    __rt_lib_init_lc_monetary_1              0x08000203   Thumb Code     0  libinit2.o(.ARM.Collect$$libinit$$00000015)
    __rt_lib_init_lc_numeric_1               0x08000203   Thumb Code     0  libinit2.o(.ARM.Collect$$libinit$$00000017)
    __rt_lib_init_lc_time_1                  0x08000203   Thumb Code     0  libinit2.o(.ARM.Collect$$libinit$$00000019)
    __rt_lib_init_preinit_1                  0x08000203   Thumb Code     0  libinit2.o(.ARM.Collect$$libinit$$00000004)
    __rt_lib_init_rand_1                     0x08000203   Thumb Code     0  libinit2.o(.ARM.Collect$$libinit$$0000000E)
    __rt_lib_init_return                     0x08000203   Thumb Code     0  libinit2.o(.ARM.Collect$$libinit$$00000033)
    __rt_lib_init_signal_1                   0x08000203   Thumb Code     0  libinit2.o(.ARM.Collect$$libinit$$0000001D)
    __rt_lib_init_stdio_1                    0x08000203   Thumb Code     0  libinit2.o(.ARM.Collect$$libinit$$00000025)
    __rt_lib_init_user_alloc_1               0x08000203   Thumb Code     0  libinit2.o(.ARM.Collect$$libinit$$0000000C)
    __rt_lib_shutdown                        0x08000205   Thumb Code     0  libshutdown.o(.ARM.Collect$$libshutdown$$00000000)
    __rt_lib_shutdown_cpp_1                  0x08000207   Thumb Code     0  libshutdown2.o(.ARM.Collect$$libshutdown$$00000004)
    __rt_lib_shutdown_fini_1                 0x08000207   Thumb Code     0  libshutdown2.o(.ARM.Collect$$libshutdown$$00000002)
    __rt_lib_shutdown_fp_trap_1              0x08000207   Thumb Code     0  libshutdown2.o(.ARM.Collect$$libshutdown$$00000009)
    __rt_lib_shutdown_heap_1                 0x08000207   Thumb Code     0  libshutdown2.o(.ARM.Collect$$libshutdown$$00000011)
    __rt_lib_shutdown_return                 0x08000207   Thumb Code     0  libshutdown2.o(.ARM.Collect$$libshutdown$$00000012)
    __rt_lib_shutdown_signal_1               0x08000207   Thumb Code     0  libshutdown2.o(.ARM.Collect$$libshutdown$$0000000C)
    __rt_lib_shutdown_stdio_1                0x08000207   Thumb Code     0  libshutdown2.o(.ARM.Collect$$libshutdown$$00000006)
    __rt_lib_shutdown_user_alloc_1           0x08000207   Thumb Code     0  libshutdown2.o(.ARM.Collect$$libshutdown$$0000000E)
    __rt_entry                               0x08000209   Thumb Code     0  __rtentry.o(.ARM.Collect$$rtentry$$00000000)
    __rt_entry_presh_1                       0x08000209   Thumb Code     0  __rtentry2.o(.ARM.Collect$$rtentry$$00000002)
    __rt_entry_sh                            0x08000209   Thumb Code     0  __rtentry4.o(.ARM.Collect$$rtentry$$00000004)
    __rt_entry_li                            0x0800020f   Thumb Code     0  __rtentry2.o(.ARM.Collect$$rtentry$$0000000A)
    __rt_entry_postsh_1                      0x0800020f   Thumb Code     0  __rtentry2.o(.ARM.Collect$$rtentry$$00000009)
    __rt_entry_main                          0x08000213   Thumb Code     0  __rtentry2.o(.ARM.Collect$$rtentry$$0000000D)
    __rt_entry_postli_1                      0x08000213   Thumb Code     0  __rtentry2.o(.ARM.Collect$$rtentry$$0000000C)
    __rt_exit                                0x0800021b   Thumb Code     0  rtexit.o(.ARM.Collect$$rtexit$$00000000)
    __rt_exit_ls                             0x0800021d   Thumb Code     0  rtexit2.o(.ARM.Collect$$rtexit$$00000003)
    __rt_exit_prels_1                        0x0800021d   Thumb Code     0  rtexit2.o(.ARM.Collect$$rtexit$$00000002)
    __rt_exit_exit                           0x08000221   Thumb Code     0  rtexit2.o(.ARM.Collect$$rtexit$$00000004)
    Reset_Handler                            0x08000229   Thumb Code     8  startup_stm32f407xx.o(.text)
    NMI_Handler                              0x08000231   Thumb Code     2  startup_stm32f407xx.o(.text)
    HardFault_Handler                        0x08000233   Thumb Code     2  startup_stm32f407xx.o(.text)
    MemManage_Handler                        0x08000235   Thumb Code     2  startup_stm32f407xx.o(.text)
    BusFault_Handler                         0x08000237   Thumb Code     2  startup_stm32f407xx.o(.text)
    UsageFault_Handler                       0x08000239   Thumb Code     2  startup_stm32f407xx.o(.text)
    SVC_Handler                              0x0800023b   Thumb Code     2  startup_stm32f407xx.o(.text)
    DebugMon_Handler                         0x0800023d   Thumb Code     2  startup_stm32f407xx.o(.text)
    PendSV_Handler                           0x0800023f   Thumb Code     2  startup_stm32f407xx.o(.text)
    ADC_IRQHandler                           0x08000243   Thumb Code     0  startup_stm32f407xx.o(.text)
    CAN1_RX0_IRQHandler                      0x08000243   Thumb Code     0  startup_stm32f407xx.o(.text)
    CAN1_RX1_IRQHandler                      0x08000243   Thumb Code     0  startup_stm32f407xx.o(.text)
    CAN1_SCE_IRQHandler                      0x08000243   Thumb Code     0  startup_stm32f407xx.o(.text)
    CAN1_TX_IRQHandler                       0x08000243   Thumb Code     0  startup_stm32f407xx.o(.text)
    CAN2_RX0_IRQHandler                      0x08000243   Thumb Code     0  startup_stm32f407xx.o(.text)
    CAN2_RX1_IRQHandler                      0x08000243   Thumb Code     0  startup_stm32f407xx.o(.text)
    CAN2_SCE_IRQHandler                      0x08000243   Thumb Code     0  startup_stm32f407xx.o(.text)
    CAN2_TX_IRQHandler                       0x08000243   Thumb Code     0  startup_stm32f407xx.o(.text)
    DCMI_IRQHandler                          0x08000243   Thumb Code     0  startup_stm32f407xx.o(.text)
    DMA1_Stream0_IRQHandler                  0x08000243   Thumb Code     0  startup_stm32f407xx.o(.text)
    DMA1_Stream1_IRQHandler                  0x08000243   Thumb Code     0  startup_stm32f407xx.o(.text)
    DMA1_Stream2_IRQHandler                  0x08000243   Thumb Code     0  startup_stm32f407xx.o(.text)
    DMA1_Stream3_IRQHandler                  0x08000243   Thumb Code     0  startup_stm32f407xx.o(.text)
    DMA1_Stream4_IRQHandler                  0x08000243   Thumb Code     0  startup_stm32f407xx.o(.text)
    DMA1_Stream5_IRQHandler                  0x08000243   Thumb Code     0  startup_stm32f407xx.o(.text)
    DMA1_Stream6_IRQHandler                  0x08000243   Thumb Code     0  startup_stm32f407xx.o(.text)
    DMA1_Stream7_IRQHandler                  0x08000243   Thumb Code     0  startup_stm32f407xx.o(.text)
    DMA2_Stream0_IRQHandler                  0x08000243   Thumb Code     0  startup_stm32f407xx.o(.text)
    DMA2_Stream1_IRQHandler                  0x08000243   Thumb Code     0  startup_stm32f407xx.o(.text)
    DMA2_Stream2_IRQHandler                  0x08000243   Thumb Code     0  startup_stm32f407xx.o(.text)
    DMA2_Stream3_IRQHandler                  0x08000243   Thumb Code     0  startup_stm32f407xx.o(.text)
    DMA2_Stream4_IRQHandler                  0x08000243   Thumb Code     0  startup_stm32f407xx.o(.text)
    DMA2_Stream5_IRQHandler                  0x08000243   Thumb Code     0  startup_stm32f407xx.o(.text)
    DMA2_Stream6_IRQHandler                  0x08000243   Thumb Code     0  startup_stm32f407xx.o(.text)
    DMA2_Stream7_IRQHandler                  0x08000243   Thumb Code     0  startup_stm32f407xx.o(.text)
    ETH_IRQHandler                           0x08000243   Thumb Code     0  startup_stm32f407xx.o(.text)
    ETH_WKUP_IRQHandler                      0x08000243   Thumb Code     0  startup_stm32f407xx.o(.text)
    EXTI0_IRQHandler                         0x08000243   Thumb Code     0  startup_stm32f407xx.o(.text)
    EXTI15_10_IRQHandler                     0x08000243   Thumb Code     0  startup_stm32f407xx.o(.text)
    EXTI1_IRQHandler                         0x08000243   Thumb Code     0  startup_stm32f407xx.o(.text)
    EXTI2_IRQHandler                         0x08000243   Thumb Code     0  startup_stm32f407xx.o(.text)
    EXTI3_IRQHandler                         0x08000243   Thumb Code     0  startup_stm32f407xx.o(.text)
    EXTI4_IRQHandler                         0x08000243   Thumb Code     0  startup_stm32f407xx.o(.text)
    EXTI9_5_IRQHandler                       0x08000243   Thumb Code     0  startup_stm32f407xx.o(.text)
    FLASH_IRQHandler                         0x08000243   Thumb Code     0  startup_stm32f407xx.o(.text)
    FMC_IRQHandler                           0x08000243   Thumb Code     0  startup_stm32f407xx.o(.text)
    FPU_IRQHandler                           0x08000243   Thumb Code     0  startup_stm32f407xx.o(.text)
    HASH_RNG_IRQHandler                      0x08000243   Thumb Code     0  startup_stm32f407xx.o(.text)
    I2C1_ER_IRQHandler                       0x08000243   Thumb Code     0  startup_stm32f407xx.o(.text)
    I2C1_EV_IRQHandler                       0x08000243   Thumb Code     0  startup_stm32f407xx.o(.text)
    I2C2_ER_IRQHandler                       0x08000243   Thumb Code     0  startup_stm32f407xx.o(.text)
    I2C2_EV_IRQHandler                       0x08000243   Thumb Code     0  startup_stm32f407xx.o(.text)
    I2C3_ER_IRQHandler                       0x08000243   Thumb Code     0  startup_stm32f407xx.o(.text)
    I2C3_EV_IRQHandler                       0x08000243   Thumb Code     0  startup_stm32f407xx.o(.text)
    OTG_FS_IRQHandler                        0x08000243   Thumb Code     0  startup_stm32f407xx.o(.text)
    OTG_FS_WKUP_IRQHandler                   0x08000243   Thumb Code     0  startup_stm32f407xx.o(.text)
    OTG_HS_EP1_IN_IRQHandler                 0x08000243   Thumb Code     0  startup_stm32f407xx.o(.text)
    OTG_HS_EP1_OUT_IRQHandler                0x08000243   Thumb Code     0  startup_stm32f407xx.o(.text)
    OTG_HS_IRQHandler                        0x08000243   Thumb Code     0  startup_stm32f407xx.o(.text)
    OTG_HS_WKUP_IRQHandler                   0x08000243   Thumb Code     0  startup_stm32f407xx.o(.text)
    PVD_IRQHandler                           0x08000243   Thumb Code     0  startup_stm32f407xx.o(.text)
    RCC_IRQHandler                           0x08000243   Thumb Code     0  startup_stm32f407xx.o(.text)
    RTC_Alarm_IRQHandler                     0x08000243   Thumb Code     0  startup_stm32f407xx.o(.text)
    RTC_WKUP_IRQHandler                      0x08000243   Thumb Code     0  startup_stm32f407xx.o(.text)
    SDIO_IRQHandler                          0x08000243   Thumb Code     0  startup_stm32f407xx.o(.text)
    SPI1_IRQHandler                          0x08000243   Thumb Code     0  startup_stm32f407xx.o(.text)
    SPI2_IRQHandler                          0x08000243   Thumb Code     0  startup_stm32f407xx.o(.text)
    SPI3_IRQHandler                          0x08000243   Thumb Code     0  startup_stm32f407xx.o(.text)
    TAMP_STAMP_IRQHandler                    0x08000243   Thumb Code     0  startup_stm32f407xx.o(.text)
    TIM1_BRK_TIM9_IRQHandler                 0x08000243   Thumb Code     0  startup_stm32f407xx.o(.text)
    TIM1_CC_IRQHandler                       0x08000243   Thumb Code     0  startup_stm32f407xx.o(.text)
    TIM1_TRG_COM_TIM11_IRQHandler            0x08000243   Thumb Code     0  startup_stm32f407xx.o(.text)
    TIM1_UP_TIM10_IRQHandler                 0x08000243   Thumb Code     0  startup_stm32f407xx.o(.text)
    TIM2_IRQHandler                          0x08000243   Thumb Code     0  startup_stm32f407xx.o(.text)
    TIM3_IRQHandler                          0x08000243   Thumb Code     0  startup_stm32f407xx.o(.text)
    TIM4_IRQHandler                          0x08000243   Thumb Code     0  startup_stm32f407xx.o(.text)
    TIM5_IRQHandler                          0x08000243   Thumb Code     0  startup_stm32f407xx.o(.text)
    TIM6_DAC_IRQHandler                      0x08000243   Thumb Code     0  startup_stm32f407xx.o(.text)
    TIM7_IRQHandler                          0x08000243   Thumb Code     0  startup_stm32f407xx.o(.text)
    TIM8_BRK_TIM12_IRQHandler                0x08000243   Thumb Code     0  startup_stm32f407xx.o(.text)
    TIM8_CC_IRQHandler                       0x08000243   Thumb Code     0  startup_stm32f407xx.o(.text)
    TIM8_TRG_COM_TIM14_IRQHandler            0x08000243   Thumb Code     0  startup_stm32f407xx.o(.text)
    TIM8_UP_TIM13_IRQHandler                 0x08000243   Thumb Code     0  startup_stm32f407xx.o(.text)
    UART4_IRQHandler                         0x08000243   Thumb Code     0  startup_stm32f407xx.o(.text)
    UART5_IRQHandler                         0x08000243   Thumb Code     0  startup_stm32f407xx.o(.text)
    USART1_IRQHandler                        0x08000243   Thumb Code     0  startup_stm32f407xx.o(.text)
    USART2_IRQHandler                        0x08000243   Thumb Code     0  startup_stm32f407xx.o(.text)
    USART3_IRQHandler                        0x08000243   Thumb Code     0  startup_stm32f407xx.o(.text)
    USART6_IRQHandler                        0x08000243   Thumb Code     0  startup_stm32f407xx.o(.text)
    WWDG_IRQHandler                          0x08000243   Thumb Code     0  startup_stm32f407xx.o(.text)
    __user_initial_stackheap                 0x08000245   Thumb Code     0  startup_stm32f407xx.o(.text)
    __aeabi_uldivmod                         0x08000269   Thumb Code     0  lludivv7m.o(.text)
    _ll_udiv                                 0x08000269   Thumb Code   238  lludivv7m.o(.text)
    __aeabi_memclr                           0x08000357   Thumb Code     0  rt_memclr.o(.text)
    __rt_memclr                              0x08000357   Thumb Code    68  rt_memclr.o(.text)
    _memset                                  0x0800035b   Thumb Code     0  rt_memclr.o(.text)
    __aeabi_memclr4                          0x0800039b   Thumb Code     0  rt_memclr_w.o(.text)
    __aeabi_memclr8                          0x0800039b   Thumb Code     0  rt_memclr_w.o(.text)
    __rt_memclr_w                            0x0800039b   Thumb Code    78  rt_memclr_w.o(.text)
    _memset_w                                0x0800039f   Thumb Code     0  rt_memclr_w.o(.text)
    __use_two_region_memory                  0x080003e9   Thumb Code     2  heapauxi.o(.text)
    __rt_heap_escrow$2region                 0x080003eb   Thumb Code     2  heapauxi.o(.text)
    __rt_heap_expand$2region                 0x080003ed   Thumb Code     2  heapauxi.o(.text)
    __user_libspace                          0x080003f1   Thumb Code     8  libspace.o(.text)
    __user_perproc_libspace                  0x080003f1   Thumb Code     0  libspace.o(.text)
    __user_perthread_libspace                0x080003f1   Thumb Code     0  libspace.o(.text)
    __user_setup_stackheap                   0x080003f9   Thumb Code    74  sys_stackheap_outer.o(.text)
    exit                                     0x08000443   Thumb Code    18  exit.o(.text)
    _sys_exit                                0x08000455   Thumb Code     8  sys_exit.o(.text)
    __I$use$semihosting                      0x08000461   Thumb Code     0  use_no_semi.o(.text)
    __use_no_semihosting_swi                 0x08000461   Thumb Code     2  use_no_semi.o(.text)
    __semihosting_library_function           0x08000463   Thumb Code     0  indicate_semi.o(.text)
    HAL_Delay                                0x08000465   Thumb Code    36  stm32f4xx_hal.o(i.HAL_Delay)
    HAL_GetTick                              0x0800048d   Thumb Code     6  stm32f4xx_hal.o(i.HAL_GetTick)
    HAL_IncTick                              0x08000499   Thumb Code    16  stm32f4xx_hal.o(i.HAL_IncTick)
    HAL_Init                                 0x080004b1   Thumb Code    44  stm32f4xx_hal.o(i.HAL_Init)
    HAL_InitTick                             0x080004e1   Thumb Code    64  stm32f4xx_hal.o(i.HAL_InitTick)
    HAL_MspInit                              0x0800052d   Thumb Code     2  stm32f4xx_hal.o(i.HAL_MspInit)
    HAL_NVIC_SetPriority                     0x0800052f   Thumb Code   124  stm32f4xx_hal_cortex.o(i.HAL_NVIC_SetPriority)
    HAL_NVIC_SetPriorityGrouping             0x080005ad   Thumb Code    32  stm32f4xx_hal_cortex.o(i.HAL_NVIC_SetPriorityGrouping)
    HAL_RCC_ClockConfig                      0x080005d5   Thumb Code   368  stm32f4xx_hal_rcc.o(i.HAL_RCC_ClockConfig)
    HAL_RCC_GetHCLKFreq                      0x08000759   Thumb Code     6  stm32f4xx_hal_rcc.o(i.HAL_RCC_GetHCLKFreq)
    HAL_RCC_GetSysClockFreq                  0x08000765   Thumb Code   162  stm32f4xx_hal_rcc.o(i.HAL_RCC_GetSysClockFreq)
    HAL_RCC_OscConfig                        0x08000815   Thumb Code  1152  stm32f4xx_hal_rcc.o(i.HAL_RCC_OscConfig)
    HAL_SYSTICK_CLKSourceConfig              0x08000c9d   Thumb Code    40  stm32f4xx_hal_cortex.o(i.HAL_SYSTICK_CLKSourceConfig)
    HAL_SYSTICK_Callback                     0x08000cc5   Thumb Code     2  stm32f4xx_hal_cortex.o(i.HAL_SYSTICK_Callback)
    HAL_SYSTICK_Config                       0x08000cc7   Thumb Code    52  stm32f4xx_hal_cortex.o(i.HAL_SYSTICK_Config)
    HAL_SYSTICK_IRQHandler                   0x08000cfb   Thumb Code     8  stm32f4xx_hal_cortex.o(i.HAL_SYSTICK_IRQHandler)
    SysTick_Handler                          0x08000d03   Thumb Code    12  main.o(i.SysTick_Handler)
    SystemClock_Config                       0x08000d11   Thumb Code   216  clock.o(i.SystemClock_Config)
    SystemInit                               0x08000e01   Thumb Code    24  system_stm32f4xx.o(i.SystemInit)
    _Error_Handler                           0x08000e1d   Thumb Code     2  clock.o(i._Error_Handler)
    arm_biquad_cascade_df1_init_q15          0x08000e59   Thumb Code    40  filteringfunctions.o(i.arm_biquad_cascade_df1_init_q15)
    arm_biquad_cascade_df1_q15               0x08000e81   Thumb Code   846  filteringfunctions.o(i.arm_biquad_cascade_df1_q15)
    arm_fir_init_q15                         0x080011cf   Thumb Code    56  filteringfunctions.o(i.arm_fir_init_q15)
    arm_fir_q15                              0x08001207   Thumb Code   200  filteringfunctions.o(i.arm_fir_q15)
    arm_float_to_q15                         0x080012d1   Thumb Code    44  supportfunctions.o(i.arm_float_to_q15)
    arm_sin_f32                              0x08001301   Thumb Code   146  fastmathfunctions.o(i.arm_sin_f32)
    low_pass_filter                          0x080013a1   Thumb Code    22  lowpass_fltr.o(i.low_pass_filter)
    low_pass_filter_init                     0x080013bd   Thumb Code    20  lowpass_fltr.o(i.low_pass_filter_init)
    main                                     0x080013dd   Thumb Code   114  main.o(i.main)
    sine_calc_sample_q15                     0x0800146d   Thumb Code    26  sine_generator.o(i.sine_calc_sample_q15)
    sine_generator_init_q15                  0x08001489   Thumb Code   290  sine_generator.o(i.sine_generator_init_q15)
    _fp_init                                 0x080015bd   Thumb Code    10  fpinit.o(x$fpl$fpinit)
    __fplib_config_fpu_vfp                   0x080015c5   Thumb Code     0  fpinit.o(x$fpl$fpinit)
    __fplib_config_pureend_doubles           0x080015c5   Thumb Code     0  fpinit.o(x$fpl$fpinit)
    armBitRevTable                           0x080015c8   Data        2048  commontables.o(.constdata)
    twiddleCoefF64_16                        0x08001dc8   Data         256  commontables.o(.constdata)
    twiddleCoefF64_32                        0x08001ec8   Data         512  commontables.o(.constdata)
    twiddleCoefF64_64                        0x080020c8   Data        1024  commontables.o(.constdata)
    twiddleCoefF64_128                       0x080024c8   Data        2048  commontables.o(.constdata)
    twiddleCoefF64_256                       0x08002cc8   Data        4096  commontables.o(.constdata)
    twiddleCoefF64_512                       0x08003cc8   Data        8192  commontables.o(.constdata)
    twiddleCoefF64_1024                      0x08005cc8   Data       16384  commontables.o(.constdata)
    twiddleCoefF64_2048                      0x08009cc8   Data       32768  commontables.o(.constdata)
    twiddleCoefF64_4096                      0x08011cc8   Data       65536  commontables.o(.constdata)
    twiddleCoef_16                           0x08021cc8   Data         128  commontables.o(.constdata)
    twiddleCoef_32                           0x08021d48   Data         256  commontables.o(.constdata)
    twiddleCoef_64                           0x08021e48   Data         512  commontables.o(.constdata)
    twiddleCoef_128                          0x08022048   Data        1024  commontables.o(.constdata)
    twiddleCoef_256                          0x08022448   Data        2048  commontables.o(.constdata)
    twiddleCoef_512                          0x08022c48   Data        4096  commontables.o(.constdata)
    twiddleCoef_1024                         0x08023c48   Data        8192  commontables.o(.constdata)
    twiddleCoef_2048                         0x08025c48   Data       16384  commontables.o(.constdata)
    twiddleCoef_4096                         0x08029c48   Data       32768  commontables.o(.constdata)
    twiddleCoef_16_q31                       0x08031c48   Data          96  commontables.o(.constdata)
    twiddleCoef_32_q31                       0x08031ca8   Data         192  commontables.o(.constdata)
    twiddleCoef_64_q31                       0x08031d68   Data         384  commontables.o(.constdata)
    twiddleCoef_128_q31                      0x08031ee8   Data         768  commontables.o(.constdata)
    twiddleCoef_256_q31                      0x080321e8   Data        1536  commontables.o(.constdata)
    twiddleCoef_512_q31                      0x080327e8   Data        3072  commontables.o(.constdata)
    twiddleCoef_1024_q31                     0x080333e8   Data        6144  commontables.o(.constdata)
    twiddleCoef_2048_q31                     0x08034be8   Data       12288  commontables.o(.constdata)
    twiddleCoef_4096_q31                     0x08037be8   Data       24576  commontables.o(.constdata)
    twiddleCoef_16_q15                       0x0803dbe8   Data          48  commontables.o(.constdata)
    twiddleCoef_32_q15                       0x0803dc18   Data          96  commontables.o(.constdata)
    twiddleCoef_64_q15                       0x0803dc78   Data         192  commontables.o(.constdata)
    twiddleCoef_128_q15                      0x0803dd38   Data         384  commontables.o(.constdata)
    twiddleCoef_256_q15                      0x0803deb8   Data         768  commontables.o(.constdata)
    twiddleCoef_512_q15                      0x0803e1b8   Data        1536  commontables.o(.constdata)
    twiddleCoef_1024_q15                     0x0803e7b8   Data        3072  commontables.o(.constdata)
    twiddleCoef_2048_q15                     0x0803f3b8   Data        6144  commontables.o(.constdata)
    twiddleCoef_4096_q15                     0x08040bb8   Data       12288  commontables.o(.constdata)
    armBitRevIndexTableF64_16                0x08043bb8   Data          24  commontables.o(.constdata)
    armBitRevIndexTableF64_32                0x08043bd0   Data          48  commontables.o(.constdata)
    armBitRevIndexTableF64_64                0x08043c00   Data         112  commontables.o(.constdata)
    armBitRevIndexTableF64_128               0x08043c70   Data         224  commontables.o(.constdata)
    armBitRevIndexTableF64_256               0x08043d50   Data         480  commontables.o(.constdata)
    armBitRevIndexTableF64_512               0x08043f30   Data         960  commontables.o(.constdata)
    armBitRevIndexTableF64_1024              0x080442f0   Data        1984  commontables.o(.constdata)
    armBitRevIndexTableF64_2048              0x08044ab0   Data        3968  commontables.o(.constdata)
    armBitRevIndexTableF64_4096              0x08045a30   Data        8064  commontables.o(.constdata)
    armBitRevIndexTable16                    0x080479b0   Data          40  commontables.o(.constdata)
    armBitRevIndexTable32                    0x080479d8   Data          96  commontables.o(.constdata)
    armBitRevIndexTable64                    0x08047a38   Data         112  commontables.o(.constdata)
    armBitRevIndexTable128                   0x08047aa8   Data         416  commontables.o(.constdata)
    armBitRevIndexTable256                   0x08047c48   Data         880  commontables.o(.constdata)
    armBitRevIndexTable512                   0x08047fb8   Data         896  commontables.o(.constdata)
    armBitRevIndexTable1024                  0x08048338   Data        3600  commontables.o(.constdata)
    armBitRevIndexTable2048                  0x08049148   Data        7616  commontables.o(.constdata)
    armBitRevIndexTable4096                  0x0804af08   Data        8064  commontables.o(.constdata)
    armBitRevIndexTable_fixed_16             0x0804ce88   Data          24  commontables.o(.constdata)
    armBitRevIndexTable_fixed_32             0x0804cea0   Data          48  commontables.o(.constdata)
    armBitRevIndexTable_fixed_64             0x0804ced0   Data         112  commontables.o(.constdata)
    armBitRevIndexTable_fixed_128            0x0804cf40   Data         224  commontables.o(.constdata)
    armBitRevIndexTable_fixed_256            0x0804d020   Data         480  commontables.o(.constdata)
    armBitRevIndexTable_fixed_512            0x0804d200   Data         960  commontables.o(.constdata)
    armBitRevIndexTable_fixed_1024           0x0804d5c0   Data        1984  commontables.o(.constdata)
    armBitRevIndexTable_fixed_2048           0x0804dd80   Data        3968  commontables.o(.constdata)
    armBitRevIndexTable_fixed_4096           0x0804ed00   Data        8064  commontables.o(.constdata)
    twiddleCoefF64_rfft_32                   0x08050c80   Data         256  commontables.o(.constdata)
    twiddleCoefF64_rfft_64                   0x08050d80   Data         512  commontables.o(.constdata)
    twiddleCoefF64_rfft_128                  0x08050f80   Data        1024  commontables.o(.constdata)
    twiddleCoefF64_rfft_256                  0x08051380   Data        2048  commontables.o(.constdata)
    twiddleCoefF64_rfft_512                  0x08051b80   Data        4096  commontables.o(.constdata)
    twiddleCoefF64_rfft_1024                 0x08052b80   Data        8192  commontables.o(.constdata)
    twiddleCoefF64_rfft_2048                 0x08054b80   Data       16384  commontables.o(.constdata)
    twiddleCoefF64_rfft_4096                 0x08058b80   Data       32768  commontables.o(.constdata)
    twiddleCoef_rfft_32                      0x08060b80   Data         128  commontables.o(.constdata)
    twiddleCoef_rfft_64                      0x08060c00   Data         256  commontables.o(.constdata)
    twiddleCoef_rfft_128                     0x08060d00   Data         512  commontables.o(.constdata)
    twiddleCoef_rfft_256                     0x08060f00   Data        1024  commontables.o(.constdata)
    twiddleCoef_rfft_512                     0x08061300   Data        2048  commontables.o(.constdata)
    twiddleCoef_rfft_1024                    0x08061b00   Data        4096  commontables.o(.constdata)
    twiddleCoef_rfft_2048                    0x08062b00   Data        8192  commontables.o(.constdata)
    twiddleCoef_rfft_4096                    0x08064b00   Data       16384  commontables.o(.constdata)
    realCoefA                                0x08068b00   Data       32768  commontables.o(.constdata)
    realCoefB                                0x08070b00   Data       32768  commontables.o(.constdata)
    realCoefAQ31                             0x08078b00   Data       32768  commontables.o(.constdata)
    realCoefBQ31                             0x08080b00   Data       32768  commontables.o(.constdata)
    realCoefAQ15                             0x08088b00   Data       16384  commontables.o(.constdata)
    realCoefBQ15                             0x0808cb00   Data       16384  commontables.o(.constdata)
    Weights_128                              0x08090b00   Data        1024  commontables.o(.constdata)
    cos_factors_128                          0x08090f00   Data         512  commontables.o(.constdata)
    Weights_512                              0x08091100   Data        4096  commontables.o(.constdata)
    cos_factors_512                          0x08092100   Data        2048  commontables.o(.constdata)
    Weights_2048                             0x08092900   Data       16384  commontables.o(.constdata)
    cos_factors_2048                         0x08096900   Data        8192  commontables.o(.constdata)
    Weights_8192                             0x08098900   Data       65536  commontables.o(.constdata)
    cos_factors_8192                         0x080a8900   Data       32768  commontables.o(.constdata)
    WeightsQ15_128                           0x080b0900   Data         512  commontables.o(.constdata)
    cos_factorsQ15_128                       0x080b0b00   Data         256  commontables.o(.constdata)
    WeightsQ15_512                           0x080b0c00   Data        2048  commontables.o(.constdata)
    cos_factorsQ15_512                       0x080b1400   Data        1024  commontables.o(.constdata)
    WeightsQ15_2048                          0x080b1800   Data        8192  commontables.o(.constdata)
    cos_factorsQ15_2048                      0x080b3800   Data        4096  commontables.o(.constdata)
    WeightsQ15_8192                          0x080b4800   Data       32768  commontables.o(.constdata)
    cos_factorsQ15_8192                      0x080bc800   Data       16384  commontables.o(.constdata)
    WeightsQ31_128                           0x080c0800   Data        1024  commontables.o(.constdata)
    cos_factorsQ31_128                       0x080c0c00   Data         512  commontables.o(.constdata)
    WeightsQ31_512                           0x080c0e00   Data        4096  commontables.o(.constdata)
    cos_factorsQ31_512                       0x080c1e00   Data        2048  commontables.o(.constdata)
    WeightsQ31_2048                          0x080c2600   Data       16384  commontables.o(.constdata)
    cos_factorsQ31_2048                      0x080c6600   Data        8192  commontables.o(.constdata)
    WeightsQ31_8192                          0x080c8600   Data       65536  commontables.o(.constdata)
    cos_factorsQ31_8192                      0x080d8600   Data       32768  commontables.o(.constdata)
    armRecipTableQ15                         0x080e0600   Data         128  commontables.o(.constdata)
    armRecipTableQ31                         0x080e0680   Data         256  commontables.o(.constdata)
    sinTable_f32                             0x080e0780   Data        2052  commontables.o(.constdata)
    sinTable_q31                             0x080e0f84   Data        2052  commontables.o(.constdata)
    sinTable_q15                             0x080e1788   Data        1026  commontables.o(.constdata)
    arm_cfft_sR_f64_len16                    0x080e1b8c   Data          16  commontables.o(.constdata)
    arm_cfft_sR_f64_len32                    0x080e1b9c   Data          16  commontables.o(.constdata)
    arm_cfft_sR_f64_len64                    0x080e1bac   Data          16  commontables.o(.constdata)
    arm_cfft_sR_f64_len128                   0x080e1bbc   Data          16  commontables.o(.constdata)
    arm_cfft_sR_f64_len256                   0x080e1bcc   Data          16  commontables.o(.constdata)
    arm_cfft_sR_f64_len512                   0x080e1bdc   Data          16  commontables.o(.constdata)
    arm_cfft_sR_f64_len1024                  0x080e1bec   Data          16  commontables.o(.constdata)
    arm_cfft_sR_f64_len2048                  0x080e1bfc   Data          16  commontables.o(.constdata)
    arm_cfft_sR_f64_len4096                  0x080e1c0c   Data          16  commontables.o(.constdata)
    arm_cfft_sR_f32_len16                    0x080e1c1c   Data          16  commontables.o(.constdata)
    arm_cfft_sR_f32_len32                    0x080e1c2c   Data          16  commontables.o(.constdata)
    arm_cfft_sR_f32_len64                    0x080e1c3c   Data          16  commontables.o(.constdata)
    arm_cfft_sR_f32_len128                   0x080e1c4c   Data          16  commontables.o(.constdata)
    arm_cfft_sR_f32_len256                   0x080e1c5c   Data          16  commontables.o(.constdata)
    arm_cfft_sR_f32_len512                   0x080e1c6c   Data          16  commontables.o(.constdata)
    arm_cfft_sR_f32_len1024                  0x080e1c7c   Data          16  commontables.o(.constdata)
    arm_cfft_sR_f32_len2048                  0x080e1c8c   Data          16  commontables.o(.constdata)
    arm_cfft_sR_f32_len4096                  0x080e1c9c   Data          16  commontables.o(.constdata)
    arm_cfft_sR_q31_len16                    0x080e1cac   Data          16  commontables.o(.constdata)
    arm_cfft_sR_q31_len32                    0x080e1cbc   Data          16  commontables.o(.constdata)
    arm_cfft_sR_q31_len64                    0x080e1ccc   Data          16  commontables.o(.constdata)
    arm_cfft_sR_q31_len128                   0x080e1cdc   Data          16  commontables.o(.constdata)
    arm_cfft_sR_q31_len256                   0x080e1cec   Data          16  commontables.o(.constdata)
    arm_cfft_sR_q31_len512                   0x080e1cfc   Data          16  commontables.o(.constdata)
    arm_cfft_sR_q31_len1024                  0x080e1d0c   Data          16  commontables.o(.constdata)
    arm_cfft_sR_q31_len2048                  0x080e1d1c   Data          16  commontables.o(.constdata)
    arm_cfft_sR_q31_len4096                  0x080e1d2c   Data          16  commontables.o(.constdata)
    arm_cfft_sR_q15_len16                    0x080e1d3c   Data          16  commontables.o(.constdata)
    arm_cfft_sR_q15_len32                    0x080e1d4c   Data          16  commontables.o(.constdata)
    arm_cfft_sR_q15_len64                    0x080e1d5c   Data          16  commontables.o(.constdata)
    arm_cfft_sR_q15_len128                   0x080e1d6c   Data          16  commontables.o(.constdata)
    arm_cfft_sR_q15_len256                   0x080e1d7c   Data          16  commontables.o(.constdata)
    arm_cfft_sR_q15_len512                   0x080e1d8c   Data          16  commontables.o(.constdata)
    arm_cfft_sR_q15_len1024                  0x080e1d9c   Data          16  commontables.o(.constdata)
    arm_cfft_sR_q15_len2048                  0x080e1dac   Data          16  commontables.o(.constdata)
    arm_cfft_sR_q15_len4096                  0x080e1dbc   Data          16  commontables.o(.constdata)
    arm_rfft_fast_sR_f64_len32               0x080e1dcc   Data          24  commontables.o(.constdata)
    arm_rfft_fast_sR_f64_len64               0x080e1de4   Data          24  commontables.o(.constdata)
    arm_rfft_fast_sR_f64_len128              0x080e1dfc   Data          24  commontables.o(.constdata)
    arm_rfft_fast_sR_f64_len256              0x080e1e14   Data          24  commontables.o(.constdata)
    arm_rfft_fast_sR_f64_len512              0x080e1e2c   Data          24  commontables.o(.constdata)
    arm_rfft_fast_sR_f64_len1024             0x080e1e44   Data          24  commontables.o(.constdata)
    arm_rfft_fast_sR_f64_len2048             0x080e1e5c   Data          24  commontables.o(.constdata)
    arm_rfft_fast_sR_f64_len4096             0x080e1e74   Data          24  commontables.o(.constdata)
    arm_rfft_fast_sR_f32_len32               0x080e1e8c   Data          24  commontables.o(.constdata)
    arm_rfft_fast_sR_f32_len64               0x080e1ea4   Data          24  commontables.o(.constdata)
    arm_rfft_fast_sR_f32_len128              0x080e1ebc   Data          24  commontables.o(.constdata)
    arm_rfft_fast_sR_f32_len256              0x080e1ed4   Data          24  commontables.o(.constdata)
    arm_rfft_fast_sR_f32_len512              0x080e1eec   Data          24  commontables.o(.constdata)
    arm_rfft_fast_sR_f32_len1024             0x080e1f04   Data          24  commontables.o(.constdata)
    arm_rfft_fast_sR_f32_len2048             0x080e1f1c   Data          24  commontables.o(.constdata)
    arm_rfft_fast_sR_f32_len4096             0x080e1f34   Data          24  commontables.o(.constdata)
    arm_rfft_sR_q31_len32                    0x080e1f4c   Data          24  commontables.o(.constdata)
    arm_rfft_sR_q31_len64                    0x080e1f64   Data          24  commontables.o(.constdata)
    arm_rfft_sR_q31_len128                   0x080e1f7c   Data          24  commontables.o(.constdata)
    arm_rfft_sR_q31_len256                   0x080e1f94   Data          24  commontables.o(.constdata)
    arm_rfft_sR_q31_len512                   0x080e1fac   Data          24  commontables.o(.constdata)
    arm_rfft_sR_q31_len1024                  0x080e1fc4   Data          24  commontables.o(.constdata)
    arm_rfft_sR_q31_len2048                  0x080e1fdc   Data          24  commontables.o(.constdata)
    arm_rfft_sR_q31_len4096                  0x080e1ff4   Data          24  commontables.o(.constdata)
    arm_rfft_sR_q31_len8192                  0x080e200c   Data          24  commontables.o(.constdata)
    arm_rfft_sR_q15_len32                    0x080e2024   Data          24  commontables.o(.constdata)
    arm_rfft_sR_q15_len64                    0x080e203c   Data          24  commontables.o(.constdata)
    arm_rfft_sR_q15_len128                   0x080e2054   Data          24  commontables.o(.constdata)
    arm_rfft_sR_q15_len256                   0x080e206c   Data          24  commontables.o(.constdata)
    arm_rfft_sR_q15_len512                   0x080e2084   Data          24  commontables.o(.constdata)
    arm_rfft_sR_q15_len1024                  0x080e209c   Data          24  commontables.o(.constdata)
    arm_rfft_sR_q15_len2048                  0x080e20b4   Data          24  commontables.o(.constdata)
    arm_rfft_sR_q15_len4096                  0x080e20cc   Data          24  commontables.o(.constdata)
    arm_rfft_sR_q15_len8192                  0x080e20e4   Data          24  commontables.o(.constdata)
    AHBPrescTable                            0x080e20fc   Data          16  system_stm32f4xx.o(.constdata)
    APBPrescTable                            0x080e210c   Data           8  system_stm32f4xx.o(.constdata)
    Region$$Table$$Base                      0x080e2114   Number         0  anon$$obj.o(Region$$Table)
    Region$$Table$$Limit                     0x080e2134   Number         0  anon$$obj.o(Region$$Table)
    freq                                     0x20000000   Data           4  main.o(.data)
    sinus                                    0x20000004   Data           2  main.o(.data)
    noise                                    0x20000006   Data           2  main.o(.data)
    disturbed                                0x20000008   Data           2  main.o(.data)
    filtered                                 0x2000000a   Data           2  main.o(.data)
    low_pass_filter_coeff                    0x2000000c   Data          64  lowpass_fltr.o(.data)
    uwTick                                   0x2000004c   Data           4  stm32f4xx_hal.o(.data)
    uwTickPrio                               0x20000050   Data           4  stm32f4xx_hal.o(.data)
    uwTickFreq                               0x20000054   Data           1  stm32f4xx_hal.o(.data)
    SystemCoreClock                          0x20000058   Data           4  system_stm32f4xx.o(.data)
    Signal_set                               0x2000005c   Data          36  main.o(.bss)
    Noise_set                                0x20000080   Data          36  main.o(.bss)
    low_pass_filter_state                    0x200000a4   Data          66  lowpass_fltr.o(.bss)
    low_pass_filter_set                      0x200000e8   Data          12  lowpass_fltr.o(.bss)
    __libspace_start                         0x200000f4   Data          96  libspace.o(.bss)
    __temporary_stack_top$libspace           0x20000154   Data           0  libspace.o(.bss)



==============================================================================

Memory Map of the image

  Image Entry point : 0x08000229

  Load Region LR_1 (Base: 0x08000000, Size: 0x000e2190, Max: 0xffffffff, ABSOLUTE)

    Execution Region ER_RO (Exec base: 0x08000000, Load base: 0x08000000, Size: 0x000e2134, Max: 0xffffffff, ABSOLUTE)

    Exec Addr    Load Addr    Size         Type   Attr      Idx    E Section Name        Object

    0x08000000   0x08000000   0x00000188   Data   RO         4692    RESET               startup_stm32f407xx.o
    0x08000188   0x08000188   0x00000008   Code   RO         4752  * !!!main             c_w.l(__main.o)
    0x08000190   0x08000190   0x00000034   Code   RO         5072    !!!scatter          c_w.l(__scatter.o)
    0x080001c4   0x080001c4   0x0000001a   Code   RO         5074    !!handler_copy      c_w.l(__scatter_copy.o)
    0x080001de   0x080001de   0x00000002   PAD
    0x080001e0   0x080001e0   0x0000001c   Code   RO         5076    !!handler_zi        c_w.l(__scatter_zi.o)
    0x080001fc   0x080001fc   0x00000002   Code   RO         4943    .ARM.Collect$$libinit$$00000000  c_w.l(libinit.o)
    0x080001fe   0x080001fe   0x00000004   Code   RO         4952    .ARM.Collect$$libinit$$00000001  c_w.l(libinit2.o)
    0x08000202   0x08000202   0x00000000   Code   RO         4955    .ARM.Collect$$libinit$$00000004  c_w.l(libinit2.o)
    0x08000202   0x08000202   0x00000000   Code   RO         4958    .ARM.Collect$$libinit$$0000000A  c_w.l(libinit2.o)
    0x08000202   0x08000202   0x00000000   Code   RO         4960    .ARM.Collect$$libinit$$0000000C  c_w.l(libinit2.o)
    0x08000202   0x08000202   0x00000000   Code   RO         4962    .ARM.Collect$$libinit$$0000000E  c_w.l(libinit2.o)
    0x08000202   0x08000202   0x00000000   Code   RO         4965    .ARM.Collect$$libinit$$00000011  c_w.l(libinit2.o)
    0x08000202   0x08000202   0x00000000   Code   RO         4967    .ARM.Collect$$libinit$$00000013  c_w.l(libinit2.o)
    0x08000202   0x08000202   0x00000000   Code   RO         4969    .ARM.Collect$$libinit$$00000015  c_w.l(libinit2.o)
    0x08000202   0x08000202   0x00000000   Code   RO         4971    .ARM.Collect$$libinit$$00000017  c_w.l(libinit2.o)
    0x08000202   0x08000202   0x00000000   Code   RO         4973    .ARM.Collect$$libinit$$00000019  c_w.l(libinit2.o)
    0x08000202   0x08000202   0x00000000   Code   RO         4975    .ARM.Collect$$libinit$$0000001B  c_w.l(libinit2.o)
    0x08000202   0x08000202   0x00000000   Code   RO         4977    .ARM.Collect$$libinit$$0000001D  c_w.l(libinit2.o)
    0x08000202   0x08000202   0x00000000   Code   RO         4979    .ARM.Collect$$libinit$$0000001F  c_w.l(libinit2.o)
    0x08000202   0x08000202   0x00000000   Code   RO         4981    .ARM.Collect$$libinit$$00000021  c_w.l(libinit2.o)
    0x08000202   0x08000202   0x00000000   Code   RO         4983    .ARM.Collect$$libinit$$00000023  c_w.l(libinit2.o)
    0x08000202   0x08000202   0x00000000   Code   RO         4985    .ARM.Collect$$libinit$$00000025  c_w.l(libinit2.o)
    0x08000202   0x08000202   0x00000000   Code   RO         4989    .ARM.Collect$$libinit$$0000002C  c_w.l(libinit2.o)
    0x08000202   0x08000202   0x00000000   Code   RO         4991    .ARM.Collect$$libinit$$0000002E  c_w.l(libinit2.o)
    0x08000202   0x08000202   0x00000000   Code   RO         4993    .ARM.Collect$$libinit$$00000030  c_w.l(libinit2.o)
    0x08000202   0x08000202   0x00000000   Code   RO         4995    .ARM.Collect$$libinit$$00000032  c_w.l(libinit2.o)
    0x08000202   0x08000202   0x00000002   Code   RO         4996    .ARM.Collect$$libinit$$00000033  c_w.l(libinit2.o)
    0x08000204   0x08000204   0x00000002   Code   RO         5027    .ARM.Collect$$libshutdown$$00000000  c_w.l(libshutdown.o)
    0x08000206   0x08000206   0x00000000   Code   RO         5053    .ARM.Collect$$libshutdown$$00000002  c_w.l(libshutdown2.o)
    0x08000206   0x08000206   0x00000000   Code   RO         5055    .ARM.Collect$$libshutdown$$00000004  c_w.l(libshutdown2.o)
    0x08000206   0x08000206   0x00000000   Code   RO         5057    .ARM.Collect$$libshutdown$$00000006  c_w.l(libshutdown2.o)
    0x08000206   0x08000206   0x00000000   Code   RO         5060    .ARM.Collect$$libshutdown$$00000009  c_w.l(libshutdown2.o)
    0x08000206   0x08000206   0x00000000   Code   RO         5063    .ARM.Collect$$libshutdown$$0000000C  c_w.l(libshutdown2.o)
    0x08000206   0x08000206   0x00000000   Code   RO         5065    .ARM.Collect$$libshutdown$$0000000E  c_w.l(libshutdown2.o)
    0x08000206   0x08000206   0x00000000   Code   RO         5068    .ARM.Collect$$libshutdown$$00000011  c_w.l(libshutdown2.o)
    0x08000206   0x08000206   0x00000002   Code   RO         5069    .ARM.Collect$$libshutdown$$00000012  c_w.l(libshutdown2.o)
    0x08000208   0x08000208   0x00000000   Code   RO         4852    .ARM.Collect$$rtentry$$00000000  c_w.l(__rtentry.o)
    0x08000208   0x08000208   0x00000000   Code   RO         4906    .ARM.Collect$$rtentry$$00000002  c_w.l(__rtentry2.o)
    0x08000208   0x08000208   0x00000006   Code   RO         4918    .ARM.Collect$$rtentry$$00000004  c_w.l(__rtentry4.o)
    0x0800020e   0x0800020e   0x00000000   Code   RO         4908    .ARM.Collect$$rtentry$$00000009  c_w.l(__rtentry2.o)
    0x0800020e   0x0800020e   0x00000004   Code   RO         4909    .ARM.Collect$$rtentry$$0000000A  c_w.l(__rtentry2.o)
    0x08000212   0x08000212   0x00000000   Code   RO         4911    .ARM.Collect$$rtentry$$0000000C  c_w.l(__rtentry2.o)
    0x08000212   0x08000212   0x00000008   Code   RO         4912    .ARM.Collect$$rtentry$$0000000D  c_w.l(__rtentry2.o)
    0x0800021a   0x0800021a   0x00000002   Code   RO         4944    .ARM.Collect$$rtexit$$00000000  c_w.l(rtexit.o)
    0x0800021c   0x0800021c   0x00000000   Code   RO         5000    .ARM.Collect$$rtexit$$00000002  c_w.l(rtexit2.o)
    0x0800021c   0x0800021c   0x00000004   Code   RO         5001    .ARM.Collect$$rtexit$$00000003  c_w.l(rtexit2.o)
    0x08000220   0x08000220   0x00000006   Code   RO         5002    .ARM.Collect$$rtexit$$00000004  c_w.l(rtexit2.o)
    0x08000226   0x08000226   0x00000002   PAD
    0x08000228   0x08000228   0x00000040   Code   RO         4693  * .text               startup_stm32f407xx.o
    0x08000268   0x08000268   0x000000ee   Code   RO         4736    .text               c_w.l(lludivv7m.o)
    0x08000356   0x08000356   0x00000044   Code   RO         4746    .text               c_w.l(rt_memclr.o)
    0x0800039a   0x0800039a   0x0000004e   Code   RO         4748    .text               c_w.l(rt_memclr_w.o)
    0x080003e8   0x080003e8   0x00000006   Code   RO         4750    .text               c_w.l(heapauxi.o)
    0x080003ee   0x080003ee   0x00000002   PAD
    0x080003f0   0x080003f0   0x00000008   Code   RO         4927    .text               c_w.l(libspace.o)
    0x080003f8   0x080003f8   0x0000004a   Code   RO         4930    .text               c_w.l(sys_stackheap_outer.o)
    0x08000442   0x08000442   0x00000012   Code   RO         4932    .text               c_w.l(exit.o)
    0x08000454   0x08000454   0x0000000c   Code   RO         4997    .text               c_w.l(sys_exit.o)
    0x08000460   0x08000460   0x00000002   Code   RO         5016    .text               c_w.l(use_no_semi.o)
    0x08000462   0x08000462   0x00000000   Code   RO         5018    .text               c_w.l(indicate_semi.o)
    0x08000462   0x08000462   0x00000002   PAD
    0x08000464   0x08000464   0x00000028   Code   RO         3978    i.HAL_Delay         stm32f4xx_hal.o
    0x0800048c   0x0800048c   0x0000000c   Code   RO         3984    i.HAL_GetTick       stm32f4xx_hal.o
    0x08000498   0x08000498   0x00000018   Code   RO         3990    i.HAL_IncTick       stm32f4xx_hal.o
    0x080004b0   0x080004b0   0x00000030   Code   RO         3991    i.HAL_Init          stm32f4xx_hal.o
    0x080004e0   0x080004e0   0x0000004c   Code   RO         3992    i.HAL_InitTick      stm32f4xx_hal.o
    0x0800052c   0x0800052c   0x00000002   Code   RO         3994    i.HAL_MspInit       stm32f4xx_hal.o
    0x0800052e   0x0800052e   0x0000007c   Code   RO         4168    i.HAL_NVIC_SetPriority  stm32f4xx_hal_cortex.o
    0x080005aa   0x080005aa   0x00000002   PAD
    0x080005ac   0x080005ac   0x00000028   Code   RO         4169    i.HAL_NVIC_SetPriorityGrouping  stm32f4xx_hal_cortex.o
    0x080005d4   0x080005d4   0x00000184   Code   RO         4538    i.HAL_RCC_ClockConfig  stm32f4xx_hal_rcc.o
    0x08000758   0x08000758   0x0000000c   Code   RO         4543    i.HAL_RCC_GetHCLKFreq  stm32f4xx_hal_rcc.o
    0x08000764   0x08000764   0x000000b0   Code   RO         4547    i.HAL_RCC_GetSysClockFreq  stm32f4xx_hal_rcc.o
    0x08000814   0x08000814   0x00000488   Code   RO         4550    i.HAL_RCC_OscConfig  stm32f4xx_hal_rcc.o
    0x08000c9c   0x08000c9c   0x00000028   Code   RO         4171    i.HAL_SYSTICK_CLKSourceConfig  stm32f4xx_hal_cortex.o
    0x08000cc4   0x08000cc4   0x00000002   Code   RO         4172    i.HAL_SYSTICK_Callback  stm32f4xx_hal_cortex.o
    0x08000cc6   0x08000cc6   0x00000034   Code   RO         4173    i.HAL_SYSTICK_Config  stm32f4xx_hal_cortex.o
    0x08000cfa   0x08000cfa   0x00000008   Code   RO         4174    i.HAL_SYSTICK_IRQHandler  stm32f4xx_hal_cortex.o
    0x08000d02   0x08000d02   0x0000000c   Code   RO          115    i.SysTick_Handler   main.o
    0x08000d0e   0x08000d0e   0x00000002   PAD
    0x08000d10   0x08000d10   0x000000f0   Code   RO            4    i.SystemClock_Config  clock.o
    0x08000e00   0x08000e00   0x0000001c   Code   RO         4701    i.SystemInit        system_stm32f4xx.o
    0x08000e1c   0x08000e1c   0x00000002   Code   RO            5    i._Error_Handler    clock.o
    0x08000e1e   0x08000e1e   0x00000002   PAD
    0x08000e20   0x08000e20   0x00000010   Code   RO         4175    i.__NVIC_GetPriorityGrouping  stm32f4xx_hal_cortex.o
    0x08000e30   0x08000e30   0x00000028   Code   RO         4176    i.__NVIC_SetPriority  stm32f4xx_hal_cortex.o
    0x08000e58   0x08000e58   0x00000028   Code   RO         1392    i.arm_biquad_cascade_df1_init_q15  filteringfunctions.o
    0x08000e80   0x08000e80   0x0000034e   Code   RO         1394    i.arm_biquad_cascade_df1_q15  filteringfunctions.o
    0x080011ce   0x080011ce   0x00000038   Code   RO         1441    i.arm_fir_init_q15  filteringfunctions.o
    0x08001206   0x08001206   0x000000c8   Code   RO         1456    i.arm_fir_q15       filteringfunctions.o
    0x080012ce   0x080012ce   0x00000002   PAD
    0x080012d0   0x080012d0   0x00000030   Code   RO         2962    i.arm_float_to_q15  supportfunctions.o
    0x08001300   0x08001300   0x000000a0   Code   RO         1277    i.arm_sin_f32       fastmathfunctions.o
    0x080013a0   0x080013a0   0x0000001c   Code   RO          199    i.low_pass_filter   lowpass_fltr.o
    0x080013bc   0x080013bc   0x00000020   Code   RO          200    i.low_pass_filter_init  lowpass_fltr.o
    0x080013dc   0x080013dc   0x00000090   Code   RO          116    i.main              main.o
    0x0800146c   0x0800146c   0x0000001a   Code   RO          233    i.sine_calc_sample_q15  sine_generator.o
    0x08001486   0x08001486   0x00000002   PAD
    0x08001488   0x08001488   0x00000134   Code   RO          234    i.sine_generator_init_q15  sine_generator.o
    0x080015bc   0x080015bc   0x0000000a   Code   RO         5012    x$fpl$fpinit        fz_wm.l(fpinit.o)
    0x080015c6   0x080015c6   0x00000002   PAD
    0x080015c8   0x080015c8   0x000e0b34   Data   RO          738    .constdata          commontables.o
    0x080e20fc   0x080e20fc   0x00000018   Data   RO         4702    .constdata          system_stm32f4xx.o
    0x080e2114   0x080e2114   0x00000020   Data   RO         5070    Region$$Table       anon$$obj.o


    Execution Region ER_RW (Exec base: 0x20000000, Load base: 0x080e2134, Size: 0x0000005c, Max: 0xffffffff, ABSOLUTE)

    Exec Addr    Load Addr    Size         Type   Attr      Idx    E Section Name        Object

    0x20000000   0x080e2134   0x0000000c   Data   RW          118    .data               main.o
    0x2000000c   0x080e2140   0x00000040   Data   RW          202    .data               lowpass_fltr.o
    0x2000004c   0x080e2180   0x00000009   Data   RW         3998    .data               stm32f4xx_hal.o
    0x20000055   0x080e2189   0x00000003   PAD
    0x20000058   0x080e218c   0x00000004   Data   RW         4703    .data               system_stm32f4xx.o


    Execution Region ER_ZI (Exec base: 0x2000005c, Load base: 0x080e2190, Size: 0x000006fc, Max: 0xffffffff, ABSOLUTE)

    Exec Addr    Load Addr    Size         Type   Attr      Idx    E Section Name        Object

    0x2000005c        -       0x00000048   Zero   RW          117    .bss                main.o
    0x200000a4        -       0x00000050   Zero   RW          201    .bss                lowpass_fltr.o
    0x200000f4        -       0x00000060   Zero   RW         4928    .bss                c_w.l(libspace.o)
    0x20000154   0x080e2190   0x00000004   PAD
    0x20000158        -       0x00000200   Zero   RW         4691    HEAP                startup_stm32f407xx.o
    0x20000358        -       0x00000400   Zero   RW         4690    STACK               startup_stm32f407xx.o


==============================================================================

Image component sizes


      Code (inc. data)   RO Data    RW Data    ZI Data      Debug   Object Name

         0          0          0          0          0      16532   basicmathfunctions.o
       242         24          0          0          0     631474   clock.o
         0          0     920372          0          0      13627   commontables.o
       160         14          0          0          0        854   fastmathfunctions.o
      1142          0          0          0          0      23708   filteringfunctions.o
        60         18          0         64         80       1807   lowpass_fltr.o
       156         30          0         12         72      18304   main.o
       334         18          0          0          0       1805   sine_generator.o
        64         26        392          0       1536        856   startup_stm32f407xx.o
       202         34          0          9          0      10755   stm32f4xx_hal.o
       322         22          0          0          0      36200   stm32f4xx_hal_cortex.o
      1736         64          0          0          0       5030   stm32f4xx_hal_rcc.o
        48          4          0          0          0        779   supportfunctions.o
        28          4         24          4          0       1447   system_stm32f4xx.o

    ----------------------------------------------------------------------
      4504        258     920820         92       1688     763178   Object Totals
         0          0         32          0          0          0   (incl. Generated)
        10          0          0          3          0          0   (incl. Padding)

    ----------------------------------------------------------------------

      Code (inc. data)   RO Data    RW Data    ZI Data      Debug   Library Member Name

         8          0          0          0          0         68   __main.o
         0          0          0          0          0          0   __rtentry.o
        12          0          0          0          0          0   __rtentry2.o
         6          0          0          0          0          0   __rtentry4.o
        52          8          0          0          0          0   __scatter.o
        26          0          0          0          0          0   __scatter_copy.o
        28          0          0          0          0          0   __scatter_zi.o
        18          0          0          0          0         80   exit.o
         6          0          0          0          0        152   heapauxi.o
         0          0          0          0          0          0   indicate_semi.o
         2          0          0          0          0          0   libinit.o
         6          0          0          0          0          0   libinit2.o
         2          0          0          0          0          0   libshutdown.o
         2          0          0          0          0          0   libshutdown2.o
         8          4          0          0         96         68   libspace.o
       238          0          0          0          0        100   lludivv7m.o
        68          0          0          0          0         68   rt_memclr.o
        78          0          0          0          0         80   rt_memclr_w.o
         2          0          0          0          0          0   rtexit.o
        10          0          0          0          0          0   rtexit2.o
        12          4          0          0          0         68   sys_exit.o
        74          0          0          0          0         80   sys_stackheap_outer.o
         2          0          0          0          0         68   use_no_semi.o
        10          0          0          0          0        116   fpinit.o

    ----------------------------------------------------------------------
       680         16          0          0        100        948   Library Totals
        10          0          0          0          4          0   (incl. Padding)

    ----------------------------------------------------------------------

      Code (inc. data)   RO Data    RW Data    ZI Data      Debug   Library Name

       660         16          0          0         96        832   c_w.l
        10          0          0          0          0        116   fz_wm.l

    ----------------------------------------------------------------------
       680         16          0          0        100        948   Library Totals

    ----------------------------------------------------------------------

==============================================================================


      Code (inc. data)   RO Data    RW Data    ZI Data      Debug   

      5184        274     920820         92       1788     761214   Grand Totals
      5184        274     920820         92       1788     761214   ELF Image Totals
      5184        274     920820         92          0          0   ROM Totals

==============================================================================

    Total RO  Size (Code + RO Data)               926004 ( 904.30kB)
    Total RW  Size (RW Data + ZI Data)              1880 (   1.84kB)
    Total ROM Size (Code + RO Data + RW Data)     926096 ( 904.39kB)

==============================================================================

